../MCAL/RCC/RCC.c:37:8:RCC_getSYSCLK_Freq	16	static
../MCAL/RCC/RCC.c:69:8:RCC_getPCKL1_Freq	8	static
../MCAL/RCC/RCC.c:73:8:RCC_getPCKL2_Freq	8	static
../MCAL/RCC/RCC.c:77:8:RCC_getHCKL_Freq	8	static
../MCAL/RCC/RCC.c:82:6:RCC_init	16	static
../MCAL/RCC/RCC.c:168:6:RCC_CLK_EN	16	static
../MCAL/RCC/RCC.c:182:6:RCC_CLK_RST	16	static
../MCAL/RCC/RCC.c:195:6:RCC_setAPB1Prescalar	16	static
../MCAL/RCC/RCC.c:198:6:RCC_setAPB2Prescalar	16	static
../MCAL/RCC/RCC.c:202:6:RCC_setAHBPrescalar	16	static
../MCAL/RCC/RCC.c:206:6:RCC_setADCPrescalar	16	static
