../HAL/LCD/LCD.c:12:6:isBusy	8	static
../HAL/LCD/LCD.c:55:6:lcd_init	8	static
../HAL/LCD/LCD.c:144:6:lcd_Send_Command	16	static
../HAL/LCD/LCD.c:177:6:lcd_Send_Char	16	static
../HAL/LCD/LCD.c:229:6:lcd_send_String	16	static
../HAL/LCD/LCD.c:236:6:lcd_GOTO_XY	16	static
../HAL/LCD/LCD.c:255:6:lcd_Clear_Screen	8	static
../HAL/LCD/LCD.c:259:6:lcd_display_number	24	static
../HAL/LCD/LCD.c:265:6:lcd_display_Real_number	72	static
../HAL/LCD/LCD.c:279:6:lcd_kick	8	static
../HAL/LCD/LCD.c:286:6:LCD_createCustomCharacter	24	static
