Archive member included to satisfy reference by file (symbol)

C:/ST/STM32CubeIDE_1.4.0/STM32CubeIDE/plugins/com.st.stm32cube.ide.mcu.externaltools.gnu-tools-for-stm32.12.3.rel1.win32_1.1.0.202410251130/tools/bin/../lib/gcc/arm-none-eabi/12.3.1/../../../../arm-none-eabi/lib/thumb/v7-m/nofp\libc_nano.a(libc_a-exit.o)
                              C:/ST/STM32CubeIDE_1.4.0/STM32CubeIDE/plugins/com.st.stm32cube.ide.mcu.externaltools.gnu-tools-for-stm32.12.3.rel1.win32_1.1.0.202410251130/tools/bin/../lib/gcc/arm-none-eabi/12.3.1/../../../../arm-none-eabi/lib/thumb/v7-m/nofp/crt0.o (exit)
C:/ST/STM32CubeIDE_1.4.0/STM32CubeIDE/plugins/com.st.stm32cube.ide.mcu.externaltools.gnu-tools-for-stm32.12.3.rel1.win32_1.1.0.202410251130/tools/bin/../lib/gcc/arm-none-eabi/12.3.1/../../../../arm-none-eabi/lib/thumb/v7-m/nofp\libc_nano.a(libc_a-malloc.o)
                              ./Lib/JSON/cJSON.o (malloc)
C:/ST/STM32CubeIDE_1.4.0/STM32CubeIDE/plugins/com.st.stm32cube.ide.mcu.externaltools.gnu-tools-for-stm32.12.3.rel1.win32_1.1.0.202410251130/tools/bin/../lib/gcc/arm-none-eabi/12.3.1/../../../../arm-none-eabi/lib/thumb/v7-m/nofp\libc_nano.a(libc_a-mallocr.o)
                              C:/ST/STM32CubeIDE_1.4.0/STM32CubeIDE/plugins/com.st.stm32cube.ide.mcu.externaltools.gnu-tools-for-stm32.12.3.rel1.win32_1.1.0.202410251130/tools/bin/../lib/gcc/arm-none-eabi/12.3.1/../../../../arm-none-eabi/lib/thumb/v7-m/nofp\libc_nano.a(libc_a-malloc.o) (_malloc_r)
C:/ST/STM32CubeIDE_1.4.0/STM32CubeIDE/plugins/com.st.stm32cube.ide.mcu.externaltools.gnu-tools-for-stm32.12.3.rel1.win32_1.1.0.202410251130/tools/bin/../lib/gcc/arm-none-eabi/12.3.1/../../../../arm-none-eabi/lib/thumb/v7-m/nofp\libc_nano.a(libc_a-mlock.o)
                              C:/ST/STM32CubeIDE_1.4.0/STM32CubeIDE/plugins/com.st.stm32cube.ide.mcu.externaltools.gnu-tools-for-stm32.12.3.rel1.win32_1.1.0.202410251130/tools/bin/../lib/gcc/arm-none-eabi/12.3.1/../../../../arm-none-eabi/lib/thumb/v7-m/nofp\libc_nano.a(libc_a-mallocr.o) (__malloc_lock)
C:/ST/STM32CubeIDE_1.4.0/STM32CubeIDE/plugins/com.st.stm32cube.ide.mcu.externaltools.gnu-tools-for-stm32.12.3.rel1.win32_1.1.0.202410251130/tools/bin/../lib/gcc/arm-none-eabi/12.3.1/../../../../arm-none-eabi/lib/thumb/v7-m/nofp\libc_nano.a(libc_a-realloc.o)
                              ./Lib/JSON/cJSON.o (realloc)
C:/ST/STM32CubeIDE_1.4.0/STM32CubeIDE/plugins/com.st.stm32cube.ide.mcu.externaltools.gnu-tools-for-stm32.12.3.rel1.win32_1.1.0.202410251130/tools/bin/../lib/gcc/arm-none-eabi/12.3.1/../../../../arm-none-eabi/lib/thumb/v7-m/nofp\libc_nano.a(libc_a-reallocr.o)
                              C:/ST/STM32CubeIDE_1.4.0/STM32CubeIDE/plugins/com.st.stm32cube.ide.mcu.externaltools.gnu-tools-for-stm32.12.3.rel1.win32_1.1.0.202410251130/tools/bin/../lib/gcc/arm-none-eabi/12.3.1/../../../../arm-none-eabi/lib/thumb/v7-m/nofp\libc_nano.a(libc_a-realloc.o) (_realloc_r)
C:/ST/STM32CubeIDE_1.4.0/STM32CubeIDE/plugins/com.st.stm32cube.ide.mcu.externaltools.gnu-tools-for-stm32.12.3.rel1.win32_1.1.0.202410251130/tools/bin/../lib/gcc/arm-none-eabi/12.3.1/../../../../arm-none-eabi/lib/thumb/v7-m/nofp\libc_nano.a(libc_a-strtod.o)
                              ./Lib/JSON/cJSON.o (strtod)
C:/ST/STM32CubeIDE_1.4.0/STM32CubeIDE/plugins/com.st.stm32cube.ide.mcu.externaltools.gnu-tools-for-stm32.12.3.rel1.win32_1.1.0.202410251130/tools/bin/../lib/gcc/arm-none-eabi/12.3.1/../../../../arm-none-eabi/lib/thumb/v7-m/nofp\libc_nano.a(libc_a-strtol.o)
                              ./Lib/JSON/JSON_Parser.o (strtol)
C:/ST/STM32CubeIDE_1.4.0/STM32CubeIDE/plugins/com.st.stm32cube.ide.mcu.externaltools.gnu-tools-for-stm32.12.3.rel1.win32_1.1.0.202410251130/tools/bin/../lib/gcc/arm-none-eabi/12.3.1/../../../../arm-none-eabi/lib/thumb/v7-m/nofp\libc_nano.a(libc_a-ctype_.o)
                              ./Lib/JSON/cJSON.o (_ctype_)
C:/ST/STM32CubeIDE_1.4.0/STM32CubeIDE/plugins/com.st.stm32cube.ide.mcu.externaltools.gnu-tools-for-stm32.12.3.rel1.win32_1.1.0.202410251130/tools/bin/../lib/gcc/arm-none-eabi/12.3.1/../../../../arm-none-eabi/lib/thumb/v7-m/nofp\libc_nano.a(libc_a-findfp.o)
                              C:/ST/STM32CubeIDE_1.4.0/STM32CubeIDE/plugins/com.st.stm32cube.ide.mcu.externaltools.gnu-tools-for-stm32.12.3.rel1.win32_1.1.0.202410251130/tools/bin/../lib/gcc/arm-none-eabi/12.3.1/../../../../arm-none-eabi/lib/thumb/v7-m/nofp\libc_nano.a(libc_a-exit.o) (__stdio_exit_handler)
C:/ST/STM32CubeIDE_1.4.0/STM32CubeIDE/plugins/com.st.stm32cube.ide.mcu.externaltools.gnu-tools-for-stm32.12.3.rel1.win32_1.1.0.202410251130/tools/bin/../lib/gcc/arm-none-eabi/12.3.1/../../../../arm-none-eabi/lib/thumb/v7-m/nofp\libc_nano.a(libc_a-fwalk.o)
                              C:/ST/STM32CubeIDE_1.4.0/STM32CubeIDE/plugins/com.st.stm32cube.ide.mcu.externaltools.gnu-tools-for-stm32.12.3.rel1.win32_1.1.0.202410251130/tools/bin/../lib/gcc/arm-none-eabi/12.3.1/../../../../arm-none-eabi/lib/thumb/v7-m/nofp\libc_nano.a(libc_a-findfp.o) (_fwalk_sglue)
[...]
Memory Configuration

Name             Origin             Length             Attributes
RAM              0x20000000         0x00005000         xrw
FLASH            0x08000000         0x00010000         xr
*default*        0x00000000         0xffffffff

Linker script and memory map

LOAD C:/ST/STM32CubeIDE_1.4.0/STM32CubeIDE/plugins/com.st.stm32cube.ide.mcu.externaltools.gnu-tools-for-stm32.12.3.rel1.win32_1.1.0.202410251130/tools/bin/../lib/gcc/arm-none-eabi/12.3.1/thumb/v7-m/nofp/crti.o
LOAD C:/ST/STM32CubeIDE_1.4.0/STM32CubeIDE/plugins/com.st.stm32cube.ide.mcu.externaltools.gnu-tools-for-stm32.12.3.rel1.win32_1.1.0.202410251130/tools/bin/../lib/gcc/arm-none-eabi/12.3.1/thumb/v7-m/nofp/crtbegin.o
LOAD C:/ST/STM32CubeIDE_1.4.0/STM32CubeIDE/plugins/com.st.stm32cube.ide.mcu.externaltools.gnu-tools-for-stm32.12.3.rel1.win32_1.1.0.202410251130/tools/bin/../lib/gcc/arm-none-eabi/12.3.1/../../../../arm-none-eabi/lib/thumb/v7-m/nofp/crt0.o
LOAD ./FreeRTOS/Source/croutine.o
LOAD ./FreeRTOS/Source/event_groups.o
LOAD ./FreeRTOS/Source/list.o
LOAD ./FreeRTOS/Source/queue.o
LOAD ./FreeRTOS/Source/stream_buffer.o
LOAD ./FreeRTOS/Source/tasks.o
LOAD ./FreeRTOS/Source/timers.o
LOAD ./FreeRTOS/Source/portable/GCC/ARM_CM3/port.o
LOAD ./FreeRTOS/Source/portable/MemMang/heap_4.o
LOAD ./HAL/LCD/LCD.o
LOAD ./HAL/LDR/LDR.o
LOAD ./HAL/LM35/LM35.o
LOAD ./HAL/Node/Node.o
LOAD ./HAL/RelayModule/Relay.o
LOAD ./Lib/JSON/JSON_Parser.o
LOAD ./Lib/JSON/cJSON.o
LOAD ./MCAL/ADC/ADC.o
LOAD ./MCAL/EXTI/EXTI.o
LOAD ./MCAL/GPIO/GPIO.o
LOAD ./MCAL/NVIC/NVIC.o
LOAD ./MCAL/RCC/RCC.o
LOAD ./MCAL/SYSTICK/SYSTICK.o
LOAD ./MCAL/USART/USART.o
LOAD ./Src/main.o
LOAD ./Src/syscalls.o
LOAD ./Src/sysmem.o
LOAD ./Startup/startup_stm32f103c8tx.o
START GROUP
LOAD C:/ST/STM32CubeIDE_1.4.0/STM32CubeIDE/plugins/com.st.stm32cube.ide.mcu.externaltools.gnu-tools-for-stm32.12.3.rel1.win32_1.1.0.202410251130/tools/bin/../lib/gcc/arm-none-eabi/12.3.1/../../../../arm-none-eabi/lib/thumb/v7-m/nofp\libc_nano.a
LOAD C:/ST/STM32CubeIDE_1.4.0/STM32CubeIDE/plugins/com.st.stm32cube.ide.mcu.externaltools.gnu-tools-for-stm32.12.3.rel1.win32_1.1.0.202410251130/tools/bin/../lib/gcc/arm-none-eabi/12.3.1/../../../../arm-none-eabi/lib/thumb/v7-m/nofp\libm.a
END GROUP
START GROUP
LOAD C:/ST/STM32CubeIDE_1.4.0/STM32CubeIDE/plugins/com.st.stm32cube.ide.mcu.externaltools.gnu-tools-for-stm32.12.3.rel1.win32_1.1.0.202410251130/tools/bin/../lib/gcc/arm-none-eabi/12.3.1/thumb/v7-m/nofp\libgcc.a
LOAD C:/ST/STM32CubeIDE_1.4.0/STM32CubeIDE/plugins/com.st.stm32cube.ide.mcu.externaltools.gnu-tools-for-stm32.12.3.rel1.win32_1.1.0.202410251130/tools/bin/../lib/gcc/arm-none-eabi/12.3.1/../../../../arm-none-eabi/lib/thumb/v7-m/nofp\libc_nano.a
END GROUP
START GROUP
LOAD C:/ST/STM32CubeIDE_1.4.0/STM32CubeIDE/plugins/com.st.stm32cube.ide.mcu.externaltools.gnu-tools-for-stm32.12.3.rel1.win32_1.1.0.202410251130/tools/bin/../lib/gcc/arm-none-eabi/12.3.1/thumb/v7-m/nofp\libgcc.a
LOAD C:/ST/STM32CubeIDE_1.4.0/STM32CubeIDE/plugins/com.st.stm32cube.ide.mcu.externaltools.gnu-tools-for-stm32.12.3.rel1.win32_1.1.0.202410251130/tools/bin/../lib/gcc/arm-none-eabi/12.3.1/../../../../arm-none-eabi/lib/thumb/v7-m/nofp\libc_nano.a
LOAD C:/ST/STM32CubeIDE_1.4.0/STM32CubeIDE/plugins/com.st.stm32cube.ide.mcu.externaltools.gnu-tools-for-stm32.12.3.rel1.win32_1.1.0.202410251130/tools/bin/../lib/gcc/arm-none-eabi/12.3.1/../../../../arm-none-eabi/lib/thumb/v7-m/nofp\libnosys.a
END GROUP
START GROUP
LOAD C:/ST/STM32CubeIDE_1.4.0/STM32CubeIDE/plugins/com.st.stm32cube.ide.mcu.externaltools.gnu-tools-for-stm32.12.3.rel1.win32_1.1.0.202410251130/tools/bin/../lib/gcc/arm-none-eabi/12.3.1/thumb/v7-m/nofp\libgcc.a
LOAD C:/ST/STM32CubeIDE_1.4.0/STM32CubeIDE/plugins/com.st.stm32cube.ide.mcu.externaltools.gnu-tools-for-stm32.12.3.rel1.win32_1.1.0.202410251130/tools/bin/../lib/gcc/arm-none-eabi/12.3.1/../../../../arm-none-eabi/lib/thumb/v7-m/nofp\libc_nano.a
LOAD C:/ST/STM32CubeIDE_1.4.0/STM32CubeIDE/plugins/com.st.stm32cube.ide.mcu.externaltools.gnu-tools-for-stm32.12.3.rel1.win32_1.1.0.202410251130/tools/bin/../lib/gcc/arm-none-eabi/12.3.1/../../../../arm-none-eabi/lib/thumb/v7-m/nofp\libnosys.a
END GROUP
LOAD C:/ST/STM32CubeIDE_1.4.0/STM32CubeIDE/plugins/com.st.stm32cube.ide.mcu.externaltools.gnu-tools-for-stm32.12.3.rel1.win32_1.1.0.202410251130/tools/bin/../lib/gcc/arm-none-eabi/12.3.1/thumb/v7-m/nofp/crtend.o
LOAD C:/ST/STM32CubeIDE_1.4.0/STM32CubeIDE/plugins/com.st.stm32cube.ide.mcu.externaltools.gnu-tools-for-stm32.12.3.rel1.win32_1.1.0.202410251130/tools/bin/../lib/gcc/arm-none-eabi/12.3.1/thumb/v7-m/nofp/crtn.o
                0x20005000                        _estack = (ORIGIN (RAM) + LENGTH (RAM))
                0x00000200                        _Min_Heap_Size = 0x200
                0x00000400                        _Min_Stack_Size = 0x400

.isr_vector     0x08000000      0x130
                0x08000000                        . = ALIGN (0x4)
 *(.isr_vector)
 .isr_vector    0x08000000      0x130 ./Startup/startup_stm32f103c8tx.o
                0x08000000                g_pfnVectors
                0x08000130                        . = ALIGN (0x4)

.text           0x08000130     0x7b34
                0x08000130                        . = ALIGN (0x4)
 *(.text)
 .text          0x08000130       0x40 C:/ST/STM32CubeIDE_1.4.0/STM32CubeIDE/plugins/com.st.stm32cube.ide.mcu.externaltools.gnu-tools-for-stm32.12.3.rel1.win32_1.1.0.202410251130/tools/bin/../lib/gcc/arm-none-eabi/12.3.1/thumb/v7-m/nofp/crtbegin.o
 .text          0x08000170       0x14 C:/ST/STM32CubeIDE_1.4.0/STM32CubeIDE/plugins/com.st.stm32cube.ide.mcu.externaltools.gnu-tools-for-stm32.12.3.rel1.win32_1.1.0.202410251130/tools/bin/../lib/gcc/arm-none-eabi/12.3.1/../../../../arm-none-eabi/lib/thumb/v7-m/nofp\libc_nano.a(libc_a-strcmp.o)
                0x08000170                strcmp
 .text          0x08000184       0x10 C:/ST/STM32CubeIDE_1.4.0/STM32CubeIDE/plugins/com.st.stm32cube.ide.mcu.externaltools.gnu-tools-for-stm32.12.3.rel1.win32_1.1.0.202410251130/tools/bin/../lib/gcc/arm-none-eabi/12.3.1/../../../../arm-none-eabi/lib/thumb/v7-m/nofp\libc_nano.a(libc_a-strlen.o)
                0x08000184                strlen
 .text          0x08000194      0x378 C:/ST/STM32CubeIDE_1.4.0/STM32CubeIDE/plugins/com.st.stm32cube.ide.mcu.externaltools.gnu-tools-for-stm32.12.3.rel1.win32_1.1.0.202410251130/tools/bin/../lib/gcc/arm-none-eabi/12.3.1/thumb/v7-m/nofp\libgcc.a(_arm_addsubdf3.o)
                0x08000194                __aeabi_drsub
                0x0800019c                __aeabi_dsub
                0x0800019c                __subdf3
                0x080001a0                __aeabi_dadd
                0x080001a0                __adddf3
                0x08000418                __floatunsidf
                0x08000418                __aeabi_ui2d
                0x08000438                __floatsidf
                0x08000438                __aeabi_i2d
                0x0800045c                __aeabi_f2d
                0x0800045c                __extendsfdf2
                0x080004a0                __floatundidf
                0x080004a0                __aeabi_ul2d
                0x080004b0                __floatdidf
                0x080004b0                __aeabi_l2d
 .text          0x0800050c      0x424 C:/ST/STM32CubeIDE_1.4.0/STM32CubeIDE/plugins/com.st.stm32cube.ide.mcu.externaltools.gnu-tools-for-stm32.12.3.rel1.win32_1.1.0.202410251130/tools/bin/../lib/gcc/arm-none-eabi/12.3.1/thumb/v7-m/nofp\libgcc.a(_arm_muldivdf3.o)
                0x0800050c                __aeabi_dmul
                0x0800050c                __muldf3
                0x08000760                __divdf3
                0x08000760                __aeabi_ddiv
 .text          0x08000930      0x110 C:/ST/STM32CubeIDE_1.4.0/STM32CubeIDE/plugins/com.st.stm32cube.ide.mcu.externaltools.gnu-tools-for-stm32.12.3.rel1.win32_1.1.0.202410251130/tools/bin/../lib/gcc/arm-none-eabi/12.3.1/thumb/v7-m/nofp\libgcc.a(_arm_cmpdf2.o)
                0x08000930                __gtdf2
                0x08000930                __gedf2
                0x08000938                __ltdf2
                0x08000938                __ledf2
                0x08000940                __nedf2
                0x08000940                __eqdf2
                0x08000940                __cmpdf2
                0x080009bc                __aeabi_cdrcmple
                0x080009cc                __aeabi_cdcmpeq
                0x080009cc                __aeabi_cdcmple
                0x080009dc                __aeabi_dcmpeq
                0x080009f0                __aeabi_dcmplt
                0x08000a04                __aeabi_dcmple
                0x08000a18                __aeabi_dcmpge
                0x08000a2c                __aeabi_dcmpgt
 .text          0x08000a40       0x2c C:/ST/STM32CubeIDE_1.4.0/STM32CubeIDE/plugins/com.st.stm32cube.ide.mcu.externaltools.gnu-tools-for-stm32.12.3.rel1.win32_1.1.0.202410251130/tools/bin/../lib/gcc/arm-none-eabi/12.3.1/thumb/v7-m/nofp\libgcc.a(_arm_unorddf2.o)
                0x08000a40                __unorddf2
                0x08000a40                __aeabi_dcmpun
 .text          0x08000a6c       0x50 C:/ST/STM32CubeIDE_1.4.0/STM32CubeIDE/plugins/com.st.stm32cube.ide.mcu.externaltools.gnu-tools-for-stm32.12.3.rel1.win32_1.1.0.202410251130/tools/bin/../lib/gcc/arm-none-eabi/12.3.1/thumb/v7-m/nofp\libgcc.a(_arm_fixdfsi.o)
                0x08000a6c                __aeabi_d2iz
                0x08000a6c                __fixdfsi
 .text          0x08000abc       0x40 C:/ST/STM32CubeIDE_1.4.0/STM32CubeIDE/plugins/com.st.stm32cube.ide.mcu.externaltools.gnu-tools-for-stm32.12.3.rel1.win32_1.1.0.202410251130/tools/bin/../lib/gcc/arm-none-eabi/12.3.1/thumb/v7-m/nofp\libgcc.a(_arm_fixunsdfsi.o)
                0x08000abc                __aeabi_d2uiz
                0x08000abc                __fixunsdfsi
 .text          0x08000afc       0x30 C:/ST/STM32CubeIDE_1.4.0/STM32CubeIDE/plugins/com.st.stm32cube.ide.mcu.externaltools.gnu-tools-for-stm32.12.3.rel1.win32_1.1.0.202410251130/tools/bin/../lib/gcc/arm-none-eabi/12.3.1/thumb/v7-m/nofp\libgcc.a(_fixdfdi.o)
                0x08000afc                __fixdfdi
                0x08000afc                __aeabi_d2lz
 .text          0x08000b2c       0x3c C:/ST/STM32CubeIDE_1.4.0/STM32CubeIDE/plugins/com.st.stm32cube.ide.mcu.externaltools.gnu-tools-for-stm32.12.3.rel1.win32_1.1.0.202410251130/tools/bin/../lib/gcc/arm-none-eabi/12.3.1/thumb/v7-m/nofp\libgcc.a(_fixunsdfdi.o)
                0x08000b2c                __fixunsdfdi
                0x08000b2c                __aeabi_d2ulz
 *(.text*)
 .text.LDR_init
                0x08000b68       0x1c ./HAL/LDR/LDR.o
                0x08000b68                LDR_init
 .text.LDR_Read
                0x08000b84       0x20 ./HAL/LDR/LDR.o
                0x08000b84                LDR_Read
 .text.LM35_init
                0x08000ba4       0x16 ./HAL/LM35/LM35.o
                0x08000ba4                LM35_init
 *fill*         0x08000bba        0x2 
 .text.LM35_Read
                0x08000bbc       0x44 ./HAL/LM35/LM35.o
                0x08000bbc                LM35_Read
 .text.enableNode
                0x08000c00       0xcc ./HAL/Node/Node.o
                0x08000c00                enableNode
 .text.disableNode
                0x08000ccc       0x20 ./HAL/Node/Node.o
                0x08000ccc                disableNode
 .text.actOnNode
                0x08000cec       0x34 ./HAL/Node/Node.o
                0x08000cec                actOnNode
 .text.getNodeStatus
                0x08000d20       0x4c ./HAL/Node/Node.o
                0x08000d20                getNodeStatus
 .text.setNodeDuration
                0x08000d6c       0x1a ./HAL/Node/Node.o
                0x08000d6c                setNodeDuration
 *fill*         0x08000d86        0x2 
 .text.getNodeReading
                0x08000d88       0x84 ./HAL/Node/Node.o
                0x08000d88                getNodeReading
 .text.Relay_setPin
                0x08000e0c       0x24 ./HAL/RelayModule/Relay.o
                0x08000e0c                Relay_setPin
 .text.JSON_parseString
                0x08000e30       0xe0 ./Lib/JSON/JSON_Parser.o
                0x08000e30                JSON_parseString
 .text.JSON_createString
                0x08000f10       0x54 ./Lib/JSON/JSON_Parser.o
                0x08000f10                JSON_createString
 .text.case_insensitive_strcmp
                0x08000f64       0xd8 ./Lib/JSON/cJSON.o
 .text.cJSON_strdup
                0x0800103c       0x50 ./Lib/JSON/cJSON.o
 .text.cJSON_New_Item
                0x0800108c       0x2c ./Lib/JSON/cJSON.o
 .text.cJSON_Delete
                0x080010b8       0xa0 ./Lib/JSON/cJSON.o
                0x080010b8                cJSON_Delete
 .text.get_decimal_point
                0x08001158        0xe ./Lib/JSON/cJSON.o
 *fill*         0x08001166        0x2 
 .text.parse_number
                0x08001168      0x198 ./Lib/JSON/cJSON.o
 .text.ensure   0x08001300      0x134 ./Lib/JSON/cJSON.o
 .text.update_offset
                0x08001434       0x42 ./Lib/JSON/cJSON.o
 *fill*         0x08001476        0x2 
 .text.compare_double
                0x08001478       0xa0 ./Lib/JSON/cJSON.o
 .text.print_number
                0x08001518      0x1d8 ./Lib/JSON/cJSON.o
 .text.parse_hex4
                0x080016f0       0xc2 ./Lib/JSON/cJSON.o
 *fill*         0x080017b2        0x2 
 .text.utf16_literal_to_utf8
                0x080017b4      0x1d0 ./Lib/JSON/cJSON.o
 .text.parse_string
                0x08001984      0x290 ./Lib/JSON/cJSON.o
 .text.print_string_ptr
                0x08001c14      0x260 ./Lib/JSON/cJSON.o
 .text.print_string
                0x08001e74       0x20 ./Lib/JSON/cJSON.o
 .text.buffer_skip_whitespace
                0x08001e94       0x7e ./Lib/JSON/cJSON.o
 *fill*         0x08001f12        0x2 
 .text.skip_utf8_bom
                0x08001f14       0x68 ./Lib/JSON/cJSON.o
 .text.cJSON_ParseWithOpts
                0x08001f7c       0x38 ./Lib/JSON/cJSON.o
                0x08001f7c                cJSON_ParseWithOpts
 .text.cJSON_ParseWithLengthOpts
                0x08001fb4      0x134 ./Lib/JSON/cJSON.o
                0x08001fb4                cJSON_ParseWithLengthOpts
 .text.cJSON_Parse
                0x080020e8       0x1c ./Lib/JSON/cJSON.o
                0x080020e8                cJSON_Parse
 .text.print    0x08002104      0x114 ./Lib/JSON/cJSON.o
 .text.cJSON_PrintUnformatted
                0x08002218       0x20 ./Lib/JSON/cJSON.o
                0x08002218                cJSON_PrintUnformatted
 .text.parse_value
                0x08002238      0x1d8 ./Lib/JSON/cJSON.o
 .text.print_value
                0x08002410      0x1c8 ./Lib/JSON/cJSON.o
 .text.parse_array
                0x080025d8      0x188 ./Lib/JSON/cJSON.o
 .text.print_array
                0x08002760      0x10c ./Lib/JSON/cJSON.o
 .text.parse_object
                0x0800286c      0x218 ./Lib/JSON/cJSON.o
 .text.print_object
                0x08002a84      0x23c ./Lib/JSON/cJSON.o
 .text.get_object_item
                0x08002cc0       0x90 ./Lib/JSON/cJSON.o
 .text.cJSON_GetObjectItem
                0x08002d50       0x1e ./Lib/JSON/cJSON.o
                0x08002d50                cJSON_GetObjectItem
 .text.suffix_object
                0x08002d6e       0x20 ./Lib/JSON/cJSON.o
 .text.add_item_to_array
                0x08002d8e       0x6c ./Lib/JSON/cJSON.o
 .text.cast_away_const
                0x08002dfa       0x14 ./Lib/JSON/cJSON.o
 .text.add_item_to_object
                0x08002e0e       0xaa ./Lib/JSON/cJSON.o
 .text.cJSON_AddStringToObject
                0x08002eb8       0x44 ./Lib/JSON/cJSON.o
                0x08002eb8                cJSON_AddStringToObject
 .text.cJSON_CreateString
                0x08002efc       0x4c ./Lib/JSON/cJSON.o
                0x08002efc                cJSON_CreateString
 .text.cJSON_CreateObject
                0x08002f48       0x28 ./Lib/JSON/cJSON.o
                0x08002f48                cJSON_CreateObject
 .text.cJSON_IsString
                0x08002f70       0x2c ./Lib/JSON/cJSON.o
                0x08002f70                cJSON_IsString
 .text.ADC_init
                0x08002f9c       0x5c ./MCAL/ADC/ADC.o
                0x08002f9c                ADC_init
 .text.ADC_read
                0x08002ff8      0x2d8 ./MCAL/ADC/ADC.o
                0x08002ff8                ADC_read
 .text.EXTI0_IRQHandler
                0x080032d0       0x24 ./MCAL/EXTI/EXTI.o
                0x080032d0                EXTI0_IRQHandler
 .text.EXTI1_IRQHandler
                0x080032f4       0x24 ./MCAL/EXTI/EXTI.o
                0x080032f4                EXTI1_IRQHandler
 .text.EXTI2_IRQHandler
                0x08003318       0x24 ./MCAL/EXTI/EXTI.o
                0x08003318                EXTI2_IRQHandler
 .text.EXTI3_IRQHandler
                0x0800333c       0x24 ./MCAL/EXTI/EXTI.o
                0x0800333c                EXTI3_IRQHandler
 .text.EXTI4_IRQHandler
                0x08003360       0x24 ./MCAL/EXTI/EXTI.o
                0x08003360                EXTI4_IRQHandler
 .text.EXTI9_5_IRQHandler
                0x08003384       0xb0 ./MCAL/EXTI/EXTI.o
                0x08003384                EXTI9_5_IRQHandler
 .text.EXTI15_10_IRQHandler
                0x08003434       0xd0 ./MCAL/EXTI/EXTI.o
                0x08003434                EXTI15_10_IRQHandler
 .text.Get_CRLH_Position
                0x08003504      0x19c ./MCAL/GPIO/GPIO.o
                0x08003504                Get_CRLH_Position
 .text.GPIO_init
                0x080036a0       0xf8 ./MCAL/GPIO/GPIO.o
                0x080036a0                GPIO_init
 .text.GPIO_WritePin
                0x08003798       0x3c ./MCAL/GPIO/GPIO.o
                0x08003798                GPIO_WritePin
 .text.NVIC_Enable
                0x080037d4       0x58 ./MCAL/NVIC/NVIC.o
                0x080037d4                NVIC_Enable
 .text.RCC_getSYSCLK_Freq
                0x0800382c       0x9c ./MCAL/RCC/RCC.o
                0x0800382c                RCC_getSYSCLK_Freq
 .text.RCC_getPCKL1_Freq
                0x080038c8       0x28 ./MCAL/RCC/RCC.o
                0x080038c8                RCC_getPCKL1_Freq
 .text.RCC_getPCKL2_Freq
                0x080038f0       0x28 ./MCAL/RCC/RCC.o
                0x080038f0                RCC_getPCKL2_Freq
 .text.RCC_getHCKL_Freq
                0x08003918       0x28 ./MCAL/RCC/RCC.o
                0x08003918                RCC_getHCKL_Freq
 .text.RCC_init
                0x08003940      0x180 ./MCAL/RCC/RCC.o
                0x08003940                RCC_init
 .text.RCC_CLK_EN
                0x08003ac0       0x74 ./MCAL/RCC/RCC.o
                0x08003ac0                RCC_CLK_EN
 .text.STK_delayMs
                0x08003b34       0x80 ./MCAL/SYSTICK/SYSTICK.o
                0x08003b34                STK_delayMs
 .text.SysTick_Handler
                0x08003bb4       0x4c ./MCAL/SYSTICK/SYSTICK.o
                0x08003bb4                SysTick_Handler
 .text.USART_init
                0x08003c00      0x188 ./MCAL/USART/USART.o
                0x08003c00                USART_init
 .text.USART_SetPins
                0x08003d88       0xcc ./MCAL/USART/USART.o
                0x08003d88                USART_SetPins
 .text.USART_Send
                0x08003e54       0x60 ./MCAL/USART/USART.o
                0x08003e54                USART_Send
 .text.USART_Recieve
                0x08003eb4       0x88 ./MCAL/USART/USART.o
                0x08003eb4                USART_Recieve
 .text.USART_SendString
                0x08003f3c       0x40 ./MCAL/USART/USART.o
                0x08003f3c                USART_SendString
 .text.USART_ReceiveString
                0x08003f7c       0x6c ./MCAL/USART/USART.o
                0x08003f7c                USART_ReceiveString
 .text.USART1_IRQHandler
                0x08003fe8       0x14 ./MCAL/USART/USART.o
                0x08003fe8                USART1_IRQHandler
 .text.USART2_IRQHandler
                0x08003ffc       0x14 ./MCAL/USART/USART.o
                0x08003ffc                USART2_IRQHandler
 .text.USART3_IRQHandler
                0x08004010       0x14 ./MCAL/USART/USART.o
                0x08004010                USART3_IRQHandler
 .text.main     0x08004024      0x158 ./Src/main.o
                0x08004024                main
 .text._getpid  0x0800417c        0xe ./Src/syscalls.o
                0x0800417c                _getpid
 .text._kill    0x0800418a       0x20 ./Src/syscalls.o
                0x0800418a                _kill
 .text._exit    0x080041aa       0x16 ./Src/syscalls.o
                0x080041aa                _exit
 .text._read    0x080041c0       0x3a ./Src/syscalls.o
                0x080041c0                _read
 .text._write   0x080041fa       0x38 ./Src/syscalls.o
                0x080041fa                _write
 .text._close   0x08004232       0x16 ./Src/syscalls.o
                0x08004232                _close
 .text._fstat   0x08004248       0x1e ./Src/syscalls.o
                0x08004248                _fstat
 .text._isatty  0x08004266       0x14 ./Src/syscalls.o
                0x08004266                _isatty
 .text._lseek   0x0800427a       0x18 ./Src/syscalls.o
                0x0800427a                _lseek
 *fill*         0x08004292        0x2 
 .text._sbrk    0x08004294       0x6c ./Src/sysmem.o
                0x08004294                _sbrk
 .text.Reset_Handler
                0x08004300       0x50 ./Startup/startup_stm32f103c8tx.o
                0x08004300                Reset_Handler
 .text.Default_Handler
                0x08004350        0x2 ./Startup/startup_stm32f103c8tx.o
                0x08004350                TIM8_TRG_COM_IRQHandler
                0x08004350                TIM8_CC_IRQHandler
                0x08004350                DebugMon_Handler
                0x08004350                TIM1_CC_IRQHandler
                0x08004350                HardFault_Handler
                0x08004350                TIM6_IRQHandler
                0x08004350                PVD_IRQHandler
                0x08004350                SDIO_IRQHandler
                0x08004350                PendSV_Handler
                0x08004350                NMI_Handler
                0x08004350                USB_HP_CAN_TX_IRQHandler
                0x08004350                I2C2_EV_IRQHandler
                0x08004350                UsageFault_Handler
                0x08004350                ADC1_2_IRQHandler
                0x08004350                SPI1_IRQHandler
                0x08004350                CAN_SCE_IRQHandler
                0x08004350                TAMPER_IRQHandler
                0x08004350                TIM8_UP_IRQHandler
                0x08004350                DMA2_Channel2_IRQHandler
                0x08004350                DMA1_Channel4_IRQHandler
                0x08004350                RTC_IRQHandler
                0x08004350                DMA1_Channel7_IRQHandler
                0x08004350                UART5_IRQHandler
                0x08004350                ADC3_IRQHandler
                0x08004350                TIM4_IRQHandler
                0x08004350                CAN_RX1_IRQHandler
                0x08004350                DMA2_Channel1_IRQHandler
                0x08004350                I2C1_EV_IRQHandler
                0x08004350                DMA1_Channel6_IRQHandler
                0x08004350                UART4_IRQHandler
                0x08004350                TIM3_IRQHandler
                0x08004350                RCC_IRQHandler
                0x08004350                TIM1_TRG_COM_IRQHandler
                0x08004350                DMA1_Channel1_IRQHandler
                0x08004350                Default_Handler
                0x08004350                TIM7_IRQHandler
                0x08004350                TIM5_IRQHandler
                0x08004350                SPI2_IRQHandler
                0x08004350                USB_LP_CAN_RX0_IRQHandler
                0x08004350                MemManage_Handler
                0x08004350                SVC_Handler
                0x08004350                DMA1_Channel5_IRQHandler
                0x08004350                DMA1_Channel3_IRQHandler
                0x08004350                FSMC_IRQHandler
                0x08004350                TIM1_UP_IRQHandler
                0x08004350                WWDG_IRQHandler
                0x08004350                TIM2_IRQHandler
                0x08004350                TIM1_BRK_IRQHandler
                0x08004350                RTCAlarm_IRQHandler
                0x08004350                DMA2_Channel4_5_IRQHandler
                0x08004350                I2C2_ER_IRQHandler
                0x08004350                DMA1_Channel2_IRQHandler
                0x08004350                TIM8_BRK_IRQHandler
                0x08004350                FLASH_IRQHandler
                0x08004350                BusFault_Handler
                0x08004350                SPI3_IRQHandler
                0x08004350                I2C1_ER_IRQHandler
                0x08004350                DMA2_Channel3_IRQHandler
 *fill*         0x08004352        0x2 
 .text.malloc   0x08004354       0x10 C:/ST/STM32CubeIDE_1.4.0/STM32CubeIDE/plugins/com.st.stm32cube.ide.mcu.externaltools.gnu-tools-for-stm32.12.3.rel1.win32_1.1.0.202410251130/tools/bin/../lib/gcc/arm-none-eabi/12.3.1/../../../../arm-none-eabi/lib/thumb/v7-m/nofp\libc_nano.a(libc_a-malloc.o)
                0x08004354                malloc
 .text.free     0x08004364       0x10 C:/ST/STM32CubeIDE_1.4.0/STM32CubeIDE/plugins/com.st.stm32cube.ide.mcu.externaltools.gnu-tools-for-stm32.12.3.rel1.win32_1.1.0.202410251130/tools/bin/../lib/gcc/arm-none-eabi/12.3.1/../../../../arm-none-eabi/lib/thumb/v7-m/nofp\libc_nano.a(libc_a-malloc.o)
                0x08004364                free
 .text.sbrk_aligned
                0x08004374       0x44 C:/ST/STM32CubeIDE_1.4.0/STM32CubeIDE/plugins/com.st.stm32cube.ide.mcu.externaltools.gnu-tools-for-stm32.12.3.rel1.win32_1.1.0.202410251130/tools/bin/../lib/gcc/arm-none-eabi/12.3.1/../../../../arm-none-eabi/lib/thumb/v7-m/nofp\libc_nano.a(libc_a-mallocr.o)
 .text._malloc_r
                0x080043b8      0x100 C:/ST/STM32CubeIDE_1.4.0/STM32CubeIDE/plugins/com.st.stm32cube.ide.mcu.externaltools.gnu-tools-for-stm32.12.3.rel1.win32_1.1.0.202410251130/tools/bin/../lib/gcc/arm-none-eabi/12.3.1/../../../../arm-none-eabi/lib/thumb/v7-m/nofp\libc_nano.a(libc_a-mallocr.o)
                0x080043b8                _malloc_r
 .text.__malloc_lock
                0x080044b8        0xc C:/ST/STM32CubeIDE_1.4.0/STM32CubeIDE/plugins/com.st.stm32cube.ide.mcu.externaltools.gnu-tools-for-stm32.12.3.rel1.win32_1.1.0.202410251130/tools/bin/../lib/gcc/arm-none-eabi/12.3.1/../../../../arm-none-eabi/lib/thumb/v7-m/nofp\libc_nano.a(libc_a-mlock.o)
                0x080044b8                __malloc_lock
 .text.__malloc_unlock
                0x080044c4        0xc C:/ST/STM32CubeIDE_1.4.0/STM32CubeIDE/plugins/com.st.stm32cube.ide.mcu.externaltools.gnu-tools-for-stm32.12.3.rel1.win32_1.1.0.202410251130/tools/bin/../lib/gcc/arm-none-eabi/12.3.1/../../../../arm-none-eabi/lib/thumb/v7-m/nofp\libc_nano.a(libc_a-mlock.o)
                0x080044c4                __malloc_unlock
 .text.realloc  0x080044d0       0x10 C:/ST/STM32CubeIDE_1.4.0/STM32CubeIDE/plugins/com.st.stm32cube.ide.mcu.externaltools.gnu-tools-for-stm32.12.3.rel1.win32_1.1.0.202410251130/tools/bin/../lib/gcc/arm-none-eabi/12.3.1/../../../../arm-none-eabi/lib/thumb/v7-m/nofp\libc_nano.a(libc_a-realloc.o)
                0x080044d0                realloc
 .text._realloc_r
                0x080044e0       0x5c C:/ST/STM32CubeIDE_1.4.0/STM32CubeIDE/plugins/com.st.stm32cube.ide.mcu.externaltools.gnu-tools-for-stm32.12.3.rel1.win32_1.1.0.202410251130/tools/bin/../lib/gcc/arm-none-eabi/12.3.1/../../../../arm-none-eabi/lib/thumb/v7-m/nofp\libc_nano.a(libc_a-reallocr.o)
                0x080044e0                _realloc_r
 .text.sulp     0x0800453c       0x42 C:/ST/STM32CubeIDE_1.4.0/STM32CubeIDE/plugins/com.st.stm32cube.ide.mcu.externaltools.gnu-tools-for-stm32.12.3.rel1.win32_1.1.0.202410251130/tools/bin/../lib/gcc/arm-none-eabi/12.3.1/../../../../arm-none-eabi/lib/thumb/v7-m/nofp\libc_nano.a(libc_a-strtod.o)
 *fill*         0x0800457e        0x2 
 .text._strtod_l
                0x08004580      0xbb0 C:/ST/STM32CubeIDE_1.4.0/STM32CubeIDE/plugins/com.st.stm32cube.ide.mcu.externaltools.gnu-tools-for-stm32.12.3.rel1.win32_1.1.0.202410251130/tools/bin/../lib/gcc/arm-none-eabi/12.3.1/../../../../arm-none-eabi/lib/thumb/v7-m/nofp\libc_nano.a(libc_a-strtod.o)
                0x08004580                _strtod_l
 .text.strtod   0x08005130       0x18 C:/ST/STM32CubeIDE_1.4.0/STM32CubeIDE/plugins/com.st.stm32cube.ide.mcu.externaltools.gnu-tools-for-stm32.12.3.rel1.win32_1.1.0.202410251130/tools/bin/../lib/gcc/arm-none-eabi/12.3.1/../../../../arm-none-eabi/lib/thumb/v7-m/nofp\libc_nano.a(libc_a-strtod.o)
                0x08005130                strtod
 .text._strtol_l.constprop.0
                0x08005148       0xf4 C:/ST/STM32CubeIDE_1.4.0/STM32CubeIDE/plugins/com.st.stm32cube.ide.mcu.externaltools.gnu-tools-for-stm32.12.3.rel1.win32_1.1.0.202410251130/tools/bin/../lib/gcc/arm-none-eabi/12.3.1/../../../../arm-none-eabi/lib/thumb/v7-m/nofp\libc_nano.a(libc_a-strtol.o)
 .text._strtol_r
                0x0800523c        0x4 C:/ST/STM32CubeIDE_1.4.0/STM32CubeIDE/plugins/com.st.stm32cube.ide.mcu.externaltools.gnu-tools-for-stm32.12.3.rel1.win32_1.1.0.202410251130/tools/bin/../lib/gcc/arm-none-eabi/12.3.1/../../../../arm-none-eabi/lib/thumb/v7-m/nofp\libc_nano.a(libc_a-strtol.o)
                0x0800523c                _strtol_r
 .text.strtol   0x08005240       0x14 C:/ST/STM32CubeIDE_1.4.0/STM32CubeIDE/plugins/com.st.stm32cube.ide.mcu.externaltools.gnu-tools-for-stm32.12.3.rel1.win32_1.1.0.202410251130/tools/bin/../lib/gcc/arm-none-eabi/12.3.1/../../../../arm-none-eabi/lib/thumb/v7-m/nofp\libc_nano.a(libc_a-strtol.o)
                0x08005240                strtol
 .text.std      0x08005254       0x6c C:/ST/STM32CubeIDE_1.4.0/STM32CubeIDE/plugins/com.st.stm32cube.ide.mcu.externaltools.gnu-tools-for-stm32.12.3.rel1.win32_1.1.0.202410251130/tools/bin/../lib/gcc/arm-none-eabi/12.3.1/../../../../arm-none-eabi/lib/thumb/v7-m/nofp\libc_nano.a(libc_a-findfp.o)
 .text.stdio_exit_handler
                0x080052c0       0x18 C:/ST/STM32CubeIDE_1.4.0/STM32CubeIDE/plugins/com.st.stm32cube.ide.mcu.externaltools.gnu-tools-for-stm32.12.3.rel1.win32_1.1.0.202410251130/tools/bin/../lib/gcc/arm-none-eabi/12.3.1/../../../../arm-none-eabi/lib/thumb/v7-m/nofp\libc_nano.a(libc_a-findfp.o)
 .text.cleanup_stdio
                0x080052d8       0x40 C:/ST/STM32CubeIDE_1.4.0/STM32CubeIDE/plugins/com.st.stm32cube.ide.mcu.externaltools.gnu-tools-for-stm32.12.3.rel1.win32_1.1.0.202410251130/tools/bin/../lib/gcc/arm-none-eabi/12.3.1/../../../../arm-none-eabi/lib/thumb/v7-m/nofp\libc_nano.a(libc_a-findfp.o)
 .text.global_stdio_init.part.0
                0x08005318       0x3c C:/ST/STM32CubeIDE_1.4.0/STM32CubeIDE/plugins/com.st.stm32cube.ide.mcu.externaltools.gnu-tools-for-stm32.12.3.rel1.win32_1.1.0.202410251130/tools/bin/../lib/gcc/arm-none-eabi/12.3.1/../../../../arm-none-eabi/lib/thumb/v7-m/nofp\libc_nano.a(libc_a-findfp.o)
 .text.__sfp_lock_acquire
                0x08005354        0xc C:/ST/STM32CubeIDE_1.4.0/STM32CubeIDE/plugins/com.st.stm32cube.ide.mcu.externaltools.gnu-tools-for-stm32.12.3.rel1.win32_1.1.0.202410251130/tools/bin/../lib/gcc/arm-none-eabi/12.3.1/../../../../arm-none-eabi/lib/thumb/v7-m/nofp\libc_nano.a(libc_a-findfp.o)
                0x08005354                __sfp_lock_acquire
 .text.__sfp_lock_release
                0x08005360        0xc C:/ST/STM32CubeIDE_1.4.0/STM32CubeIDE/plugins/com.st.stm32cube.ide.mcu.externaltools.gnu-tools-for-stm32.12.3.rel1.win32_1.1.0.202410251130/tools/bin/../lib/gcc/arm-none-eabi/12.3.1/../../../../arm-none-eabi/lib/thumb/v7-m/nofp\libc_nano.a(libc_a-findfp.o)
                0x08005360                __sfp_lock_release
 .text.__sinit  0x0800536c       0x30 C:/ST/STM32CubeIDE_1.4.0/STM32CubeIDE/plugins/com.st.stm32cube.ide.mcu.externaltools.gnu-tools-for-stm32.12.3.rel1.win32_1.1.0.202410251130/tools/bin/../lib/gcc/arm-none-eabi/12.3.1/../../../../arm-none-eabi/lib/thumb/v7-m/nofp\libc_nano.a(libc_a-findfp.o)
                0x0800536c                __sinit
 .text._fwalk_sglue
                0x0800539c       0x3c C:/ST/STM32CubeIDE_1.4.0/STM32CubeIDE/plugins/com.st.stm32cube.ide.mcu.externaltools.gnu-tools-for-stm32.12.3.rel1.win32_1.1.0.202410251130/tools/bin/../lib/gcc/arm-none-eabi/12.3.1/../../../../arm-none-eabi/lib/thumb/v7-m/nofp\libc_nano.a(libc_a-fwalk.o)
                0x0800539c                _fwalk_sglue
 .text.sprintf  0x080053d8       0x40 C:/ST/STM32CubeIDE_1.4.0/STM32CubeIDE/plugins/com.st.stm32cube.ide.mcu.externaltools.gnu-tools-for-stm32.12.3.rel1.win32_1.1.0.202410251130/tools/bin/../lib/gcc/arm-none-eabi/12.3.1/../../../../arm-none-eabi/lib/thumb/v7-m/nofp\libc_nano.a(libc_a-sprintf.o)
                0x080053d8                siprintf
                0x080053d8                sprintf
 .text.sscanf   0x08005418       0x54 C:/ST/STM32CubeIDE_1.4.0/STM32CubeIDE/plugins/com.st.stm32cube.ide.mcu.externaltools.gnu-tools-for-stm32.12.3.rel1.win32_1.1.0.202410251130/tools/bin/../lib/gcc/arm-none-eabi/12.3.1/../../../../arm-none-eabi/lib/thumb/v7-m/nofp\libc_nano.a(libc_a-sscanf.o)
                0x08005418                siscanf
                0x08005418                sscanf
 .text.__sread  0x0800546c       0x22 C:/ST/STM32CubeIDE_1.4.0/STM32CubeIDE/plugins/com.st.stm32cube.ide.mcu.externaltools.gnu-tools-for-stm32.12.3.rel1.win32_1.1.0.202410251130/tools/bin/../lib/gcc/arm-none-eabi/12.3.1/../../../../arm-none-eabi/lib/thumb/v7-m/nofp\libc_nano.a(libc_a-stdio.o)
                0x0800546c                __sread
 .text.__seofread
                0x0800548e        0x4 C:/ST/STM32CubeIDE_1.4.0/STM32CubeIDE/plugins/com.st.stm32cube.ide.mcu.externaltools.gnu-tools-for-stm32.12.3.rel1.win32_1.1.0.202410251130/tools/bin/../lib/gcc/arm-none-eabi/12.3.1/../../../../arm-none-eabi/lib/thumb/v7-m/nofp\libc_nano.a(libc_a-stdio.o)
                0x0800548e                __seofread
 .text.__swrite
                0x08005492       0x38 C:/ST/STM32CubeIDE_1.4.0/STM32CubeIDE/plugins/com.st.stm32cube.ide.mcu.externaltools.gnu-tools-for-stm32.12.3.rel1.win32_1.1.0.202410251130/tools/bin/../lib/gcc/arm-none-eabi/12.3.1/../../../../arm-none-eabi/lib/thumb/v7-m/nofp\libc_nano.a(libc_a-stdio.o)
                0x08005492                __swrite
 .text.__sseek  0x080054ca       0x24 C:/ST/STM32CubeIDE_1.4.0/STM32CubeIDE/plugins/com.st.stm32cube.ide.mcu.externaltools.gnu-tools-for-stm32.12.3.rel1.win32_1.1.0.202410251130/tools/bin/../lib/gcc/arm-none-eabi/12.3.1/../../../../arm-none-eabi/lib/thumb/v7-m/nofp\libc_nano.a(libc_a-stdio.o)
                0x080054ca                __sseek
 .text.__sclose
                0x080054ee        0x8 C:/ST/STM32CubeIDE_1.4.0/STM32CubeIDE/plugins/com.st.stm32cube.ide.mcu.externaltools.gnu-tools-for-stm32.12.3.rel1.win32_1.1.0.202410251130/tools/bin/../lib/gcc/arm-none-eabi/12.3.1/../../../../arm-none-eabi/lib/thumb/v7-m/nofp\libc_nano.a(libc_a-stdio.o)
                0x080054ee                __sclose
 .text.memset   0x080054f6       0x10 C:/ST/STM32CubeIDE_1.4.0/STM32CubeIDE/plugins/com.st.stm32cube.ide.mcu.externaltools.gnu-tools-for-stm32.12.3.rel1.win32_1.1.0.202410251130/tools/bin/../lib/gcc/arm-none-eabi/12.3.1/../../../../arm-none-eabi/lib/thumb/v7-m/nofp\libc_nano.a(libc_a-memset.o)
                0x080054f6                memset
 .text.strncmp  0x08005506       0x24 C:/ST/STM32CubeIDE_1.4.0/STM32CubeIDE/plugins/com.st.stm32cube.ide.mcu.externaltools.gnu-tools-for-stm32.12.3.rel1.win32_1.1.0.202410251130/tools/bin/../lib/gcc/arm-none-eabi/12.3.1/../../../../arm-none-eabi/lib/thumb/v7-m/nofp\libc_nano.a(libc_a-strncmp.o)
                0x08005506                strncmp
 .text.strncpy  0x0800552a       0x26 C:/ST/STM32CubeIDE_1.4.0/STM32CubeIDE/plugins/com.st.stm32cube.ide.mcu.externaltools.gnu-tools-for-stm32.12.3.rel1.win32_1.1.0.202410251130/tools/bin/../lib/gcc/arm-none-eabi/12.3.1/../../../../arm-none-eabi/lib/thumb/v7-m/nofp\libc_nano.a(libc_a-strncpy.o)
                0x0800552a                strncpy
 .text._close_r
                0x08005550       0x20 C:/ST/STM32CubeIDE_1.4.0/STM32CubeIDE/plugins/com.st.stm32cube.ide.mcu.externaltools.gnu-tools-for-stm32.12.3.rel1.win32_1.1.0.202410251130/tools/bin/../lib/gcc/arm-none-eabi/12.3.1/../../../../arm-none-eabi/lib/thumb/v7-m/nofp\libc_nano.a(libc_a-closer.o)
                0x08005550                _close_r
 .text._lseek_r
                0x08005570       0x24 C:/ST/STM32CubeIDE_1.4.0/STM32CubeIDE/plugins/com.st.stm32cube.ide.mcu.externaltools.gnu-tools-for-stm32.12.3.rel1.win32_1.1.0.202410251130/tools/bin/../lib/gcc/arm-none-eabi/12.3.1/../../../../arm-none-eabi/lib/thumb/v7-m/nofp\libc_nano.a(libc_a-lseekr.o)
                0x08005570                _lseek_r
 .text._read_r  0x08005594       0x24 C:/ST/STM32CubeIDE_1.4.0/STM32CubeIDE/plugins/com.st.stm32cube.ide.mcu.externaltools.gnu-tools-for-stm32.12.3.rel1.win32_1.1.0.202410251130/tools/bin/../lib/gcc/arm-none-eabi/12.3.1/../../../../arm-none-eabi/lib/thumb/v7-m/nofp\libc_nano.a(libc_a-readr.o)
                0x08005594                _read_r
 .text._sbrk_r  0x080055b8       0x20 C:/ST/STM32CubeIDE_1.4.0/STM32CubeIDE/plugins/com.st.stm32cube.ide.mcu.externaltools.gnu-tools-for-stm32.12.3.rel1.win32_1.1.0.202410251130/tools/bin/../lib/gcc/arm-none-eabi/12.3.1/../../../../arm-none-eabi/lib/thumb/v7-m/nofp\libc_nano.a(libc_a-sbrkr.o)
                0x080055b8                _sbrk_r
 .text._write_r
                0x080055d8       0x24 C:/ST/STM32CubeIDE_1.4.0/STM32CubeIDE/plugins/com.st.stm32cube.ide.mcu.externaltools.gnu-tools-for-stm32.12.3.rel1.win32_1.1.0.202410251130/tools/bin/../lib/gcc/arm-none-eabi/12.3.1/../../../../arm-none-eabi/lib/thumb/v7-m/nofp\libc_nano.a(libc_a-writer.o)
                0x080055d8                _write_r
 .text.__errno  0x080055fc        0xc C:/ST/STM32CubeIDE_1.4.0/STM32CubeIDE/plugins/com.st.stm32cube.ide.mcu.externaltools.gnu-tools-for-stm32.12.3.rel1.win32_1.1.0.202410251130/tools/bin/../lib/gcc/arm-none-eabi/12.3.1/../../../../arm-none-eabi/lib/thumb/v7-m/nofp\libc_nano.a(libc_a-errno.o)
                0x080055fc                __errno
 .text.__libc_init_array
                0x08005608       0x48 C:/ST/STM32CubeIDE_1.4.0/STM32CubeIDE/plugins/com.st.stm32cube.ide.mcu.externaltools.gnu-tools-for-stm32.12.3.rel1.win32_1.1.0.202410251130/tools/bin/../lib/gcc/arm-none-eabi/12.3.1/../../../../arm-none-eabi/lib/thumb/v7-m/nofp\libc_nano.a(libc_a-init.o)
                0x08005608                __libc_init_array
 .text.__retarget_lock_init_recursive
                0x08005650        0x2 C:/ST/STM32CubeIDE_1.4.0/STM32CubeIDE/plugins/com.st.stm32cube.ide.mcu.externaltools.gnu-tools-for-stm32.12.3.rel1.win32_1.1.0.202410251130/tools/bin/../lib/gcc/arm-none-eabi/12.3.1/../../../../arm-none-eabi/lib/thumb/v7-m/nofp\libc_nano.a(libc_a-lock.o)
                0x08005650                __retarget_lock_init_recursive
 .text.__retarget_lock_acquire_recursive
                0x08005652        0x2 C:/ST/STM32CubeIDE_1.4.0/STM32CubeIDE/plugins/com.st.stm32cube.ide.mcu.externaltools.gnu-tools-for-stm32.12.3.rel1.win32_1.1.0.202410251130/tools/bin/../lib/gcc/arm-none-eabi/12.3.1/../../../../arm-none-eabi/lib/thumb/v7-m/nofp\libc_nano.a(libc_a-lock.o)
                0x08005652                __retarget_lock_acquire_recursive
 .text.__retarget_lock_release_recursive
                0x08005654        0x2 C:/ST/STM32CubeIDE_1.4.0/STM32CubeIDE/plugins/com.st.stm32cube.ide.mcu.externaltools.gnu-tools-for-stm32.12.3.rel1.win32_1.1.0.202410251130/tools/bin/../lib/gcc/arm-none-eabi/12.3.1/../../../../arm-none-eabi/lib/thumb/v7-m/nofp\libc_nano.a(libc_a-lock.o)
                0x08005654                __retarget_lock_release_recursive
 .text.memcpy   0x08005656       0x1c C:/ST/STM32CubeIDE_1.4.0/STM32CubeIDE/plugins/com.st.stm32cube.ide.mcu.externaltools.gnu-tools-for-stm32.12.3.rel1.win32_1.1.0.202410251130/tools/bin/../lib/gcc/arm-none-eabi/12.3.1/../../../../arm-none-eabi/lib/thumb/v7-m/nofp\libc_nano.a(libc_a-memcpy-stub.o)
                0x08005656                memcpy
 *fill*         0x08005672        0x2 
 .text.nan      0x08005674        0xc C:/ST/STM32CubeIDE_1.4.0/STM32CubeIDE/plugins/com.st.stm32cube.ide.mcu.externaltools.gnu-tools-for-stm32.12.3.rel1.win32_1.1.0.202410251130/tools/bin/../lib/gcc/arm-none-eabi/12.3.1/../../../../arm-none-eabi/lib/thumb/v7-m/nofp\libc_nano.a(libm_a-s_nan.o)
                0x08005674                nan
 .text._free_r  0x08005680       0x90 C:/ST/STM32CubeIDE_1.4.0/STM32CubeIDE/plugins/com.st.stm32cube.ide.mcu.externaltools.gnu-tools-for-stm32.12.3.rel1.win32_1.1.0.202410251130/tools/bin/../lib/gcc/arm-none-eabi/12.3.1/../../../../arm-none-eabi/lib/thumb/v7-m/nofp\libc_nano.a(libc_a-freer.o)
                0x08005680                _free_r
 .text.rshift   0x08005710       0xa6 C:/ST/STM32CubeIDE_1.4.0/STM32CubeIDE/plugins/com.st.stm32cube.ide.mcu.externaltools.gnu-tools-for-stm32.12.3.rel1.win32_1.1.0.202410251130/tools/bin/../lib/gcc/arm-none-eabi/12.3.1/../../../../arm-none-eabi/lib/thumb/v7-m/nofp\libc_nano.a(libc_a-gdtoa-gethex.o)
 .text.__hexdig_fun
                0x080057b6       0x2a C:/ST/STM32CubeIDE_1.4.0/STM32CubeIDE/plugins/com.st.stm32cube.ide.mcu.externaltools.gnu-tools-for-stm32.12.3.rel1.win32_1.1.0.202410251130/tools/bin/../lib/gcc/arm-none-eabi/12.3.1/../../../../arm-none-eabi/lib/thumb/v7-m/nofp\libc_nano.a(libc_a-gdtoa-gethex.o)
                0x080057b6                __hexdig_fun
 .text.__gethex
                0x080057e0      0x420 C:/ST/STM32CubeIDE_1.4.0/STM32CubeIDE/plugins/com.st.stm32cube.ide.mcu.externaltools.gnu-tools-for-stm32.12.3.rel1.win32_1.1.0.202410251130/tools/bin/../lib/gcc/arm-none-eabi/12.3.1/../../../../arm-none-eabi/lib/thumb/v7-m/nofp\libc_nano.a(libc_a-gdtoa-gethex.o)
                0x080057e0                __gethex
 .text.L_shift  0x08005c00       0x24 C:/ST/STM32CubeIDE_1.4.0/STM32CubeIDE/plugins/com.st.stm32cube.ide.mcu.externaltools.gnu-tools-for-stm32.12.3.rel1.win32_1.1.0.202410251130/tools/bin/../lib/gcc/arm-none-eabi/12.3.1/../../../../arm-none-eabi/lib/thumb/v7-m/nofp\libc_nano.a(libc_a-gdtoa-hexnan.o)
 .text.__match  0x08005c24       0x28 C:/ST/STM32CubeIDE_1.4.0/STM32CubeIDE/plugins/com.st.stm32cube.ide.mcu.externaltools.gnu-tools-for-stm32.12.3.rel1.win32_1.1.0.202410251130/tools/bin/../lib/gcc/arm-none-eabi/12.3.1/../../../../arm-none-eabi/lib/thumb/v7-m/nofp\libc_nano.a(libc_a-gdtoa-hexnan.o)
                0x08005c24                __match
 .text.__hexnan
                0x08005c4c      0x136 C:/ST/STM32CubeIDE_1.4.0/STM32CubeIDE/plugins/com.st.stm32cube.ide.mcu.externaltools.gnu-tools-for-stm32.12.3.rel1.win32_1.1.0.202410251130/tools/bin/../lib/gcc/arm-none-eabi/12.3.1/../../../../arm-none-eabi/lib/thumb/v7-m/nofp\libc_nano.a(libc_a-gdtoa-hexnan.o)
                0x08005c4c                __hexnan
 .text.__ascii_mbtowc
                0x08005d82       0x24 C:/ST/STM32CubeIDE_1.4.0/STM32CubeIDE/plugins/com.st.stm32cube.ide.mcu.externaltools.gnu-tools-for-stm32.12.3.rel1.win32_1.1.0.202410251130/tools/bin/../lib/gcc/arm-none-eabi/12.3.1/../../../../arm-none-eabi/lib/thumb/v7-m/nofp\libc_nano.a(libc_a-mbtowc_r.o)
                0x08005d82                __ascii_mbtowc
 *fill*         0x08005da6        0x2 
 .text._Balloc  0x08005da8       0x80 C:/ST/STM32CubeIDE_1.4.0/STM32CubeIDE/plugins/com.st.stm32cube.ide.mcu.externaltools.gnu-tools-for-stm32.12.3.rel1.win32_1.1.0.202410251130/tools/bin/../lib/gcc/arm-none-eabi/12.3.1/../../../../arm-none-eabi/lib/thumb/v7-m/nofp\libc_nano.a(libc_a-mprec.o)
                0x08005da8                _Balloc
 .text._Bfree   0x08005e28       0x44 C:/ST/STM32CubeIDE_1.4.0/STM32CubeIDE/plugins/com.st.stm32cube.ide.mcu.externaltools.gnu-tools-for-stm32.12.3.rel1.win32_1.1.0.202410251130/tools/bin/../lib/gcc/arm-none-eabi/12.3.1/../../../../arm-none-eabi/lib/thumb/v7-m/nofp\libc_nano.a(libc_a-mprec.o)
                0x08005e28                _Bfree
 .text.__multadd
                0x08005e6c       0x8c C:/ST/STM32CubeIDE_1.4.0/STM32CubeIDE/plugins/com.st.stm32cube.ide.mcu.externaltools.gnu-tools-for-stm32.12.3.rel1.win32_1.1.0.202410251130/tools/bin/../lib/gcc/arm-none-eabi/12.3.1/../../../../arm-none-eabi/lib/thumb/v7-m/nofp\libc_nano.a(libc_a-mprec.o)
                0x08005e6c                __multadd
 .text.__s2b    0x08005ef8       0x94 C:/ST/STM32CubeIDE_1.4.0/STM32CubeIDE/plugins/com.st.stm32cube.ide.mcu.externaltools.gnu-tools-for-stm32.12.3.rel1.win32_1.1.0.202410251130/tools/bin/../lib/gcc/arm-none-eabi/12.3.1/../../../../arm-none-eabi/lib/thumb/v7-m/nofp\libc_nano.a(libc_a-mprec.o)
                0x08005ef8                __s2b
 .text.__hi0bits
                0x08005f8c       0x3e C:/ST/STM32CubeIDE_1.4.0/STM32CubeIDE/plugins/com.st.stm32cube.ide.mcu.externaltools.gnu-tools-for-stm32.12.3.rel1.win32_1.1.0.202410251130/tools/bin/../lib/gcc/arm-none-eabi/12.3.1/../../../../arm-none-eabi/lib/thumb/v7-m/nofp\libc_nano.a(libc_a-mprec.o)
                0x08005f8c                __hi0bits
 .text.__lo0bits
                0x08005fca       0x5a C:/ST/STM32CubeIDE_1.4.0/STM32CubeIDE/plugins/com.st.stm32cube.ide.mcu.externaltools.gnu-tools-for-stm32.12.3.rel1.win32_1.1.0.202410251130/tools/bin/../lib/gcc/arm-none-eabi/12.3.1/../../../../arm-none-eabi/lib/thumb/v7-m/nofp\libc_nano.a(libc_a-mprec.o)
                0x08005fca                __lo0bits
 .text.__i2b    0x08006024       0x2c C:/ST/STM32CubeIDE_1.4.0/STM32CubeIDE/plugins/com.st.stm32cube.ide.mcu.externaltools.gnu-tools-for-stm32.12.3.rel1.win32_1.1.0.202410251130/tools/bin/../lib/gcc/arm-none-eabi/12.3.1/../../../../arm-none-eabi/lib/thumb/v7-m/nofp\libc_nano.a(libc_a-mprec.o)
                0x08006024                __i2b
 .text.__multiply
                0x08006050      0x150 C:/ST/STM32CubeIDE_1.4.0/STM32CubeIDE/plugins/com.st.stm32cube.ide.mcu.externaltools.gnu-tools-for-stm32.12.3.rel1.win32_1.1.0.202410251130/tools/bin/../lib/gcc/arm-none-eabi/12.3.1/../../../../arm-none-eabi/lib/thumb/v7-m/nofp\libc_nano.a(libc_a-mprec.o)
                0x08006050                __multiply
 .text.__pow5mult
                0x080061a0       0xb4 C:/ST/STM32CubeIDE_1.4.0/STM32CubeIDE/plugins/com.st.stm32cube.ide.mcu.externaltools.gnu-tools-for-stm32.12.3.rel1.win32_1.1.0.202410251130/tools/bin/../lib/gcc/arm-none-eabi/12.3.1/../../../../arm-none-eabi/lib/thumb/v7-m/nofp\libc_nano.a(libc_a-mprec.o)
                0x080061a0                __pow5mult
 .text.__lshift
                0x08006254       0xd8 C:/ST/STM32CubeIDE_1.4.0/STM32CubeIDE/plugins/com.st.stm32cube.ide.mcu.externaltools.gnu-tools-for-stm32.12.3.rel1.win32_1.1.0.202410251130/tools/bin/../lib/gcc/arm-none-eabi/12.3.1/../../../../arm-none-eabi/lib/thumb/v7-m/nofp\libc_nano.a(libc_a-mprec.o)
                0x08006254                __lshift
 .text.__mcmp   0x0800632c       0x36 C:/ST/STM32CubeIDE_1.4.0/STM32CubeIDE/plugins/com.st.stm32cube.ide.mcu.externaltools.gnu-tools-for-stm32.12.3.rel1.win32_1.1.0.202410251130/tools/bin/../lib/gcc/arm-none-eabi/12.3.1/../../../../arm-none-eabi/lib/thumb/v7-m/nofp\libc_nano.a(libc_a-mprec.o)
                0x0800632c                __mcmp
 *fill*         0x08006362        0x2 
 .text.__mdiff  0x08006364      0x128 C:/ST/STM32CubeIDE_1.4.0/STM32CubeIDE/plugins/com.st.stm32cube.ide.mcu.externaltools.gnu-tools-for-stm32.12.3.rel1.win32_1.1.0.202410251130/tools/bin/../lib/gcc/arm-none-eabi/12.3.1/../../../../arm-none-eabi/lib/thumb/v7-m/nofp\libc_nano.a(libc_a-mprec.o)
                0x08006364                __mdiff
 .text.__ulp    0x0800648c       0x40 C:/ST/STM32CubeIDE_1.4.0/STM32CubeIDE/plugins/com.st.stm32cube.ide.mcu.externaltools.gnu-tools-for-stm32.12.3.rel1.win32_1.1.0.202410251130/tools/bin/../lib/gcc/arm-none-eabi/12.3.1/../../../../arm-none-eabi/lib/thumb/v7-m/nofp\libc_nano.a(libc_a-mprec.o)
                0x0800648c                __ulp
 .text.__b2d    0x080064cc       0x90 C:/ST/STM32CubeIDE_1.4.0/STM32CubeIDE/plugins/com.st.stm32cube.ide.mcu.externaltools.gnu-tools-for-stm32.12.3.rel1.win32_1.1.0.202410251130/tools/bin/../lib/gcc/arm-none-eabi/12.3.1/../../../../arm-none-eabi/lib/thumb/v7-m/nofp\libc_nano.a(libc_a-mprec.o)
                0x080064cc                __b2d
 .text.__d2b    0x0800655c       0xb0 C:/ST/STM32CubeIDE_1.4.0/STM32CubeIDE/plugins/com.st.stm32cube.ide.mcu.externaltools.gnu-tools-for-stm32.12.3.rel1.win32_1.1.0.202410251130/tools/bin/../lib/gcc/arm-none-eabi/12.3.1/../../../../arm-none-eabi/lib/thumb/v7-m/nofp\libc_nano.a(libc_a-mprec.o)
                0x0800655c                __d2b
 .text.__ratio  0x0800660c       0x60 C:/ST/STM32CubeIDE_1.4.0/STM32CubeIDE/plugins/com.st.stm32cube.ide.mcu.externaltools.gnu-tools-for-stm32.12.3.rel1.win32_1.1.0.202410251130/tools/bin/../lib/gcc/arm-none-eabi/12.3.1/../../../../arm-none-eabi/lib/thumb/v7-m/nofp\libc_nano.a(libc_a-mprec.o)
                0x0800660c                __ratio
 .text.__copybits
                0x0800666c       0x46 C:/ST/STM32CubeIDE_1.4.0/STM32CubeIDE/plugins/com.st.stm32cube.ide.mcu.externaltools.gnu-tools-for-stm32.12.3.rel1.win32_1.1.0.202410251130/tools/bin/../lib/gcc/arm-none-eabi/12.3.1/../../../../arm-none-eabi/lib/thumb/v7-m/nofp\libc_nano.a(libc_a-mprec.o)
                0x0800666c                __copybits
 .text.__any_on
                0x080066b2       0x42 C:/ST/STM32CubeIDE_1.4.0/STM32CubeIDE/plugins/com.st.stm32cube.ide.mcu.externaltools.gnu-tools-for-stm32.12.3.rel1.win32_1.1.0.202410251130/tools/bin/../lib/gcc/arm-none-eabi/12.3.1/../../../../arm-none-eabi/lib/thumb/v7-m/nofp\libc_nano.a(libc_a-mprec.o)
                0x080066b2                __any_on
 .text._malloc_usable_size_r
                0x080066f4       0x10 C:/ST/STM32CubeIDE_1.4.0/STM32CubeIDE/plugins/com.st.stm32cube.ide.mcu.externaltools.gnu-tools-for-stm32.12.3.rel1.win32_1.1.0.202410251130/tools/bin/../lib/gcc/arm-none-eabi/12.3.1/../../../../arm-none-eabi/lib/thumb/v7-m/nofp\libc_nano.a(libc_a-msizer.o)
                0x080066f4                _malloc_usable_size_r
 .text.__ascii_wctomb
                0x08006704       0x1a C:/ST/STM32CubeIDE_1.4.0/STM32CubeIDE/plugins/com.st.stm32cube.ide.mcu.externaltools.gnu-tools-for-stm32.12.3.rel1.win32_1.1.0.202410251130/tools/bin/../lib/gcc/arm-none-eabi/12.3.1/../../../../arm-none-eabi/lib/thumb/v7-m/nofp\libc_nano.a(libc_a-wctomb_r.o)
                0x08006704                __ascii_wctomb
 .text.__ssputs_r
                0x0800671e       0xb6 C:/ST/STM32CubeIDE_1.4.0/STM32CubeIDE/plugins/com.st.stm32cube.ide.mcu.externaltools.gnu-tools-for-stm32.12.3.rel1.win32_1.1.0.202410251130/tools/bin/../lib/gcc/arm-none-eabi/12.3.1/../../../../arm-none-eabi/lib/thumb/v7-m/nofp\libc_nano.a(libc_a-nano-svfprintf.o)
                0x0800671e                __ssputs_r
 .text._svfprintf_r
                0x080067d4      0x1f8 C:/ST/STM32CubeIDE_1.4.0/STM32CubeIDE/plugins/com.st.stm32cube.ide.mcu.externaltools.gnu-tools-for-stm32.12.3.rel1.win32_1.1.0.202410251130/tools/bin/../lib/gcc/arm-none-eabi/12.3.1/../../../../arm-none-eabi/lib/thumb/v7-m/nofp\libc_nano.a(libc_a-nano-svfprintf.o)
                0x080067d4                _svfiprintf_r
                0x080067d4                _svfprintf_r
 .text._sungetc_r
                0x080069cc       0x76 C:/ST/STM32CubeIDE_1.4.0/STM32CubeIDE/plugins/com.st.stm32cube.ide.mcu.externaltools.gnu-tools-for-stm32.12.3.rel1.win32_1.1.0.202410251130/tools/bin/../lib/gcc/arm-none-eabi/12.3.1/../../../../arm-none-eabi/lib/thumb/v7-m/nofp\libc_nano.a(libc_a-nano-svfscanf.o)
                0x080069cc                _sungetc_r
 .text.__ssrefill_r
                0x08006a42       0x3a C:/ST/STM32CubeIDE_1.4.0/STM32CubeIDE/plugins/com.st.stm32cube.ide.mcu.externaltools.gnu-tools-for-stm32.12.3.rel1.win32_1.1.0.202410251130/tools/bin/../lib/gcc/arm-none-eabi/12.3.1/../../../../arm-none-eabi/lib/thumb/v7-m/nofp\libc_nano.a(libc_a-nano-svfscanf.o)
                0x08006a42                __ssrefill_r
 .text.__ssvfscanf_r
                0x08006a7c      0x2e4 C:/ST/STM32CubeIDE_1.4.0/STM32CubeIDE/plugins/com.st.stm32cube.ide.mcu.externaltools.gnu-tools-for-stm32.12.3.rel1.win32_1.1.0.202410251130/tools/bin/../lib/gcc/arm-none-eabi/12.3.1/../../../../arm-none-eabi/lib/thumb/v7-m/nofp\libc_nano.a(libc_a-nano-svfscanf.o)
                0x08006a7c                __ssvfiscanf_r
                0x08006a7c                __ssvfscanf_r
 .text._printf_common
                0x08006d60       0xe4 C:/ST/STM32CubeIDE_1.4.0/STM32CubeIDE/plugins/com.st.stm32cube.ide.mcu.externaltools.gnu-tools-for-stm32.12.3.rel1.win32_1.1.0.202410251130/tools/bin/../lib/gcc/arm-none-eabi/12.3.1/../../../../arm-none-eabi/lib/thumb/v7-m/nofp\libc_nano.a(libc_a-nano-vfprintf_i.o)
                0x08006d60                _printf_common
 .text._printf_i
                0x08006e44      0x240 C:/ST/STM32CubeIDE_1.4.0/STM32CubeIDE/plugins/com.st.stm32cube.ide.mcu.externaltools.gnu-tools-for-stm32.12.3.rel1.win32_1.1.0.202410251130/tools/bin/../lib/gcc/arm-none-eabi/12.3.1/../../../../arm-none-eabi/lib/thumb/v7-m/nofp\libc_nano.a(libc_a-nano-vfprintf_i.o)
                0x08006e44                _printf_i
 .text._scanf_chars
                0x08007084       0xb4 C:/ST/STM32CubeIDE_1.4.0/STM32CubeIDE/plugins/com.st.stm32cube.ide.mcu.externaltools.gnu-tools-for-stm32.12.3.rel1.win32_1.1.0.202410251130/tools/bin/../lib/gcc/arm-none-eabi/12.3.1/../../../../arm-none-eabi/lib/thumb/v7-m/nofp\libc_nano.a(libc_a-nano-vfscanf_i.o)
                0x08007084                _scanf_chars
 .text._scanf_i
                0x08007138      0x1e4 C:/ST/STM32CubeIDE_1.4.0/STM32CubeIDE/plugins/com.st.stm32cube.ide.mcu.externaltools.gnu-tools-for-stm32.12.3.rel1.win32_1.1.0.202410251130/tools/bin/../lib/gcc/arm-none-eabi/12.3.1/../../../../arm-none-eabi/lib/thumb/v7-m/nofp\libc_nano.a(libc_a-nano-vfscanf_i.o)
                0x08007138                _scanf_i
 .text.__sflush_r
                0x0800731c      0x100 C:/ST/STM32CubeIDE_1.4.0/STM32CubeIDE/plugins/com.st.stm32cube.ide.mcu.externaltools.gnu-tools-for-stm32.12.3.rel1.win32_1.1.0.202410251130/tools/bin/../lib/gcc/arm-none-eabi/12.3.1/../../../../arm-none-eabi/lib/thumb/v7-m/nofp\libc_nano.a(libc_a-fflush.o)
                0x0800731c                __sflush_r
 .text._fflush_r
                0x0800741c       0x50 C:/ST/STM32CubeIDE_1.4.0/STM32CubeIDE/plugins/com.st.stm32cube.ide.mcu.externaltools.gnu-tools-for-stm32.12.3.rel1.win32_1.1.0.202410251130/tools/bin/../lib/gcc/arm-none-eabi/12.3.1/../../../../arm-none-eabi/lib/thumb/v7-m/nofp\libc_nano.a(libc_a-fflush.o)
                0x0800741c                _fflush_r
 .text.__sccl   0x0800746c       0x72 C:/ST/STM32CubeIDE_1.4.0/STM32CubeIDE/plugins/com.st.stm32cube.ide.mcu.externaltools.gnu-tools-for-stm32.12.3.rel1.win32_1.1.0.202410251130/tools/bin/../lib/gcc/arm-none-eabi/12.3.1/../../../../arm-none-eabi/lib/thumb/v7-m/nofp\libc_nano.a(libc_a-sccl.o)
                0x0800746c                __sccl
 .text.__submore
                0x080074de       0x70 C:/ST/STM32CubeIDE_1.4.0/STM32CubeIDE/plugins/com.st.stm32cube.ide.mcu.externaltools.gnu-tools-for-stm32.12.3.rel1.win32_1.1.0.202410251130/tools/bin/../lib/gcc/arm-none-eabi/12.3.1/../../../../arm-none-eabi/lib/thumb/v7-m/nofp\libc_nano.a(libc_a-ungetc.o)
                0x080074de                __submore
 .text.memmove  0x0800754e       0x34 C:/ST/STM32CubeIDE_1.4.0/STM32CubeIDE/plugins/com.st.stm32cube.ide.mcu.externaltools.gnu-tools-for-stm32.12.3.rel1.win32_1.1.0.202410251130/tools/bin/../lib/gcc/arm-none-eabi/12.3.1/../../../../arm-none-eabi/lib/thumb/v7-m/nofp\libc_nano.a(libc_a-memmove.o)
                0x0800754e                memmove
 .text.memchr   0x08007582       0x1c C:/ST/STM32CubeIDE_1.4.0/STM32CubeIDE/plugins/com.st.stm32cube.ide.mcu.externaltools.gnu-tools-for-stm32.12.3.rel1.win32_1.1.0.202410251130/tools/bin/../lib/gcc/arm-none-eabi/12.3.1/../../../../arm-none-eabi/lib/thumb/v7-m/nofp\libc_nano.a(libc_a-memchr-stub.o)
                0x08007582                memchr
 *fill*         0x0800759e        0x2 
 .text.__assert_func
                0x080075a0       0x3c C:/ST/STM32CubeIDE_1.4.0/STM32CubeIDE/plugins/com.st.stm32cube.ide.mcu.externaltools.gnu-tools-for-stm32.12.3.rel1.win32_1.1.0.202410251130/tools/bin/../lib/gcc/arm-none-eabi/12.3.1/../../../../arm-none-eabi/lib/thumb/v7-m/nofp\libc_nano.a(libc_a-assert.o)
                0x080075a0                __assert_func
 .text._calloc_r
                0x080075dc       0x28 C:/ST/STM32CubeIDE_1.4.0/STM32CubeIDE/plugins/com.st.stm32cube.ide.mcu.externaltools.gnu-tools-for-stm32.12.3.rel1.win32_1.1.0.202410251130/tools/bin/../lib/gcc/arm-none-eabi/12.3.1/../../../../arm-none-eabi/lib/thumb/v7-m/nofp\libc_nano.a(libc_a-callocr.o)
                0x080075dc                _calloc_r
 .text._strtoul_l.constprop.0
                0x08007604       0xdc C:/ST/STM32CubeIDE_1.4.0/STM32CubeIDE/plugins/com.st.stm32cube.ide.mcu.externaltools.gnu-tools-for-stm32.12.3.rel1.win32_1.1.0.202410251130/tools/bin/../lib/gcc/arm-none-eabi/12.3.1/../../../../arm-none-eabi/lib/thumb/v7-m/nofp\libc_nano.a(libc_a-strtoul.o)
 .text._strtoul_r
                0x080076e0        0x4 C:/ST/STM32CubeIDE_1.4.0/STM32CubeIDE/plugins/com.st.stm32cube.ide.mcu.externaltools.gnu-tools-for-stm32.12.3.rel1.win32_1.1.0.202410251130/tools/bin/../lib/gcc/arm-none-eabi/12.3.1/../../../../arm-none-eabi/lib/thumb/v7-m/nofp\libc_nano.a(libc_a-strtoul.o)
                0x080076e0                _strtoul_r
 .text.fprintf  0x080076e4       0x24 C:/ST/STM32CubeIDE_1.4.0/STM32CubeIDE/plugins/com.st.stm32cube.ide.mcu.externaltools.gnu-tools-for-stm32.12.3.rel1.win32_1.1.0.202410251130/tools/bin/../lib/gcc/arm-none-eabi/12.3.1/../../../../arm-none-eabi/lib/thumb/v7-m/nofp\libc_nano.a(libc_a-fprintf.o)
                0x080076e4                fiprintf
                0x080076e4                fprintf
 .text.abort    0x08007708        0xe C:/ST/STM32CubeIDE_1.4.0/STM32CubeIDE/plugins/com.st.stm32cube.ide.mcu.externaltools.gnu-tools-for-stm32.12.3.rel1.win32_1.1.0.202410251130/tools/bin/../lib/gcc/arm-none-eabi/12.3.1/../../../../arm-none-eabi/lib/thumb/v7-m/nofp\libc_nano.a(libc_a-abort.o)
                0x08007708                abort
 .text.__sfputc_r
                0x08007716       0x2a C:/ST/STM32CubeIDE_1.4.0/STM32CubeIDE/plugins/com.st.stm32cube.ide.mcu.externaltools.gnu-tools-for-stm32.12.3.rel1.win32_1.1.0.202410251130/tools/bin/../lib/gcc/arm-none-eabi/12.3.1/../../../../arm-none-eabi/lib/thumb/v7-m/nofp\libc_nano.a(libc_a-nano-vfprintf.o)
 .text.__sfputs_r
                0x08007740       0x24 C:/ST/STM32CubeIDE_1.4.0/STM32CubeIDE/plugins/com.st.stm32cube.ide.mcu.externaltools.gnu-tools-for-stm32.12.3.rel1.win32_1.1.0.202410251130/tools/bin/../lib/gcc/arm-none-eabi/12.3.1/../../../../arm-none-eabi/lib/thumb/v7-m/nofp\libc_nano.a(libc_a-nano-vfprintf.o)
                0x08007740                __sfputs_r
 .text._vfprintf_r
                0x08007764      0x230 C:/ST/STM32CubeIDE_1.4.0/STM32CubeIDE/plugins/com.st.stm32cube.ide.mcu.externaltools.gnu-tools-for-stm32.12.3.rel1.win32_1.1.0.202410251130/tools/bin/../lib/gcc/arm-none-eabi/12.3.1/../../../../arm-none-eabi/lib/thumb/v7-m/nofp\libc_nano.a(libc_a-nano-vfprintf.o)
                0x08007764                _vfprintf_r
                0x08007764                _vfiprintf_r
 .text.__swbuf_r
                0x08007994       0x7c C:/ST/STM32CubeIDE_1.4.0/STM32CubeIDE/plugins/com.st.stm32cube.ide.mcu.externaltools.gnu-tools-for-stm32.12.3.rel1.win32_1.1.0.202410251130/tools/bin/../lib/gcc/arm-none-eabi/12.3.1/../../../../arm-none-eabi/lib/thumb/v7-m/nofp\libc_nano.a(libc_a-wbuf.o)
                0x08007994                __swbuf_r
 .text.__swsetup_r
                0x08007a10       0xac C:/ST/STM32CubeIDE_1.4.0/STM32CubeIDE/plugins/com.st.stm32cube.ide.mcu.externaltools.gnu-tools-for-stm32.12.3.rel1.win32_1.1.0.202410251130/tools/bin/../lib/gcc/arm-none-eabi/12.3.1/../../../../arm-none-eabi/lib/thumb/v7-m/nofp\libc_nano.a(libc_a-wsetup.o)
                0x08007a10                __swsetup_r
 .text._raise_r
                0x08007abc       0x50 C:/ST/STM32CubeIDE_1.4.0/STM32CubeIDE/plugins/com.st.stm32cube.ide.mcu.externaltools.gnu-tools-for-stm32.12.3.rel1.win32_1.1.0.202410251130/tools/bin/../lib/gcc/arm-none-eabi/12.3.1/../../../../arm-none-eabi/lib/thumb/v7-m/nofp\libc_nano.a(libc_a-signal.o)
                0x08007abc                _raise_r
 .text.raise    0x08007b0c       0x10 C:/ST/STM32CubeIDE_1.4.0/STM32CubeIDE/plugins/com.st.stm32cube.ide.mcu.externaltools.gnu-tools-for-stm32.12.3.rel1.win32_1.1.0.202410251130/tools/bin/../lib/gcc/arm-none-eabi/12.3.1/../../../../arm-none-eabi/lib/thumb/v7-m/nofp\libc_nano.a(libc_a-signal.o)
                0x08007b0c                raise
 .text._kill_r  0x08007b1c       0x24 C:/ST/STM32CubeIDE_1.4.0/STM32CubeIDE/plugins/com.st.stm32cube.ide.mcu.externaltools.gnu-tools-for-stm32.12.3.rel1.win32_1.1.0.202410251130/tools/bin/../lib/gcc/arm-none-eabi/12.3.1/../../../../arm-none-eabi/lib/thumb/v7-m/nofp\libc_nano.a(libc_a-signalr.o)
                0x08007b1c                _kill_r
 .text._getpid_r
                0x08007b40        0x4 C:/ST/STM32CubeIDE_1.4.0/STM32CubeIDE/plugins/com.st.stm32cube.ide.mcu.externaltools.gnu-tools-for-stm32.12.3.rel1.win32_1.1.0.202410251130/tools/bin/../lib/gcc/arm-none-eabi/12.3.1/../../../../arm-none-eabi/lib/thumb/v7-m/nofp\libc_nano.a(libc_a-signalr.o)
                0x08007b40                _getpid_r
 .text.__swhatbuf_r
                0x08007b44       0x4a C:/ST/STM32CubeIDE_1.4.0/STM32CubeIDE/plugins/com.st.stm32cube.ide.mcu.externaltools.gnu-tools-for-stm32.12.3.rel1.win32_1.1.0.202410251130/tools/bin/../lib/gcc/arm-none-eabi/12.3.1/../../../../arm-none-eabi/lib/thumb/v7-m/nofp\libc_nano.a(libc_a-makebuf.o)
                0x08007b44                __swhatbuf_r
 .text.__smakebuf_r
                0x08007b8e       0x78 C:/ST/STM32CubeIDE_1.4.0/STM32CubeIDE/plugins/com.st.stm32cube.ide.mcu.externaltools.gnu-tools-for-stm32.12.3.rel1.win32_1.1.0.202410251130/tools/bin/../lib/gcc/arm-none-eabi/12.3.1/../../../../arm-none-eabi/lib/thumb/v7-m/nofp\libc_nano.a(libc_a-makebuf.o)
                0x08007b8e                __smakebuf_r
 *fill*         0x08007c06        0x2 
 .text._fstat_r
                0x08007c08       0x24 C:/ST/STM32CubeIDE_1.4.0/STM32CubeIDE/plugins/com.st.stm32cube.ide.mcu.externaltools.gnu-tools-for-stm32.12.3.rel1.win32_1.1.0.202410251130/tools/bin/../lib/gcc/arm-none-eabi/12.3.1/../../../../arm-none-eabi/lib/thumb/v7-m/nofp\libc_nano.a(libc_a-fstatr.o)
                0x08007c08                _fstat_r
 .text._isatty_r
                0x08007c2c       0x20 C:/ST/STM32CubeIDE_1.4.0/STM32CubeIDE/plugins/com.st.stm32cube.ide.mcu.externaltools.gnu-tools-for-stm32.12.3.rel1.win32_1.1.0.202410251130/tools/bin/../lib/gcc/arm-none-eabi/12.3.1/../../../../arm-none-eabi/lib/thumb/v7-m/nofp\libc_nano.a(libc_a-isattyr.o)
                0x08007c2c                _isatty_r
 *(.glue_7)
 .glue_7        0x08007c4c        0x0 linker stubs
 *(.glue_7t)
 .glue_7t       0x08007c4c        0x0 linker stubs
 *(.eh_frame)
 .eh_frame      0x08007c4c        0x0 C:/ST/STM32CubeIDE_1.4.0/STM32CubeIDE/plugins/com.st.stm32cube.ide.mcu.externaltools.gnu-tools-for-stm32.12.3.rel1.win32_1.1.0.202410251130/tools/bin/../lib/gcc/arm-none-eabi/12.3.1/thumb/v7-m/nofp/crtbegin.o
 *(.init)
 .init          0x08007c4c        0x4 C:/ST/STM32CubeIDE_1.4.0/STM32CubeIDE/plugins/com.st.stm32cube.ide.mcu.externaltools.gnu-tools-for-stm32.12.3.rel1.win32_1.1.0.202410251130/tools/bin/../lib/gcc/arm-none-eabi/12.3.1/thumb/v7-m/nofp/crti.o
                0x08007c4c                _init
 .init          0x08007c50        0x8 C:/ST/STM32CubeIDE_1.4.0/STM32CubeIDE/plugins/com.st.stm32cube.ide.mcu.externaltools.gnu-tools-for-stm32.12.3.rel1.win32_1.1.0.202410251130/tools/bin/../lib/gcc/arm-none-eabi/12.3.1/thumb/v7-m/nofp/crtn.o
 *(.fini)
 .fini          0x08007c58        0x4 C:/ST/STM32CubeIDE_1.4.0/STM32CubeIDE/plugins/com.st.stm32cube.ide.mcu.externaltools.gnu-tools-for-stm32.12.3.rel1.win32_1.1.0.202410251130/tools/bin/../lib/gcc/arm-none-eabi/12.3.1/thumb/v7-m/nofp/crti.o
                0x08007c58                _fini
 .fini          0x08007c5c        0x8 C:/ST/STM32CubeIDE_1.4.0/STM32CubeIDE/plugins/com.st.stm32cube.ide.mcu.externaltools.gnu-tools-for-stm32.12.3.rel1.win32_1.1.0.202410251130/tools/bin/../lib/gcc/arm-none-eabi/12.3.1/thumb/v7-m/nofp/crtn.o
                0x08007c64                        . = ALIGN (0x4)
                0x08007c64                        _etext = .

.vfp11_veneer   0x08007c64        0x0
 .vfp11_veneer  0x08007c64        0x0 linker stubs

.v4_bx          0x08007c64        0x0
 .v4_bx         0x08007c64        0x0 linker stubs

.iplt           0x08007c64        0x0
 .iplt          0x08007c64        0x0 C:/ST/STM32CubeIDE_1.4.0/STM32CubeIDE/plugins/com.st.stm32cube.ide.mcu.externaltools.gnu-tools-for-stm32.12.3.rel1.win32_1.1.0.202410251130/tools/bin/../lib/gcc/arm-none-eabi/12.3.1/thumb/v7-m/nofp/crtbegin.o

.rodata         0x08007c68      0x47c
                0x08007c68                        . = ALIGN (0x4)
 *(.rodata)
 .rodata        0x08007c68       0x15 ./HAL/Node/Node.o
 *fill*         0x08007c7d        0x3 
 .rodata        0x08007c80       0x15 ./Lib/JSON/JSON_Parser.o
 *fill*         0x08007c95        0x3 
 .rodata        0x08007c98       0x49 ./Lib/JSON/cJSON.o
 *fill*         0x08007ce1        0x3 
 .rodata        0x08007ce4       0x18 ./Src/main.o
 .rodata        0x08007cfc        0xc C:/ST/STM32CubeIDE_1.4.0/STM32CubeIDE/plugins/com.st.stm32cube.ide.mcu.externaltools.gnu-tools-for-stm32.12.3.rel1.win32_1.1.0.202410251130/tools/bin/../lib/gcc/arm-none-eabi/12.3.1/../../../../arm-none-eabi/lib/thumb/v7-m/nofp\libc_nano.a(libc_a-nano-vfscanf_i.o)
 *(.rodata*)
 .rodata.default_buffer_size.0
                0x08007d08        0x4 ./Lib/JSON/cJSON.o
 .rodata._strtod_l.str1.1
                0x08007d0c        0xe C:/ST/STM32CubeIDE_1.4.0/STM32CubeIDE/plugins/com.st.stm32cube.ide.mcu.externaltools.gnu-tools-for-stm32.12.3.rel1.win32_1.1.0.202410251130/tools/bin/../lib/gcc/arm-none-eabi/12.3.1/../../../../arm-none-eabi/lib/thumb/v7-m/nofp\libc_nano.a(libc_a-strtod.o)
                                  0xf (size before relaxing)
 *fill*         0x08007d1a        0x2 
 .rodata.fpinan.0
                0x08007d1c       0x14 C:/ST/STM32CubeIDE_1.4.0/STM32CubeIDE/plugins/com.st.stm32cube.ide.mcu.externaltools.gnu-tools-for-stm32.12.3.rel1.win32_1.1.0.202410251130/tools/bin/../lib/gcc/arm-none-eabi/12.3.1/../../../../arm-none-eabi/lib/thumb/v7-m/nofp\libc_nano.a(libc_a-strtod.o)
 .rodata.fpi.1  0x08007d30       0x14 C:/ST/STM32CubeIDE_1.4.0/STM32CubeIDE/plugins/com.st.stm32cube.ide.mcu.externaltools.gnu-tools-for-stm32.12.3.rel1.win32_1.1.0.202410251130/tools/bin/../lib/gcc/arm-none-eabi/12.3.1/../../../../arm-none-eabi/lib/thumb/v7-m/nofp\libc_nano.a(libc_a-strtod.o)
 *fill*         0x08007d44        0x4 
 .rodata.tinytens
                0x08007d48       0x28 C:/ST/STM32CubeIDE_1.4.0/STM32CubeIDE/plugins/com.st.stm32cube.ide.mcu.externaltools.gnu-tools-for-stm32.12.3.rel1.win32_1.1.0.202410251130/tools/bin/../lib/gcc/arm-none-eabi/12.3.1/../../../../arm-none-eabi/lib/thumb/v7-m/nofp\libc_nano.a(libc_a-strtod.o)
 .rodata._ctype_
                0x08007d70      0x101 C:/ST/STM32CubeIDE_1.4.0/STM32CubeIDE/plugins/com.st.stm32cube.ide.mcu.externaltools.gnu-tools-for-stm32.12.3.rel1.win32_1.1.0.202410251130/tools/bin/../lib/gcc/arm-none-eabi/12.3.1/../../../../arm-none-eabi/lib/thumb/v7-m/nofp\libc_nano.a(libc_a-ctype_.o)
                0x08007d70                _ctype_
 .rodata._setlocale_r.str1.1
                0x08007e71        0x8 C:/ST/STM32CubeIDE_1.4.0/STM32CubeIDE/plugins/com.st.stm32cube.ide.mcu.externaltools.gnu-tools-for-stm32.12.3.rel1.win32_1.1.0.202410251130/tools/bin/../lib/gcc/arm-none-eabi/12.3.1/../../../../arm-none-eabi/lib/thumb/v7-m/nofp\libc_nano.a(libc_a-locale.o)
                                  0x9 (size before relaxing)
 .rodata.str1.1
                0x08007e79        0x2 C:/ST/STM32CubeIDE_1.4.0/STM32CubeIDE/plugins/com.st.stm32cube.ide.mcu.externaltools.gnu-tools-for-stm32.12.3.rel1.win32_1.1.0.202410251130/tools/bin/../lib/gcc/arm-none-eabi/12.3.1/../../../../arm-none-eabi/lib/thumb/v7-m/nofp\libc_nano.a(libc_a-locale.o)
 .rodata.__gethex.str1.1
                0x08007e79       0x71 C:/ST/STM32CubeIDE_1.4.0/STM32CubeIDE/plugins/com.st.stm32cube.ide.mcu.externaltools.gnu-tools-for-stm32.12.3.rel1.win32_1.1.0.202410251130/tools/bin/../lib/gcc/arm-none-eabi/12.3.1/../../../../arm-none-eabi/lib/thumb/v7-m/nofp\libc_nano.a(libc_a-gdtoa-gethex.o)
                                 0x73 (size before relaxing)
 .rodata._Balloc.str1.1
                0x08007eea       0x70 C:/ST/STM32CubeIDE_1.4.0/STM32CubeIDE/plugins/com.st.stm32cube.ide.mcu.externaltools.gnu-tools-for-stm32.12.3.rel1.win32_1.1.0.202410251130/tools/bin/../lib/gcc/arm-none-eabi/12.3.1/../../../../arm-none-eabi/lib/thumb/v7-m/nofp\libc_nano.a(libc_a-mprec.o)
 .rodata.__multadd.str1.1
                0x08007f5a       0x11 C:/ST/STM32CubeIDE_1.4.0/STM32CubeIDE/plugins/com.st.stm32cube.ide.mcu.externaltools.gnu-tools-for-stm32.12.3.rel1.win32_1.1.0.202410251130/tools/bin/../lib/gcc/arm-none-eabi/12.3.1/../../../../arm-none-eabi/lib/thumb/v7-m/nofp\libc_nano.a(libc_a-mprec.o)
 *fill*         0x08007f5a        0x2 
 .rodata.p05.0  0x08007f5c        0xc C:/ST/STM32CubeIDE_1.4.0/STM32CubeIDE/plugins/com.st.stm32cube.ide.mcu.externaltools.gnu-tools-for-stm32.12.3.rel1.win32_1.1.0.202410251130/tools/bin/../lib/gcc/arm-none-eabi/12.3.1/../../../../arm-none-eabi/lib/thumb/v7-m/nofp\libc_nano.a(libc_a-mprec.o)
 .rodata.__mprec_bigtens
                0x08007f68       0x28 C:/ST/STM32CubeIDE_1.4.0/STM32CubeIDE/plugins/com.st.stm32cube.ide.mcu.externaltools.gnu-tools-for-stm32.12.3.rel1.win32_1.1.0.202410251130/tools/bin/../lib/gcc/arm-none-eabi/12.3.1/../../../../arm-none-eabi/lib/thumb/v7-m/nofp\libc_nano.a(libc_a-mprec.o)
                0x08007f68                __mprec_bigtens
 .rodata.__mprec_tens
                0x08007f90       0xc8 C:/ST/STM32CubeIDE_1.4.0/STM32CubeIDE/plugins/com.st.stm32cube.ide.mcu.externaltools.gnu-tools-for-stm32.12.3.rel1.win32_1.1.0.202410251130/tools/bin/../lib/gcc/arm-none-eabi/12.3.1/../../../../arm-none-eabi/lib/thumb/v7-m/nofp\libc_nano.a(libc_a-mprec.o)
                0x08007f90                __mprec_tens
 .rodata._svfprintf_r.str1.1
                0x08008058       0x11 C:/ST/STM32CubeIDE_1.4.0/STM32CubeIDE/plugins/com.st.stm32cube.ide.mcu.externaltools.gnu-tools-for-stm32.12.3.rel1.win32_1.1.0.202410251130/tools/bin/../lib/gcc/arm-none-eabi/12.3.1/../../../../arm-none-eabi/lib/thumb/v7-m/nofp\libc_nano.a(libc_a-nano-svfprintf.o)
 .rodata.__ssvfscanf_r.str1.1
                0x08008069        0x4 C:/ST/STM32CubeIDE_1.4.0/STM32CubeIDE/plugins/com.st.stm32cube.ide.mcu.externaltools.gnu-tools-for-stm32.12.3.rel1.win32_1.1.0.202410251130/tools/bin/../lib/gcc/arm-none-eabi/12.3.1/../../../../arm-none-eabi/lib/thumb/v7-m/nofp\libc_nano.a(libc_a-nano-svfscanf.o)
 .rodata._printf_i.str1.1
                0x08008069       0x22 C:/ST/STM32CubeIDE_1.4.0/STM32CubeIDE/plugins/com.st.stm32cube.ide.mcu.externaltools.gnu-tools-for-stm32.12.3.rel1.win32_1.1.0.202410251130/tools/bin/../lib/gcc/arm-none-eabi/12.3.1/../../../../arm-none-eabi/lib/thumb/v7-m/nofp\libc_nano.a(libc_a-nano-vfprintf_i.o)
 .rodata._scanf_i.str1.1
                0x0800808b       0x12 C:/ST/STM32CubeIDE_1.4.0/STM32CubeIDE/plugins/com.st.stm32cube.ide.mcu.externaltools.gnu-tools-for-stm32.12.3.rel1.win32_1.1.0.202410251130/tools/bin/../lib/gcc/arm-none-eabi/12.3.1/../../../../arm-none-eabi/lib/thumb/v7-m/nofp\libc_nano.a(libc_a-nano-vfscanf_i.o)
 .rodata.str1.1
                0x0800809d        0x9 C:/ST/STM32CubeIDE_1.4.0/STM32CubeIDE/plugins/com.st.stm32cube.ide.mcu.externaltools.gnu-tools-for-stm32.12.3.rel1.win32_1.1.0.202410251130/tools/bin/../lib/gcc/arm-none-eabi/12.3.1/../../../../arm-none-eabi/lib/thumb/v7-m/nofp\libc_nano.a(libc_a-nano-vfscanf_i.o)
 .rodata.__assert_func.str1.1
                0x080080a6       0x3c C:/ST/STM32CubeIDE_1.4.0/STM32CubeIDE/plugins/com.st.stm32cube.ide.mcu.externaltools.gnu-tools-for-stm32.12.3.rel1.win32_1.1.0.202410251130/tools/bin/../lib/gcc/arm-none-eabi/12.3.1/../../../../arm-none-eabi/lib/thumb/v7-m/nofp\libc_nano.a(libc_a-assert.o)
                                 0x3d (size before relaxing)
 .rodata._vfprintf_r.str1.1
                0x080080e2       0x11 C:/ST/STM32CubeIDE_1.4.0/STM32CubeIDE/plugins/com.st.stm32cube.ide.mcu.externaltools.gnu-tools-for-stm32.12.3.rel1.win32_1.1.0.202410251130/tools/bin/../lib/gcc/arm-none-eabi/12.3.1/../../../../arm-none-eabi/lib/thumb/v7-m/nofp\libc_nano.a(libc_a-nano-vfprintf.o)
                0x080080f4                        . = ALIGN (0x4)
 *fill*         0x080080e2        0x2 

.ARM.extab      0x080080e4        0x0
                0x080080e4                        . = ALIGN (0x4)
 *(.ARM.extab* .gnu.linkonce.armextab.*)
                0x080080e4                        . = ALIGN (0x4)

.ARM            0x080080e4        0x8
                0x080080e4                        . = ALIGN (0x4)
                0x080080e4                        __exidx_start = .
 *(.ARM.exidx*)
 .ARM.exidx     0x080080e4        0x8 C:/ST/STM32CubeIDE_1.4.0/STM32CubeIDE/plugins/com.st.stm32cube.ide.mcu.externaltools.gnu-tools-for-stm32.12.3.rel1.win32_1.1.0.202410251130/tools/bin/../lib/gcc/arm-none-eabi/12.3.1/../../../../arm-none-eabi/lib/thumb/v7-m/nofp\libc_nano.a(libc_a-strcmp.o)
 .ARM.exidx     0x080080ec        0x0 C:/ST/STM32CubeIDE_1.4.0/STM32CubeIDE/plugins/com.st.stm32cube.ide.mcu.externaltools.gnu-tools-for-stm32.12.3.rel1.win32_1.1.0.202410251130/tools/bin/../lib/gcc/arm-none-eabi/12.3.1/../../../../arm-none-eabi/lib/thumb/v7-m/nofp\libc_nano.a(libc_a-strlen.o)
                                  0x8 (size before relaxing)
                0x080080ec                        __exidx_end = .
                0x080080ec                        . = ALIGN (0x4)

.preinit_array  0x080080ec        0x0
                0x080080ec                        . = ALIGN (0x4)
                0x080080ec                        PROVIDE (__preinit_array_start = .)
 *(.preinit_array*)
                0x080080ec                        PROVIDE (__preinit_array_end = .)
                0x080080ec                        . = ALIGN (0x4)

.init_array     0x080080ec        0x4
                0x080080ec                        . = ALIGN (0x4)
                0x080080ec                        PROVIDE (__init_array_start = .)
 *(SORT_BY_NAME(.init_array.*))
 *(.init_array*)
 .init_array    0x080080ec        0x4 C:/ST/STM32CubeIDE_1.4.0/STM32CubeIDE/plugins/com.st.stm32cube.ide.mcu.externaltools.gnu-tools-for-stm32.12.3.rel1.win32_1.1.0.202410251130/tools/bin/../lib/gcc/arm-none-eabi/12.3.1/thumb/v7-m/nofp/crtbegin.o
                0x080080f0                        PROVIDE (__init_array_end = .)
                0x080080f0                        . = ALIGN (0x4)

.fini_array     0x080080f0        0x4
                0x080080f0                        . = ALIGN (0x4)
                [!provide]                        PROVIDE (__fini_array_start = .)
 *(SORT_BY_NAME(.fini_array.*))
 *(.fini_array*)
 .fini_array    0x080080f0        0x4 C:/ST/STM32CubeIDE_1.4.0/STM32CubeIDE/plugins/com.st.stm32cube.ide.mcu.externaltools.gnu-tools-for-stm32.12.3.rel1.win32_1.1.0.202410251130/tools/bin/../lib/gcc/arm-none-eabi/12.3.1/thumb/v7-m/nofp/crtbegin.o
                [!provide]                        PROVIDE (__fini_array_end = .)
                0x080080f4                        . = ALIGN (0x4)
                0x080080f4                        _sidata = LOADADDR (.data)

.rel.dyn        0x080080f4        0x0
 .rel.iplt      0x080080f4        0x0 C:/ST/STM32CubeIDE_1.4.0/STM32CubeIDE/plugins/com.st.stm32cube.ide.mcu.externaltools.gnu-tools-for-stm32.12.3.rel1.win32_1.1.0.202410251130/tools/bin/../lib/gcc/arm-none-eabi/12.3.1/thumb/v7-m/nofp/crtbegin.o

.data           0x20000000      0x1f0 load address 0x080080f4
                0x20000000                        . = ALIGN (0x4)
                0x20000000                        _sdata = .
 *(.data)
 *(.data*)
 .data.global_hooks
                0x20000000        0xc ./Lib/JSON/cJSON.o
 .data.APB_PrescTable
                0x2000000c        0x8 ./MCAL/RCC/RCC.o
                0x2000000c                APB_PrescTable
 .data.AHB_PrescTable
                0x20000014       0x10 ./MCAL/RCC/RCC.o
                0x20000014                AHB_PrescTable
 .data.microSecond
                0x20000024        0x4 ./MCAL/SYSTICK/SYSTICK.o
 .data.__sglue  0x20000028        0xc C:/ST/STM32CubeIDE_1.4.0/STM32CubeIDE/plugins/com.st.stm32cube.ide.mcu.externaltools.gnu-tools-for-stm32.12.3.rel1.win32_1.1.0.202410251130/tools/bin/../lib/gcc/arm-none-eabi/12.3.1/../../../../arm-none-eabi/lib/thumb/v7-m/nofp\libc_nano.a(libc_a-findfp.o)
                0x20000028                __sglue
 .data.__global_locale
                0x20000034      0x16c C:/ST/STM32CubeIDE_1.4.0/STM32CubeIDE/plugins/com.st.stm32cube.ide.mcu.externaltools.gnu-tools-for-stm32.12.3.rel1.win32_1.1.0.202410251130/tools/bin/../lib/gcc/arm-none-eabi/12.3.1/../../../../arm-none-eabi/lib/thumb/v7-m/nofp\libc_nano.a(libc_a-locale.o)
                0x20000034                __global_locale
 .data._impure_ptr
                0x200001a0        0x4 C:/ST/STM32CubeIDE_1.4.0/STM32CubeIDE/plugins/com.st.stm32cube.ide.mcu.externaltools.gnu-tools-for-stm32.12.3.rel1.win32_1.1.0.202410251130/tools/bin/../lib/gcc/arm-none-eabi/12.3.1/../../../../arm-none-eabi/lib/thumb/v7-m/nofp\libc_nano.a(libc_a-impure.o)
                0x200001a0                _impure_ptr
 .data._impure_data
                0x200001a4       0x4c C:/ST/STM32CubeIDE_1.4.0/STM32CubeIDE/plugins/com.st.stm32cube.ide.mcu.externaltools.gnu-tools-for-stm32.12.3.rel1.win32_1.1.0.202410251130/tools/bin/../lib/gcc/arm-none-eabi/12.3.1/../../../../arm-none-eabi/lib/thumb/v7-m/nofp\libc_nano.a(libc_a-impure.o)
                0x200001a4                _impure_data
 *(.RamFunc)
 *(.RamFunc*)
                0x200001f0                        . = ALIGN (0x4)
                0x200001f0                        _edata = .

.igot.plt       0x200001f0        0x0 load address 0x080082e4
 .igot.plt      0x200001f0        0x0 C:/ST/STM32CubeIDE_1.4.0/STM32CubeIDE/plugins/com.st.stm32cube.ide.mcu.externaltools.gnu-tools-for-stm32.12.3.rel1.win32_1.1.0.202410251130/tools/bin/../lib/gcc/arm-none-eabi/12.3.1/thumb/v7-m/nofp/crtbegin.o
                0x200001f0                        . = ALIGN (0x4)

.bss            0x200001f0      0x1fc load address 0x080082e4
                0x200001f0                        _sbss = .
                0x200001f0                        __bss_start__ = _sbss
 *(.bss)
 .bss           0x200001f0       0x1c C:/ST/STM32CubeIDE_1.4.0/STM32CubeIDE/plugins/com.st.stm32cube.ide.mcu.externaltools.gnu-tools-for-stm32.12.3.rel1.win32_1.1.0.202410251130/tools/bin/../lib/gcc/arm-none-eabi/12.3.1/thumb/v7-m/nofp/crtbegin.o
 *(.bss*)
 .bss.buffer    0x2000020c        0x5 ./HAL/Node/Node.o
                0x2000020c                buffer
 *fill*         0x20000211        0x3 
 .bss.global_error
                0x20000214        0x8 ./Lib/JSON/cJSON.o
 .bss.GP_Fun    0x2000021c       0x40 ./MCAL/EXTI/EXTI.o
                0x2000021c                GP_Fun
 .bss.P_CallBack_Fun
                0x2000025c        0x4 ./MCAL/SYSTICK/SYSTICK.o
                0x2000025c                P_CallBack_Fun
 .bss.Global_pinConfig
                0x20000260       0x3c ./MCAL/USART/USART.o
 .bss.__sbrk_heap_end
                0x2000029c        0x4 ./Src/sysmem.o
 .bss.__malloc_sbrk_start
                0x200002a0        0x4 C:/ST/STM32CubeIDE_1.4.0/STM32CubeIDE/plugins/com.st.stm32cube.ide.mcu.externaltools.gnu-tools-for-stm32.12.3.rel1.win32_1.1.0.202410251130/tools/bin/../lib/gcc/arm-none-eabi/12.3.1/../../../../arm-none-eabi/lib/thumb/v7-m/nofp\libc_nano.a(libc_a-mallocr.o)
                0x200002a0                __malloc_sbrk_start
 .bss.__malloc_free_list
                0x200002a4        0x4 C:/ST/STM32CubeIDE_1.4.0/STM32CubeIDE/plugins/com.st.stm32cube.ide.mcu.externaltools.gnu-tools-for-stm32.12.3.rel1.win32_1.1.0.202410251130/tools/bin/../lib/gcc/arm-none-eabi/12.3.1/../../../../arm-none-eabi/lib/thumb/v7-m/nofp\libc_nano.a(libc_a-mallocr.o)
                0x200002a4                __malloc_free_list
 .bss.__sf      0x200002a8      0x138 C:/ST/STM32CubeIDE_1.4.0/STM32CubeIDE/plugins/com.st.stm32cube.ide.mcu.externaltools.gnu-tools-for-stm32.12.3.rel1.win32_1.1.0.202410251130/tools/bin/../lib/gcc/arm-none-eabi/12.3.1/../../../../arm-none-eabi/lib/thumb/v7-m/nofp\libc_nano.a(libc_a-findfp.o)
                0x200002a8                __sf
 .bss.__stdio_exit_handler
                0x200003e0        0x4 C:/ST/STM32CubeIDE_1.4.0/STM32CubeIDE/plugins/com.st.stm32cube.ide.mcu.externaltools.gnu-tools-for-stm32.12.3.rel1.win32_1.1.0.202410251130/tools/bin/../lib/gcc/arm-none-eabi/12.3.1/../../../../arm-none-eabi/lib/thumb/v7-m/nofp\libc_nano.a(libc_a-findfp.o)
                0x200003e0                __stdio_exit_handler
 .bss.errno     0x200003e4        0x4 C:/ST/STM32CubeIDE_1.4.0/STM32CubeIDE/plugins/com.st.stm32cube.ide.mcu.externaltools.gnu-tools-for-stm32.12.3.rel1.win32_1.1.0.202410251130/tools/bin/../lib/gcc/arm-none-eabi/12.3.1/../../../../arm-none-eabi/lib/thumb/v7-m/nofp\libc_nano.a(libc_a-reent.o)
                0x200003e4                errno
 .bss.__lock___malloc_recursive_mutex
                0x200003e8        0x1 C:/ST/STM32CubeIDE_1.4.0/STM32CubeIDE/plugins/com.st.stm32cube.ide.mcu.externaltools.gnu-tools-for-stm32.12.3.rel1.win32_1.1.0.202410251130/tools/bin/../lib/gcc/arm-none-eabi/12.3.1/../../../../arm-none-eabi/lib/thumb/v7-m/nofp\libc_nano.a(libc_a-lock.o)
                0x200003e8                __lock___malloc_recursive_mutex
 .bss.__lock___sfp_recursive_mutex
                0x200003e9        0x1 C:/ST/STM32CubeIDE_1.4.0/STM32CubeIDE/plugins/com.st.stm32cube.ide.mcu.externaltools.gnu-tools-for-stm32.12.3.rel1.win32_1.1.0.202410251130/tools/bin/../lib/gcc/arm-none-eabi/12.3.1/../../../../arm-none-eabi/lib/thumb/v7-m/nofp\libc_nano.a(libc_a-lock.o)
                0x200003e9                __lock___sfp_recursive_mutex
 *(COMMON)
                0x200003ec                        . = ALIGN (0x4)
 *fill*         0x200003ea        0x2 
                0x200003ec                        _ebss = .
                0x200003ec                        __bss_end__ = _ebss

._user_heap_stack
                0x200003ec      0x604 load address 0x080082e4
                0x200003f0                        . = ALIGN (0x8)
 *fill*         0x200003ec        0x4 
                [!provide]                        PROVIDE (end = .)
                0x200003f0                        PROVIDE (_end = .)
                0x200005f0                        . = (. + _Min_Heap_Size)
 *fill*         0x200003f0      0x200 
                0x200009f0                        . = (. + _Min_Stack_Size)
 *fill*         0x200005f0      0x400 
                0x200009f0                        . = ALIGN (0x8)

/DISCARD/
 libc.a(*)
 libm.a(*)
 libgcc.a(*)

.ARM.attributes
                0x00000000       0x29
 *(.ARM.attributes)
 .ARM.attributes
                0x00000000       0x1d C:/ST/STM32CubeIDE_1.4.0/STM32CubeIDE/plugins/com.st.stm32cube.ide.mcu.externaltools.gnu-tools-for-stm32.12.3.rel1.win32_1.1.0.202410251130/tools/bin/../lib/gcc/arm-none-eabi/12.3.1/thumb/v7-m/nofp/crti.o
 .ARM.attributes
                0x0000001d       0x2d C:/ST/STM32CubeIDE_1.4.0/STM32CubeIDE/plugins/com.st.stm32cube.ide.mcu.externaltools.gnu-tools-for-stm32.12.3.rel1.win32_1.1.0.202410251130/tools/bin/../lib/gcc/arm-none-eabi/12.3.1/thumb/v7-m/nofp/crtbegin.o
 .ARM.attributes
                0x0000004a       0x2d ./HAL/LDR/LDR.o
 .ARM.attributes
                0x00000077       0x2d ./HAL/LM35/LM35.o
 .ARM.attributes
                0x000000a4       0x2d ./HAL/Node/Node.o
 .ARM.attributes
                0x000000d1       0x2d ./HAL/RelayModule/Relay.o
 .ARM.attributes
                0x000000fe       0x2d ./Lib/JSON/JSON_Parser.o
 .ARM.attributes
                0x0000012b       0x2d ./Lib/JSON/cJSON.o
 .ARM.attributes
                0x00000158       0x2d ./MCAL/ADC/ADC.o
 .ARM.attributes
                0x00000185       0x2d ./MCAL/EXTI/EXTI.o
 .ARM.attributes
                0x000001b2       0x2d ./MCAL/GPIO/GPIO.o
 .ARM.attributes
                0x000001df       0x2d ./MCAL/NVIC/NVIC.o
 .ARM.attributes
                0x0000020c       0x2d ./MCAL/RCC/RCC.o
 .ARM.attributes
                0x00000239       0x2d ./MCAL/SYSTICK/SYSTICK.o
 .ARM.attributes
                0x00000266       0x2d ./MCAL/USART/USART.o
 .ARM.attributes
                0x00000293       0x2d ./Src/main.o
 .ARM.attributes
                0x000002c0       0x2d ./Src/syscalls.o
 .ARM.attributes
                0x000002ed       0x2d ./Src/sysmem.o
 .ARM.attributes
                0x0000031a       0x21 ./Startup/startup_stm32f103c8tx.o
 .ARM.attributes
                0x0000033b       0x2d C:/ST/STM32CubeIDE_1.4.0/STM32CubeIDE/plugins/com.st.stm32cube.ide.mcu.externaltools.gnu-tools-for-stm32.12.3.rel1.win32_1.1.0.202410251130/tools/bin/../lib/gcc/arm-none-eabi/12.3.1/../../../../arm-none-eabi/lib/thumb/v7-m/nofp\libc_nano.a(libc_a-malloc.o)
 .ARM.attributes
                0x00000368       0x2d C:/ST/STM32CubeIDE_1.4.0/STM32CubeIDE/plugins/com.st.stm32cube.ide.mcu.externaltools.gnu-tools-for-stm32.12.3.rel1.win32_1.1.0.202410251130/tools/bin/../lib/gcc/arm-none-eabi/12.3.1/../../../../arm-none-eabi/lib/thumb/v7-m/nofp\libc_nano.a(libc_a-mallocr.o)
 .ARM.attributes
                0x00000395       0x2d C:/ST/STM32CubeIDE_1.4.0/STM32CubeIDE/plugins/com.st.stm32cube.ide.mcu.externaltools.gnu-tools-for-stm32.12.3.rel1.win32_1.1.0.202410251130/tools/bin/../lib/gcc/arm-none-eabi/12.3.1/../../../../arm-none-eabi/lib/thumb/v7-m/nofp\libc_nano.a(libc_a-mlock.o)
 .ARM.attributes
                0x000003c2       0x2d C:/ST/STM32CubeIDE_1.4.0/STM32CubeIDE/plugins/com.st.stm32cube.ide.mcu.externaltools.gnu-tools-for-stm32.12.3.rel1.win32_1.1.0.202410251130/tools/bin/../lib/gcc/arm-none-eabi/12.3.1/../../../../arm-none-eabi/lib/thumb/v7-m/nofp\libc_nano.a(libc_a-realloc.o)
 .ARM.attributes
                0x000003ef       0x2d C:/ST/STM32CubeIDE_1.4.0/STM32CubeIDE/plugins/com.st.stm32cube.ide.mcu.externaltools.gnu-tools-for-stm32.12.3.rel1.win32_1.1.0.202410251130/tools/bin/../lib/gcc/arm-none-eabi/12.3.1/../../../../arm-none-eabi/lib/thumb/v7-m/nofp\libc_nano.a(libc_a-reallocr.o)
 .ARM.attributes
                0x0000041c       0x2d C:/ST/STM32CubeIDE_1.4.0/STM32CubeIDE/plugins/com.st.stm32cube.ide.mcu.externaltools.gnu-tools-for-stm32.12.3.rel1.win32_1.1.0.202410251130/tools/bin/../lib/gcc/arm-none-eabi/12.3.1/../../../../arm-none-eabi/lib/thumb/v7-m/nofp\libc_nano.a(libc_a-strtod.o)
 .ARM.attributes
                0x00000449       0x2d C:/ST/STM32CubeIDE_1.4.0/STM32CubeIDE/plugins/com.st.stm32cube.ide.mcu.externaltools.gnu-tools-for-stm32.12.3.rel1.win32_1.1.0.202410251130/tools/bin/../lib/gcc/arm-none-eabi/12.3.1/../../../../arm-none-eabi/lib/thumb/v7-m/nofp\libc_nano.a(libc_a-strtol.o)
 .ARM.attributes
                0x00000476       0x2d C:/ST/STM32CubeIDE_1.4.0/STM32CubeIDE/plugins/com.st.stm32cube.ide.mcu.externaltools.gnu-tools-for-stm32.12.3.rel1.win32_1.1.0.202410251130/tools/bin/../lib/gcc/arm-none-eabi/12.3.1/../../../../arm-none-eabi/lib/thumb/v7-m/nofp\libc_nano.a(libc_a-ctype_.o)
 .ARM.attributes
                0x000004a3       0x2d C:/ST/STM32CubeIDE_1.4.0/STM32CubeIDE/plugins/com.st.stm32cube.ide.mcu.externaltools.gnu-tools-for-stm32.12.3.rel1.win32_1.1.0.202410251130/tools/bin/../lib/gcc/arm-none-eabi/12.3.1/../../../../arm-none-eabi/lib/thumb/v7-m/nofp\libc_nano.a(libc_a-findfp.o)
 .ARM.attributes
                0x000004d0       0x2d C:/ST/STM32CubeIDE_1.4.0/STM32CubeIDE/plugins/com.st.stm32cube.ide.mcu.externaltools.gnu-tools-for-stm32.12.3.rel1.win32_1.1.0.202410251130/tools/bin/../lib/gcc/arm-none-eabi/12.3.1/../../../../arm-none-eabi/lib/thumb/v7-m/nofp\libc_nano.a(libc_a-fwalk.o)
 .ARM.attributes
                0x000004fd       0x2d C:/ST/STM32CubeIDE_1.4.0/STM32CubeIDE/plugins/com.st.stm32cube.ide.mcu.externaltools.gnu-tools-for-stm32.12.3.rel1.win32_1.1.0.202410251130/tools/bin/../lib/gcc/arm-none-eabi/12.3.1/../../../../arm-none-eabi/lib/thumb/v7-m/nofp\libc_nano.a(libc_a-sprintf.o)
 .ARM.attributes
                0x0000052a       0x2d C:/ST/STM32CubeIDE_1.4.0/STM32CubeIDE/plugins/com.st.stm32cube.ide.mcu.externaltools.gnu-tools-for-stm32.12.3.rel1.win32_1.1.0.202410251130/tools/bin/../lib/gcc/arm-none-eabi/12.3.1/../../../../arm-none-eabi/lib/thumb/v7-m/nofp\libc_nano.a(libc_a-sscanf.o)
 .ARM.attributes
                0x00000557       0x2d C:/ST/STM32CubeIDE_1.4.0/STM32CubeIDE/plugins/com.st.stm32cube.ide.mcu.externaltools.gnu-tools-for-stm32.12.3.rel1.win32_1.1.0.202410251130/tools/bin/../lib/gcc/arm-none-eabi/12.3.1/../../../../arm-none-eabi/lib/thumb/v7-m/nofp\libc_nano.a(libc_a-stdio.o)
 .ARM.attributes
                0x00000584       0x2d C:/ST/STM32CubeIDE_1.4.0/STM32CubeIDE/plugins/com.st.stm32cube.ide.mcu.externaltools.gnu-tools-for-stm32.12.3.rel1.win32_1.1.0.202410251130/tools/bin/../lib/gcc/arm-none-eabi/12.3.1/../../../../arm-none-eabi/lib/thumb/v7-m/nofp\libc_nano.a(libc_a-memset.o)
 .ARM.attributes
                0x000005b1       0x2d C:/ST/STM32CubeIDE_1.4.0/STM32CubeIDE/plugins/com.st.stm32cube.ide.mcu.externaltools.gnu-tools-for-stm32.12.3.rel1.win32_1.1.0.202410251130/tools/bin/../lib/gcc/arm-none-eabi/12.3.1/../../../../arm-none-eabi/lib/thumb/v7-m/nofp\libc_nano.a(libc_a-strncmp.o)
 .ARM.attributes
                0x000005de       0x2d C:/ST/STM32CubeIDE_1.4.0/STM32CubeIDE/plugins/com.st.stm32cube.ide.mcu.externaltools.gnu-tools-for-stm32.12.3.rel1.win32_1.1.0.202410251130/tools/bin/../lib/gcc/arm-none-eabi/12.3.1/../../../../arm-none-eabi/lib/thumb/v7-m/nofp\libc_nano.a(libc_a-strncpy.o)
 .ARM.attributes
                0x0000060b       0x2d C:/ST/STM32CubeIDE_1.4.0/STM32CubeIDE/plugins/com.st.stm32cube.ide.mcu.externaltools.gnu-tools-for-stm32.12.3.rel1.win32_1.1.0.202410251130/tools/bin/../lib/gcc/arm-none-eabi/12.3.1/../../../../arm-none-eabi/lib/thumb/v7-m/nofp\libc_nano.a(libc_a-locale.o)
 .ARM.attributes
                0x00000638       0x2d C:/ST/STM32CubeIDE_1.4.0/STM32CubeIDE/plugins/com.st.stm32cube.ide.mcu.externaltools.gnu-tools-for-stm32.12.3.rel1.win32_1.1.0.202410251130/tools/bin/../lib/gcc/arm-none-eabi/12.3.1/../../../../arm-none-eabi/lib/thumb/v7-m/nofp\libc_nano.a(libc_a-closer.o)
 .ARM.attributes
                0x00000665       0x2d C:/ST/STM32CubeIDE_1.4.0/STM32CubeIDE/plugins/com.st.stm32cube.ide.mcu.externaltools.gnu-tools-for-stm32.12.3.rel1.win32_1.1.0.202410251130/tools/bin/../lib/gcc/arm-none-eabi/12.3.1/../../../../arm-none-eabi/lib/thumb/v7-m/nofp\libc_nano.a(libc_a-reent.o)
 .ARM.attributes
                0x00000692       0x2d C:/ST/STM32CubeIDE_1.4.0/STM32CubeIDE/plugins/com.st.stm32cube.ide.mcu.externaltools.gnu-tools-for-stm32.12.3.rel1.win32_1.1.0.202410251130/tools/bin/../lib/gcc/arm-none-eabi/12.3.1/../../../../arm-none-eabi/lib/thumb/v7-m/nofp\libc_nano.a(libc_a-impure.o)
 .ARM.attributes
                0x000006bf       0x2d C:/ST/STM32CubeIDE_1.4.0/STM32CubeIDE/plugins/com.st.stm32cube.ide.mcu.externaltools.gnu-tools-for-stm32.12.3.rel1.win32_1.1.0.202410251130/tools/bin/../lib/gcc/arm-none-eabi/12.3.1/../../../../arm-none-eabi/lib/thumb/v7-m/nofp\libc_nano.a(libc_a-lseekr.o)
 .ARM.attributes
                0x000006ec       0x2d C:/ST/STM32CubeIDE_1.4.0/STM32CubeIDE/plugins/com.st.stm32cube.ide.mcu.externaltools.gnu-tools-for-stm32.12.3.rel1.win32_1.1.0.202410251130/tools/bin/../lib/gcc/arm-none-eabi/12.3.1/../../../../arm-none-eabi/lib/thumb/v7-m/nofp\libc_nano.a(libc_a-readr.o)
 .ARM.attributes
                0x00000719       0x2d C:/ST/STM32CubeIDE_1.4.0/STM32CubeIDE/plugins/com.st.stm32cube.ide.mcu.externaltools.gnu-tools-for-stm32.12.3.rel1.win32_1.1.0.202410251130/tools/bin/../lib/gcc/arm-none-eabi/12.3.1/../../../../arm-none-eabi/lib/thumb/v7-m/nofp\libc_nano.a(libc_a-sbrkr.o)
 .ARM.attributes
                0x00000746       0x2d C:/ST/STM32CubeIDE_1.4.0/STM32CubeIDE/plugins/com.st.stm32cube.ide.mcu.externaltools.gnu-tools-for-stm32.12.3.rel1.win32_1.1.0.202410251130/tools/bin/../lib/gcc/arm-none-eabi/12.3.1/../../../../arm-none-eabi/lib/thumb/v7-m/nofp\libc_nano.a(libc_a-writer.o)
 .ARM.attributes
                0x00000773       0x2d C:/ST/STM32CubeIDE_1.4.0/STM32CubeIDE/plugins/com.st.stm32cube.ide.mcu.externaltools.gnu-tools-for-stm32.12.3.rel1.win32_1.1.0.202410251130/tools/bin/../lib/gcc/arm-none-eabi/12.3.1/../../../../arm-none-eabi/lib/thumb/v7-m/nofp\libc_nano.a(libc_a-errno.o)
 .ARM.attributes
                0x000007a0       0x2d C:/ST/STM32CubeIDE_1.4.0/STM32CubeIDE/plugins/com.st.stm32cube.ide.mcu.externaltools.gnu-tools-for-stm32.12.3.rel1.win32_1.1.0.202410251130/tools/bin/../lib/gcc/arm-none-eabi/12.3.1/../../../../arm-none-eabi/lib/thumb/v7-m/nofp\libc_nano.a(libc_a-init.o)
 .ARM.attributes
                0x000007cd       0x2d C:/ST/STM32CubeIDE_1.4.0/STM32CubeIDE/plugins/com.st.stm32cube.ide.mcu.externaltools.gnu-tools-for-stm32.12.3.rel1.win32_1.1.0.202410251130/tools/bin/../lib/gcc/arm-none-eabi/12.3.1/../../../../arm-none-eabi/lib/thumb/v7-m/nofp\libc_nano.a(libc_a-lock.o)
 .ARM.attributes
                0x000007fa       0x1b C:/ST/STM32CubeIDE_1.4.0/STM32CubeIDE/plugins/com.st.stm32cube.ide.mcu.externaltools.gnu-tools-for-stm32.12.3.rel1.win32_1.1.0.202410251130/tools/bin/../lib/gcc/arm-none-eabi/12.3.1/../../../../arm-none-eabi/lib/thumb/v7-m/nofp\libc_nano.a(libc_a-strcmp.o)
 .ARM.attributes
                0x00000815       0x2d C:/ST/STM32CubeIDE_1.4.0/STM32CubeIDE/plugins/com.st.stm32cube.ide.mcu.externaltools.gnu-tools-for-stm32.12.3.rel1.win32_1.1.0.202410251130/tools/bin/../lib/gcc/arm-none-eabi/12.3.1/../../../../arm-none-eabi/lib/thumb/v7-m/nofp\libc_nano.a(libc_a-memcpy-stub.o)
 .ARM.attributes