Archive member included to satisfy reference by file (symbol)

C:/ST/STM32CubeIDE_1.4.0/STM32CubeIDE/plugins/com.st.stm32cube.ide.mcu.externaltools.gnu-tools-for-stm32.12.3.rel1.win32_1.1.0.202410251130/tools/bin/../lib/gcc/arm-none-eabi/12.3.1/../../../../arm-none-eabi/lib/thumb/v7-m/nofp\libc_nano.a(libc_a-exit.o)
                              C:/ST/STM32CubeIDE_1.4.0/STM32CubeIDE/plugins/com.st.stm32cube.ide.mcu.externaltools.gnu-tools-for-stm32.12.3.rel1.win32_1.1.0.202410251130/tools/bin/../lib/gcc/arm-none-eabi/12.3.1/../../../../arm-none-eabi/lib/thumb/v7-m/nofp/crt0.o (exit)
C:/ST/STM32CubeIDE_1.4.0/STM32CubeIDE/plugins/com.st.stm32cube.ide.mcu.externaltools.gnu-tools-for-stm32.12.3.rel1.win32_1.1.0.202410251130/tools/bin/../lib/gcc/arm-none-eabi/12.3.1/../../../../arm-none-eabi/lib/thumb/v7-m/nofp\libc_nano.a(libc_a-malloc.o)
                              ./Lib/JSON/cJSON.o (malloc)
C:/ST/STM32CubeIDE_1.4.0/STM32CubeIDE/plugins/com.st.stm32cube.ide.mcu.externaltools.gnu-tools-for-stm32.12.3.rel1.win32_1.1.0.202410251130/tools/bin/../lib/gcc/arm-none-eabi/12.3.1/../../../../arm-none-eabi/lib/thumb/v7-m/nofp\libc_nano.a(libc_a-mallocr.o)
                              C:/ST/STM32CubeIDE_1.4.0/STM32CubeIDE/plugins/com.st.stm32cube.ide.mcu.externaltools.gnu-tools-for-stm32.12.3.rel1.win32_1.1.0.202410251130/tools/bin/../lib/gcc/arm-none-eabi/12.3.1/../../../../arm-none-eabi/lib/thumb/v7-m/nofp\libc_nano.a(libc_a-malloc.o) (_malloc_r)
C:/ST/STM32CubeIDE_1.4.0/STM32CubeIDE/plugins/com.st.stm32cube.ide.mcu.externaltools.gnu-tools-for-stm32.12.3.rel1.win32_1.1.0.202410251130/tools/bin/../lib/gcc/arm-none-eabi/12.3.1/../../../../arm-none-eabi/lib/thumb/v7-m/nofp\libc_nano.a(libc_a-mlock.o)
                              C:/ST/STM32CubeIDE_1.4.0/STM32CubeIDE/plugins/com.st.stm32cube.ide.mcu.externaltools.gnu-tools-for-stm32.12.3.rel1.win32_1.1.0.202410251130/tools/bin/../lib/gcc/arm-none-eabi/12.3.1/../../../../arm-none-eabi/lib/thumb/v7-m/nofp\libc_nano.a(libc_a-mallocr.o) (__malloc_lock)
C:/ST/STM32CubeIDE_1.4.0/STM32CubeIDE/plugins/com.st.stm32cube.ide.mcu.externaltools.gnu-tools-for-stm32.12.3.rel1.win32_1.1.0.202410251130/tools/bin/../lib/gcc/arm-none-eabi/12.3.1/../../../../arm-none-eabi/lib/thumb/v7-m/nofp\libc_nano.a(libc_a-realloc.o)
                              ./Lib/JSON/cJSON.o (realloc)
C:/ST/STM32CubeIDE_1.4.0/STM32CubeIDE/plugins/com.st.stm32cube.ide.mcu.externaltools.gnu-tools-for-stm32.12.3.rel1.win32_1.1.0.202410251130/tools/bin/../lib/gcc/arm-none-eabi/12.3.1/../../../../arm-none-eabi/lib/thumb/v7-m/nofp\libc_nano.a(libc_a-reallocr.o)
                              C:/ST/STM32CubeIDE_1.4.0/STM32CubeIDE/plugins/com.st.stm32cube.ide.mcu.externaltools.gnu-tools-for-stm32.12.3.rel1.win32_1.1.0.202410251130/tools/bin/../lib/gcc/arm-none-eabi/12.3.1/../../../../arm-none-eabi/lib/thumb/v7-m/nofp\libc_nano.a(libc_a-realloc.o) (_realloc_r)
C:/ST/STM32CubeIDE_1.4.0/STM32CubeIDE/plugins/com.st.stm32cube.ide.mcu.externaltools.gnu-tools-for-stm32.12.3.rel1.win32_1.1.0.202410251130/tools/bin/../lib/gcc/arm-none-eabi/12.3.1/../../../../arm-none-eabi/lib/thumb/v7-m/nofp\libc_nano.a(libc_a-strtod.o)
                              ./Lib/JSON/cJSON.o (strtod)
C:/ST/STM32CubeIDE_1.4.0/STM32CubeIDE/plugins/com.st.stm32cube.ide.mcu.externaltools.gnu-tools-for-stm32.12.3.rel1.win32_1.1.0.202410251130/tools/bin/../lib/gcc/arm-none-eabi/12.3.1/../../../../arm-none-eabi/lib/thumb/v7-m/nofp\libc_nano.a(libc_a-strtol.o)
                              ./Lib/JSON/JSON_Parser.o (strtol)
C:/ST/STM32CubeIDE_1.4.0/STM32CubeIDE/plugins/com.st.stm32cube.ide.mcu.externaltools.gnu-tools-for-stm32.12.3.rel1.win32_1.1.0.202410251130/tools/bin/../lib/gcc/arm-none-eabi/12.3.1/../../../../arm-none-eabi/lib/thumb/v7-m/nofp\libc_nano.a(libc_a-ctype_.o)
                              ./Lib/JSON/cJSON.o (_ctype_)
C:/ST/STM32CubeIDE_1.4.0/STM32CubeIDE/plugins/com.st.stm32cube.ide.mcu.externaltools.gnu-tools-for-stm32.12.3.rel1.win32_1.1.0.202410251130/tools/bin/../lib/gcc/arm-none-eabi/12.3.1/../../../../arm-none-eabi/lib/thumb/v7-m/nofp\libc_nano.a(libc_a-findfp.o)
                              C:/ST/STM32CubeIDE_1.4.0/STM32CubeIDE/plugins/com.st.stm32cube.ide.mcu.externaltools.gnu-tools-for-stm32.12.3.rel1.win32_1.1.0.202410251130/tools/bin/../lib/gcc/arm-none-eabi/12.3.1/../../../../arm-none-eabi/lib/thumb/v7-m/nofp\libc_nano.a(libc_a-exit.o) (__stdio_exit_handler)
C:/ST/STM32CubeIDE_1.4.0/STM32CubeIDE/plugins/com.st.stm32cube.ide.mcu.externaltools.gnu-tools-for-stm32.12.3.rel1.win32_1.1.0.202410251130/tools/bin/../lib/gcc/arm-none-eabi/12.3.1/../../../../arm-none-eabi/lib/thumb/v7-m/nofp\libc_nano.a(libc_a-fwalk.o)
                              C:/ST/STM32CubeIDE_1.4.0/STM32CubeIDE/plugins/com.st.stm32cube.ide.mcu.externaltools.gnu-tools-for-stm32.12.3.rel1.win32_1.1.0.202410251130/tools/bin/../lib/gcc/arm-none-eabi/12.3.1/../../../../arm-none-eabi/lib/thumb/v7-m/nofp\libc_nano.a(libc_a-findfp.o) (_fwalk_sglue)
[...]
Memory Configuration

Name             Origin             Length             Attributes
RAM              0x20000000         0x00005000         xrw
FLASH            0x08000000         0x00010000         xr
*default*        0x00000000         0xffffffff

Linker script and memory map

LOAD C:/ST/STM32CubeIDE_1.4.0/STM32CubeIDE/plugins/com.st.stm32cube.ide.mcu.externaltools.gnu-tools-for-stm32.12.3.rel1.win32_1.1.0.202410251130/tools/bin/../lib/gcc/arm-none-eabi/12.3.1/thumb/v7-m/nofp/crti.o
LOAD C:/ST/STM32CubeIDE_1.4.0/STM32CubeIDE/plugins/com.st.stm32cube.ide.mcu.externaltools.gnu-tools-for-stm32.12.3.rel1.win32_1.1.0.202410251130/tools/bin/../lib/gcc/arm-none-eabi/12.3.1/thumb/v7-m/nofp/crtbegin.o
LOAD C:/ST/STM32CubeIDE_1.4.0/STM32CubeIDE/plugins/com.st.stm32cube.ide.mcu.externaltools.gnu-tools-for-stm32.12.3.rel1.win32_1.1.0.202410251130/tools/bin/../lib/gcc/arm-none-eabi/12.3.1/../../../../arm-none-eabi/lib/thumb/v7-m/nofp/crt0.o
LOAD ./HAL/LCD/LCD.o
LOAD ./HAL/LDR/LDR.o
LOAD ./HAL/LM35/LM35.o
LOAD ./HAL/Node/Node.o
LOAD ./HAL/RelayModule/Relay.o
LOAD ./Lib/JSON/JSON_Parser.o
LOAD ./Lib/JSON/cJSON.o
LOAD ./MCAL/ADC/ADC.o
LOAD ./MCAL/EXTI/EXTI.o
LOAD ./MCAL/GPIO/GPIO.o
LOAD ./MCAL/NVIC/NVIC.o
LOAD ./MCAL/RCC/RCC.o
LOAD ./MCAL/SYSTICK/SYSTICK.o
LOAD ./MCAL/USART/USART.o
LOAD ./Src/main.o
LOAD ./Src/syscalls.o
LOAD ./Src/sysmem.o
LOAD ./Startup/startup_stm32f103c8tx.o
START GROUP
LOAD C:/ST/STM32CubeIDE_1.4.0/STM32CubeIDE/plugins/com.st.stm32cube.ide.mcu.externaltools.gnu-tools-for-stm32.12.3.rel1.win32_1.1.0.202410251130/tools/bin/../lib/gcc/arm-none-eabi/12.3.1/../../../../arm-none-eabi/lib/thumb/v7-m/nofp\libc_nano.a
LOAD C:/ST/STM32CubeIDE_1.4.0/STM32CubeIDE/plugins/com.st.stm32cube.ide.mcu.externaltools.gnu-tools-for-stm32.12.3.rel1.win32_1.1.0.202410251130/tools/bin/../lib/gcc/arm-none-eabi/12.3.1/../../../../arm-none-eabi/lib/thumb/v7-m/nofp\libm.a
END GROUP
START GROUP
LOAD C:/ST/STM32CubeIDE_1.4.0/STM32CubeIDE/plugins/com.st.stm32cube.ide.mcu.externaltools.gnu-tools-for-stm32.12.3.rel1.win32_1.1.0.202410251130/tools/bin/../lib/gcc/arm-none-eabi/12.3.1/thumb/v7-m/nofp\libgcc.a
LOAD C:/ST/STM32CubeIDE_1.4.0/STM32CubeIDE/plugins/com.st.stm32cube.ide.mcu.externaltools.gnu-tools-for-stm32.12.3.rel1.win32_1.1.0.202410251130/tools/bin/../lib/gcc/arm-none-eabi/12.3.1/../../../../arm-none-eabi/lib/thumb/v7-m/nofp\libc_nano.a
END GROUP
START GROUP
LOAD C:/ST/STM32CubeIDE_1.4.0/STM32CubeIDE/plugins/com.st.stm32cube.ide.mcu.externaltools.gnu-tools-for-stm32.12.3.rel1.win32_1.1.0.202410251130/tools/bin/../lib/gcc/arm-none-eabi/12.3.1/thumb/v7-m/nofp\libgcc.a
LOAD C:/ST/STM32CubeIDE_1.4.0/STM32CubeIDE/plugins/com.st.stm32cube.ide.mcu.externaltools.gnu-tools-for-stm32.12.3.rel1.win32_1.1.0.202410251130/tools/bin/../lib/gcc/arm-none-eabi/12.3.1/../../../../arm-none-eabi/lib/thumb/v7-m/nofp\libc_nano.a
LOAD C:/ST/STM32CubeIDE_1.4.0/STM32CubeIDE/plugins/com.st.stm32cube.ide.mcu.externaltools.gnu-tools-for-stm32.12.3.rel1.win32_1.1.0.202410251130/tools/bin/../lib/gcc/arm-none-eabi/12.3.1/../../../../arm-none-eabi/lib/thumb/v7-m/nofp\libnosys.a
END GROUP
START GROUP
LOAD C:/ST/STM32CubeIDE_1.4.0/STM32CubeIDE/plugins/com.st.stm32cube.ide.mcu.externaltools.gnu-tools-for-stm32.12.3.rel1.win32_1.1.0.202410251130/tools/bin/../lib/gcc/arm-none-eabi/12.3.1/thumb/v7-m/nofp\libgcc.a
LOAD C:/ST/STM32CubeIDE_1.4.0/STM32CubeIDE/plugins/com.st.stm32cube.ide.mcu.externaltools.gnu-tools-for-stm32.12.3.rel1.win32_1.1.0.202410251130/tools/bin/../lib/gcc/arm-none-eabi/12.3.1/../../../../arm-none-eabi/lib/thumb/v7-m/nofp\libc_nano.a
LOAD C:/ST/STM32CubeIDE_1.4.0/STM32CubeIDE/plugins/com.st.stm32cube.ide.mcu.externaltools.gnu-tools-for-stm32.12.3.rel1.win32_1.1.0.202410251130/tools/bin/../lib/gcc/arm-none-eabi/12.3.1/../../../../arm-none-eabi/lib/thumb/v7-m/nofp\libnosys.a
END GROUP
LOAD C:/ST/STM32CubeIDE_1.4.0/STM32CubeIDE/plugins/com.st.stm32cube.ide.mcu.externaltools.gnu-tools-for-stm32.12.3.rel1.win32_1.1.0.202410251130/tools/bin/../lib/gcc/arm-none-eabi/12.3.1/thumb/v7-m/nofp/crtend.o
LOAD C:/ST/STM32CubeIDE_1.4.0/STM32CubeIDE/plugins/com.st.stm32cube.ide.mcu.externaltools.gnu-tools-for-stm32.12.3.rel1.win32_1.1.0.202410251130/tools/bin/../lib/gcc/arm-none-eabi/12.3.1/thumb/v7-m/nofp/crtn.o
                0x20005000                        _estack = (ORIGIN (RAM) + LENGTH (RAM))
                0x00000200                        _Min_Heap_Size = 0x200
                0x00000400                        _Min_Stack_Size = 0x400

.isr_vector     0x08000000      0x130
                0x08000000                        . = ALIGN (0x4)
 *(.isr_vector)
 .isr_vector    0x08000000      0x130 ./Startup/startup_stm32f103c8tx.o
                0x08000000                g_pfnVectors
                0x08000130                        . = ALIGN (0x4)

.text           0x08000130     0x1ed0
                0x08000130                        . = ALIGN (0x4)
 *(.text)
 .text          0x08000130       0x40 C:/ST/STM32CubeIDE_1.4.0/STM32CubeIDE/plugins/com.st.stm32cube.ide.mcu.externaltools.gnu-tools-for-stm32.12.3.rel1.win32_1.1.0.202410251130/tools/bin/../lib/gcc/arm-none-eabi/12.3.1/thumb/v7-m/nofp/crtbegin.o
 *(.text*)
 .text.lcd_init
                0x08000170       0xf4 ./HAL/LCD/LCD.o
                0x08000170                lcd_init
 .text.lcd_Send_Command
                0x08000264       0xc4 ./HAL/LCD/LCD.o
                0x08000264                lcd_Send_Command
 .text.lcd_Send_Char
                0x08000328      0x120 ./HAL/LCD/LCD.o
                0x08000328                lcd_Send_Char
 .text.lcd_send_String
                0x08000448       0x38 ./HAL/LCD/LCD.o
                0x08000448                lcd_send_String
 .text.lcd_GOTO_XY
                0x08000480       0x7e ./HAL/LCD/LCD.o
                0x08000480                lcd_GOTO_XY
 *fill*         0x080004fe        0x2 
 .text.lcd_Clear_Screen
                0x08000500       0x18 ./HAL/LCD/LCD.o
                0x08000500                lcd_Clear_Screen
 .text.lcd_display_number
                0x08000518       0x2c ./HAL/LCD/LCD.o
                0x08000518                lcd_display_number
 .text.lcd_kick
                0x08000544       0x28 ./HAL/LCD/LCD.o
                0x08000544                lcd_kick
 .text.LDR_init
                0x0800056c       0x1c ./HAL/LDR/LDR.o
                0x0800056c                LDR_init
 .text.LM35_init
                0x08000588       0x16 ./HAL/LM35/LM35.o
                0x08000588                LM35_init
 *fill*         0x0800059e        0x2 
 .text.LM35_Read
                0x080005a0       0x44 ./HAL/LM35/LM35.o
                0x080005a0                LM35_Read
 .text.ADC_init
                0x080005e4       0x5c ./MCAL/ADC/ADC.o
                0x080005e4                ADC_init
 .text.ADC_read
                0x08000640      0x2d8 ./MCAL/ADC/ADC.o
                0x08000640                ADC_read
 .text.EXTI0_IRQHandler
                0x08000918       0x24 ./MCAL/EXTI/EXTI.o
                0x08000918                EXTI0_IRQHandler
 .text.EXTI1_IRQHandler
                0x0800093c       0x24 ./MCAL/EXTI/EXTI.o
                0x0800093c                EXTI1_IRQHandler
 .text.EXTI2_IRQHandler
                0x08000960       0x24 ./MCAL/EXTI/EXTI.o
                0x08000960                EXTI2_IRQHandler
 .text.EXTI3_IRQHandler
                0x08000984       0x24 ./MCAL/EXTI/EXTI.o
                0x08000984                EXTI3_IRQHandler
 .text.EXTI4_IRQHandler
                0x080009a8       0x24 ./MCAL/EXTI/EXTI.o
                0x080009a8                EXTI4_IRQHandler
 .text.EXTI9_5_IRQHandler
                0x080009cc       0xb0 ./MCAL/EXTI/EXTI.o
                0x080009cc                EXTI9_5_IRQHandler
 .text.EXTI15_10_IRQHandler
                0x08000a7c       0xd0 ./MCAL/EXTI/EXTI.o
                0x08000a7c                EXTI15_10_IRQHandler
 .text.Get_CRLH_Position
                0x08000b4c      0x19c ./MCAL/GPIO/GPIO.o
                0x08000b4c                Get_CRLH_Position
 .text.GPIO_init
                0x08000ce8       0xf8 ./MCAL/GPIO/GPIO.o
                0x08000ce8                GPIO_init
 .text.GPIO_WritePin
                0x08000de0       0x3c ./MCAL/GPIO/GPIO.o
                0x08000de0                GPIO_WritePin
 .text.NVIC_Enable
                0x08000e1c       0x58 ./MCAL/NVIC/NVIC.o
                0x08000e1c                NVIC_Enable
 .text.RCC_getSYSCLK_Freq
                0x08000e74       0x9c ./MCAL/RCC/RCC.o
                0x08000e74                RCC_getSYSCLK_Freq
 .text.RCC_getPCKL1_Freq
                0x08000f10       0x28 ./MCAL/RCC/RCC.o
                0x08000f10                RCC_getPCKL1_Freq
 .text.RCC_getPCKL2_Freq
                0x08000f38       0x28 ./MCAL/RCC/RCC.o
                0x08000f38                RCC_getPCKL2_Freq
 .text.RCC_getHCKL_Freq
                0x08000f60       0x28 ./MCAL/RCC/RCC.o
                0x08000f60                RCC_getHCKL_Freq
 .text.RCC_init
                0x08000f88      0x180 ./MCAL/RCC/RCC.o
                0x08000f88                RCC_init
 .text.RCC_CLK_EN
                0x08001108       0x74 ./MCAL/RCC/RCC.o
                0x08001108                RCC_CLK_EN
 .text.STK_init
                0x0800117c       0x48 ./MCAL/SYSTICK/SYSTICK.o
                0x0800117c                STK_init
 .text.STK_delayMs
                0x080011c4       0x80 ./MCAL/SYSTICK/SYSTICK.o
                0x080011c4                STK_delayMs
 .text.SysTick_Handler
                0x08001244       0x4c ./MCAL/SYSTICK/SYSTICK.o
                0x08001244                SysTick_Handler
 .text.USART_init
                0x08001290      0x188 ./MCAL/USART/USART.o
                0x08001290                USART_init
 .text.USART_SetPins
                0x08001418       0xcc ./MCAL/USART/USART.o
                0x08001418                USART_SetPins
 .text.USART1_IRQHandler
                0x080014e4       0x14 ./MCAL/USART/USART.o
                0x080014e4                USART1_IRQHandler
 .text.USART2_IRQHandler
                0x080014f8       0x14 ./MCAL/USART/USART.o
                0x080014f8                USART2_IRQHandler
 .text.USART3_IRQHandler
                0x0800150c       0x14 ./MCAL/USART/USART.o
                0x0800150c                USART3_IRQHandler
 .text.main     0x08001520       0xb8 ./Src/main.o
                0x08001520                main
 .text._sbrk    0x080015d8       0x6c ./Src/sysmem.o
                0x080015d8                _sbrk
 .text.Reset_Handler
                0x08001644       0x50 ./Startup/startup_stm32f103c8tx.o
                0x08001644                Reset_Handler
 .text.Default_Handler
                0x08001694        0x2 ./Startup/startup_stm32f103c8tx.o
                0x08001694                TIM8_TRG_COM_IRQHandler
                0x08001694                TIM8_CC_IRQHandler
                0x08001694                DebugMon_Handler
                0x08001694                TIM1_CC_IRQHandler
                0x08001694                HardFault_Handler
                0x08001694                TIM6_IRQHandler
                0x08001694                PVD_IRQHandler
                0x08001694                SDIO_IRQHandler
                0x08001694                PendSV_Handler
                0x08001694                NMI_Handler
                0x08001694                USB_HP_CAN_TX_IRQHandler
                0x08001694                I2C2_EV_IRQHandler
                0x08001694                UsageFault_Handler
                0x08001694                ADC1_2_IRQHandler
                0x08001694                SPI1_IRQHandler
                0x08001694                CAN_SCE_IRQHandler
                0x08001694                TAMPER_IRQHandler
                0x08001694                TIM8_UP_IRQHandler
                0x08001694                DMA2_Channel2_IRQHandler
                0x08001694                DMA1_Channel4_IRQHandler
                0x08001694                RTC_IRQHandler
                0x08001694                DMA1_Channel7_IRQHandler
                0x08001694                UART5_IRQHandler
                0x08001694                ADC3_IRQHandler
                0x08001694                TIM4_IRQHandler
                0x08001694                CAN_RX1_IRQHandler
                0x08001694                DMA2_Channel1_IRQHandler
                0x08001694                I2C1_EV_IRQHandler
                0x08001694                DMA1_Channel6_IRQHandler
                0x08001694                UART4_IRQHandler
                0x08001694                TIM3_IRQHandler
                0x08001694                RCC_IRQHandler
                0x08001694                TIM1_TRG_COM_IRQHandler
                0x08001694                DMA1_Channel1_IRQHandler
                0x08001694                Default_Handler
                0x08001694                TIM7_IRQHandler
                0x08001694                TIM5_IRQHandler
                0x08001694                SPI2_IRQHandler
                0x08001694                USB_LP_CAN_RX0_IRQHandler
                0x08001694                MemManage_Handler
                0x08001694                SVC_Handler
                0x08001694                DMA1_Channel5_IRQHandler
                0x08001694                DMA1_Channel3_IRQHandler
                0x08001694                FSMC_IRQHandler
                0x08001694                TIM1_UP_IRQHandler
                0x08001694                WWDG_IRQHandler
                0x08001694                TIM2_IRQHandler
                0x08001694                TIM1_BRK_IRQHandler
                0x08001694                RTCAlarm_IRQHandler
                0x08001694                DMA2_Channel4_5_IRQHandler
                0x08001694                I2C2_ER_IRQHandler
                0x08001694                DMA1_Channel2_IRQHandler
                0x08001694                TIM8_BRK_IRQHandler
                0x08001694                FLASH_IRQHandler
                0x08001694                BusFault_Handler
                0x08001694                SPI3_IRQHandler
                0x08001694                I2C1_ER_IRQHandler
                0x08001694                DMA2_Channel3_IRQHandler
 *fill*         0x08001696        0x2 
 .text.sbrk_aligned
                0x08001698       0x44 C:/ST/STM32CubeIDE_1.4.0/STM32CubeIDE/plugins/com.st.stm32cube.ide.mcu.externaltools.gnu-tools-for-stm32.12.3.rel1.win32_1.1.0.202410251130/tools/bin/../lib/gcc/arm-none-eabi/12.3.1/../../../../arm-none-eabi/lib/thumb/v7-m/nofp\libc_nano.a(libc_a-mallocr.o)
 .text._malloc_r
                0x080016dc      0x100 C:/ST/STM32CubeIDE_1.4.0/STM32CubeIDE/plugins/com.st.stm32cube.ide.mcu.externaltools.gnu-tools-for-stm32.12.3.rel1.win32_1.1.0.202410251130/tools/bin/../lib/gcc/arm-none-eabi/12.3.1/../../../../arm-none-eabi/lib/thumb/v7-m/nofp\libc_nano.a(libc_a-mallocr.o)
                0x080016dc                _malloc_r
 .text.__malloc_lock
                0x080017dc        0xc C:/ST/STM32CubeIDE_1.4.0/STM32CubeIDE/plugins/com.st.stm32cube.ide.mcu.externaltools.gnu-tools-for-stm32.12.3.rel1.win32_1.1.0.202410251130/tools/bin/../lib/gcc/arm-none-eabi/12.3.1/../../../../arm-none-eabi/lib/thumb/v7-m/nofp\libc_nano.a(libc_a-mlock.o)
                0x080017dc                __malloc_lock
 .text.__malloc_unlock
                0x080017e8        0xc C:/ST/STM32CubeIDE_1.4.0/STM32CubeIDE/plugins/com.st.stm32cube.ide.mcu.externaltools.gnu-tools-for-stm32.12.3.rel1.win32_1.1.0.202410251130/tools/bin/../lib/gcc/arm-none-eabi/12.3.1/../../../../arm-none-eabi/lib/thumb/v7-m/nofp\libc_nano.a(libc_a-mlock.o)
                0x080017e8                __malloc_unlock
 .text._realloc_r
                0x080017f4       0x5c C:/ST/STM32CubeIDE_1.4.0/STM32CubeIDE/plugins/com.st.stm32cube.ide.mcu.externaltools.gnu-tools-for-stm32.12.3.rel1.win32_1.1.0.202410251130/tools/bin/../lib/gcc/arm-none-eabi/12.3.1/../../../../arm-none-eabi/lib/thumb/v7-m/nofp\libc_nano.a(libc_a-reallocr.o)
                0x080017f4                _realloc_r
 .text.sprintf  0x08001850       0x40 C:/ST/STM32CubeIDE_1.4.0/STM32CubeIDE/plugins/com.st.stm32cube.ide.mcu.externaltools.gnu-tools-for-stm32.12.3.rel1.win32_1.1.0.202410251130/tools/bin/../lib/gcc/arm-none-eabi/12.3.1/../../../../arm-none-eabi/lib/thumb/v7-m/nofp\libc_nano.a(libc_a-sprintf.o)
                0x08001850                siprintf
                0x08001850                sprintf
 .text._sbrk_r  0x08001890       0x20 C:/ST/STM32CubeIDE_1.4.0/STM32CubeIDE/plugins/com.st.stm32cube.ide.mcu.externaltools.gnu-tools-for-stm32.12.3.rel1.win32_1.1.0.202410251130/tools/bin/../lib/gcc/arm-none-eabi/12.3.1/../../../../arm-none-eabi/lib/thumb/v7-m/nofp\libc_nano.a(libc_a-sbrkr.o)
                0x08001890                _sbrk_r
 .text.__errno  0x080018b0        0xc C:/ST/STM32CubeIDE_1.4.0/STM32CubeIDE/plugins/com.st.stm32cube.ide.mcu.externaltools.gnu-tools-for-stm32.12.3.rel1.win32_1.1.0.202410251130/tools/bin/../lib/gcc/arm-none-eabi/12.3.1/../../../../arm-none-eabi/lib/thumb/v7-m/nofp\libc_nano.a(libc_a-errno.o)
                0x080018b0                __errno
 .text.__libc_init_array
                0x080018bc       0x48 C:/ST/STM32CubeIDE_1.4.0/STM32CubeIDE/plugins/com.st.stm32cube.ide.mcu.externaltools.gnu-tools-for-stm32.12.3.rel1.win32_1.1.0.202410251130/tools/bin/../lib/gcc/arm-none-eabi/12.3.1/../../../../arm-none-eabi/lib/thumb/v7-m/nofp\libc_nano.a(libc_a-init.o)
                0x080018bc                __libc_init_array
 .text.__retarget_lock_acquire_recursive
                0x08001904        0x2 C:/ST/STM32CubeIDE_1.4.0/STM32CubeIDE/plugins/com.st.stm32cube.ide.mcu.externaltools.gnu-tools-for-stm32.12.3.rel1.win32_1.1.0.202410251130/tools/bin/../lib/gcc/arm-none-eabi/12.3.1/../../../../arm-none-eabi/lib/thumb/v7-m/nofp\libc_nano.a(libc_a-lock.o)
                0x08001904                __retarget_lock_acquire_recursive
 .text.__retarget_lock_release_recursive
                0x08001906        0x2 C:/ST/STM32CubeIDE_1.4.0/STM32CubeIDE/plugins/com.st.stm32cube.ide.mcu.externaltools.gnu-tools-for-stm32.12.3.rel1.win32_1.1.0.202410251130/tools/bin/../lib/gcc/arm-none-eabi/12.3.1/../../../../arm-none-eabi/lib/thumb/v7-m/nofp\libc_nano.a(libc_a-lock.o)
                0x08001906                __retarget_lock_release_recursive
 .text.memcpy   0x08001908       0x1c C:/ST/STM32CubeIDE_1.4.0/STM32CubeIDE/plugins/com.st.stm32cube.ide.mcu.externaltools.gnu-tools-for-stm32.12.3.rel1.win32_1.1.0.202410251130/tools/bin/../lib/gcc/arm-none-eabi/12.3.1/../../../../arm-none-eabi/lib/thumb/v7-m/nofp\libc_nano.a(libc_a-memcpy-stub.o)
                0x08001908                memcpy
 .text._free_r  0x08001924       0x90 C:/ST/STM32CubeIDE_1.4.0/STM32CubeIDE/plugins/com.st.stm32cube.ide.mcu.externaltools.gnu-tools-for-stm32.12.3.rel1.win32_1.1.0.202410251130/tools/bin/../lib/gcc/arm-none-eabi/12.3.1/../../../../arm-none-eabi/lib/thumb/v7-m/nofp\libc_nano.a(libc_a-freer.o)
                0x08001924                _free_r
 .text._malloc_usable_size_r
                0x080019b4       0x10 C:/ST/STM32CubeIDE_1.4.0/STM32CubeIDE/plugins/com.st.stm32cube.ide.mcu.externaltools.gnu-tools-for-stm32.12.3.rel1.win32_1.1.0.202410251130/tools/bin/../lib/gcc/arm-none-eabi/12.3.1/../../../../arm-none-eabi/lib/thumb/v7-m/nofp\libc_nano.a(libc_a-msizer.o)
                0x080019b4                _malloc_usable_size_r
 .text.__ssputs_r
                0x080019c4       0xb6 C:/ST/STM32CubeIDE_1.4.0/STM32CubeIDE/plugins/com.st.stm32cube.ide.mcu.externaltools.gnu-tools-for-stm32.12.3.rel1.win32_1.1.0.202410251130/tools/bin/../lib/gcc/arm-none-eabi/12.3.1/../../../../arm-none-eabi/lib/thumb/v7-m/nofp\libc_nano.a(libc_a-nano-svfprintf.o)
                0x080019c4                __ssputs_r
 *fill*         0x08001a7a        0x2 
 .text._svfprintf_r
                0x08001a7c      0x1f8 C:/ST/STM32CubeIDE_1.4.0/STM32CubeIDE/plugins/com.st.stm32cube.ide.mcu.externaltools.gnu-tools-for-stm32.12.3.rel1.win32_1.1.0.202410251130/tools/bin/../lib/gcc/arm-none-eabi/12.3.1/../../../../arm-none-eabi/lib/thumb/v7-m/nofp\libc_nano.a(libc_a-nano-svfprintf.o)
                0x08001a7c                _svfiprintf_r
                0x08001a7c                _svfprintf_r
 .text._printf_common
                0x08001c74       0xe4 C:/ST/STM32CubeIDE_1.4.0/STM32CubeIDE/plugins/com.st.stm32cube.ide.mcu.externaltools.gnu-tools-for-stm32.12.3.rel1.win32_1.1.0.202410251130/tools/bin/../lib/gcc/arm-none-eabi/12.3.1/../../../../arm-none-eabi/lib/thumb/v7-m/nofp\libc_nano.a(libc_a-nano-vfprintf_i.o)
                0x08001c74                _printf_common
 .text._printf_i
                0x08001d58      0x240 C:/ST/STM32CubeIDE_1.4.0/STM32CubeIDE/plugins/com.st.stm32cube.ide.mcu.externaltools.gnu-tools-for-stm32.12.3.rel1.win32_1.1.0.202410251130/tools/bin/../lib/gcc/arm-none-eabi/12.3.1/../../../../arm-none-eabi/lib/thumb/v7-m/nofp\libc_nano.a(libc_a-nano-vfprintf_i.o)
                0x08001d58                _printf_i
 .text.memmove  0x08001f98       0x34 C:/ST/STM32CubeIDE_1.4.0/STM32CubeIDE/plugins/com.st.stm32cube.ide.mcu.externaltools.gnu-tools-for-stm32.12.3.rel1.win32_1.1.0.202410251130/tools/bin/../lib/gcc/arm-none-eabi/12.3.1/../../../../arm-none-eabi/lib/thumb/v7-m/nofp\libc_nano.a(libc_a-memmove.o)
                0x08001f98                memmove
 .text.memchr   0x08001fcc       0x1c C:/ST/STM32CubeIDE_1.4.0/STM32CubeIDE/plugins/com.st.stm32cube.ide.mcu.externaltools.gnu-tools-for-stm32.12.3.rel1.win32_1.1.0.202410251130/tools/bin/../lib/gcc/arm-none-eabi/12.3.1/../../../../arm-none-eabi/lib/thumb/v7-m/nofp\libc_nano.a(libc_a-memchr-stub.o)
                0x08001fcc                memchr
 *(.glue_7)
 .glue_7        0x08001fe8        0x0 linker stubs
 *(.glue_7t)
 .glue_7t       0x08001fe8        0x0 linker stubs
 *(.eh_frame)
 .eh_frame      0x08001fe8        0x0 C:/ST/STM32CubeIDE_1.4.0/STM32CubeIDE/plugins/com.st.stm32cube.ide.mcu.externaltools.gnu-tools-for-stm32.12.3.rel1.win32_1.1.0.202410251130/tools/bin/../lib/gcc/arm-none-eabi/12.3.1/thumb/v7-m/nofp/crtbegin.o
 *(.init)
 .init          0x08001fe8        0x4 C:/ST/STM32CubeIDE_1.4.0/STM32CubeIDE/plugins/com.st.stm32cube.ide.mcu.externaltools.gnu-tools-for-stm32.12.3.rel1.win32_1.1.0.202410251130/tools/bin/../lib/gcc/arm-none-eabi/12.3.1/thumb/v7-m/nofp/crti.o
                0x08001fe8                _init
 .init          0x08001fec        0x8 C:/ST/STM32CubeIDE_1.4.0/STM32CubeIDE/plugins/com.st.stm32cube.ide.mcu.externaltools.gnu-tools-for-stm32.12.3.rel1.win32_1.1.0.202410251130/tools/bin/../lib/gcc/arm-none-eabi/12.3.1/thumb/v7-m/nofp/crtn.o
 *(.fini)
 .fini          0x08001ff4        0x4 C:/ST/STM32CubeIDE_1.4.0/STM32CubeIDE/plugins/com.st.stm32cube.ide.mcu.externaltools.gnu-tools-for-stm32.12.3.rel1.win32_1.1.0.202410251130/tools/bin/../lib/gcc/arm-none-eabi/12.3.1/thumb/v7-m/nofp/crti.o
                0x08001ff4                _fini
 .fini          0x08001ff8        0x8 C:/ST/STM32CubeIDE_1.4.0/STM32CubeIDE/plugins/com.st.stm32cube.ide.mcu.externaltools.gnu-tools-for-stm32.12.3.rel1.win32_1.1.0.202410251130/tools/bin/../lib/gcc/arm-none-eabi/12.3.1/thumb/v7-m/nofp/crtn.o
                0x08002000                        . = ALIGN (0x4)
                0x08002000                        _etext = .

.vfp11_veneer   0x08002000        0x0
 .vfp11_veneer  0x08002000        0x0 linker stubs

.v4_bx          0x08002000        0x0
 .v4_bx         0x08002000        0x0 linker stubs

.iplt           0x08002000        0x0
 .iplt          0x08002000        0x0 C:/ST/STM32CubeIDE_1.4.0/STM32CubeIDE/plugins/com.st.stm32cube.ide.mcu.externaltools.gnu-tools-for-stm32.12.3.rel1.win32_1.1.0.202410251130/tools/bin/../lib/gcc/arm-none-eabi/12.3.1/thumb/v7-m/nofp/crtbegin.o

.rodata         0x08002000       0x50
                0x08002000                        . = ALIGN (0x4)
 *(.rodata)
 .rodata        0x08002000       0x16 ./HAL/LCD/LCD.o
 *fill*         0x08002016        0x2 
 .rodata        0x08002018        0x3 ./Src/main.o
 *(.rodata*)
 .rodata._svfprintf_r.str1.1
                0x0800201b       0x11 C:/ST/STM32CubeIDE_1.4.0/STM32CubeIDE/plugins/com.st.stm32cube.ide.mcu.externaltools.gnu-tools-for-stm32.12.3.rel1.win32_1.1.0.202410251130/tools/bin/../lib/gcc/arm-none-eabi/12.3.1/../../../../arm-none-eabi/lib/thumb/v7-m/nofp\libc_nano.a(libc_a-nano-svfprintf.o)
 .rodata._printf_i.str1.1
                0x0800202c       0x22 C:/ST/STM32CubeIDE_1.4.0/STM32CubeIDE/plugins/com.st.stm32cube.ide.mcu.externaltools.gnu-tools-for-stm32.12.3.rel1.win32_1.1.0.202410251130/tools/bin/../lib/gcc/arm-none-eabi/12.3.1/../../../../arm-none-eabi/lib/thumb/v7-m/nofp\libc_nano.a(libc_a-nano-vfprintf_i.o)
                0x08002050                        . = ALIGN (0x4)
 *fill*         0x0800204e        0x2 

.ARM.extab      0x08002050        0x0
                0x08002050                        . = ALIGN (0x4)
 *(.ARM.extab* .gnu.linkonce.armextab.*)
                0x08002050                        . = ALIGN (0x4)

.ARM            0x08002050        0x0
                0x08002050                        . = ALIGN (0x4)
                0x08002050                        __exidx_start = .
 *(.ARM.exidx*)
                0x08002050                        __exidx_end = .
                0x08002050                        . = ALIGN (0x4)

.preinit_array  0x08002050        0x0
                0x08002050                        . = ALIGN (0x4)
                0x08002050                        PROVIDE (__preinit_array_start = .)
 *(.preinit_array*)
                0x08002050                        PROVIDE (__preinit_array_end = .)
                0x08002050                        . = ALIGN (0x4)

.init_array     0x08002050        0x4
                0x08002050                        . = ALIGN (0x4)
                0x08002050                        PROVIDE (__init_array_start = .)
 *(SORT_BY_NAME(.init_array.*))
 *(.init_array*)
 .init_array    0x08002050        0x4 C:/ST/STM32CubeIDE_1.4.0/STM32CubeIDE/plugins/com.st.stm32cube.ide.mcu.externaltools.gnu-tools-for-stm32.12.3.rel1.win32_1.1.0.202410251130/tools/bin/../lib/gcc/arm-none-eabi/12.3.1/thumb/v7-m/nofp/crtbegin.o
                0x08002054                        PROVIDE (__init_array_end = .)
                0x08002054                        . = ALIGN (0x4)

.fini_array     0x08002054        0x4
                0x08002054                        . = ALIGN (0x4)
                [!provide]                        PROVIDE (__fini_array_start = .)
 *(SORT_BY_NAME(.fini_array.*))
 *(.fini_array*)
 .fini_array    0x08002054        0x4 C:/ST/STM32CubeIDE_1.4.0/STM32CubeIDE/plugins/com.st.stm32cube.ide.mcu.externaltools.gnu-tools-for-stm32.12.3.rel1.win32_1.1.0.202410251130/tools/bin/../lib/gcc/arm-none-eabi/12.3.1/thumb/v7-m/nofp/crtbegin.o
                [!provide]                        PROVIDE (__fini_array_end = .)
                0x08002058                        . = ALIGN (0x4)
                0x08002058                        _sidata = LOADADDR (.data)

.rel.dyn        0x08002058        0x0
 .rel.iplt      0x08002058        0x0 C:/ST/STM32CubeIDE_1.4.0/STM32CubeIDE/plugins/com.st.stm32cube.ide.mcu.externaltools.gnu-tools-for-stm32.12.3.rel1.win32_1.1.0.202410251130/tools/bin/../lib/gcc/arm-none-eabi/12.3.1/thumb/v7-m/nofp/crtbegin.o

.data           0x20000000       0x6c load address 0x08002058
                0x20000000                        . = ALIGN (0x4)
                0x20000000                        _sdata = .
 *(.data)
 *(.data*)
 .data.APB_PrescTable
                0x20000000        0x8 ./MCAL/RCC/RCC.o
                0x20000000                APB_PrescTable
 .data.AHB_PrescTable
                0x20000008       0x10 ./MCAL/RCC/RCC.o
                0x20000008                AHB_PrescTable
 .data.microSecond
                0x20000018        0x4 ./MCAL/SYSTICK/SYSTICK.o
 .data._impure_ptr
                0x2000001c        0x4 C:/ST/STM32CubeIDE_1.4.0/STM32CubeIDE/plugins/com.st.stm32cube.ide.mcu.externaltools.gnu-tools-for-stm32.12.3.rel1.win32_1.1.0.202410251130/tools/bin/../lib/gcc/arm-none-eabi/12.3.1/../../../../arm-none-eabi/lib/thumb/v7-m/nofp\libc_nano.a(libc_a-impure.o)
                0x2000001c                _impure_ptr
 .data._impure_data
                0x20000020       0x4c C:/ST/STM32CubeIDE_1.4.0/STM32CubeIDE/plugins/com.st.stm32cube.ide.mcu.externaltools.gnu-tools-for-stm32.12.3.rel1.win32_1.1.0.202410251130/tools/bin/../lib/gcc/arm-none-eabi/12.3.1/../../../../arm-none-eabi/lib/thumb/v7-m/nofp\libc_nano.a(libc_a-impure.o)
                0x20000020                _impure_data
 *(.RamFunc)
 *(.RamFunc*)
                0x2000006c                        . = ALIGN (0x4)
                0x2000006c                        _edata = .

.igot.plt       0x2000006c        0x0 load address 0x080020c4
 .igot.plt      0x2000006c        0x0 C:/ST/STM32CubeIDE_1.4.0/STM32CubeIDE/plugins/com.st.stm32cube.ide.mcu.externaltools.gnu-tools-for-stm32.12.3.rel1.win32_1.1.0.202410251130/tools/bin/../lib/gcc/arm-none-eabi/12.3.1/thumb/v7-m/nofp/crtbegin.o
                0x2000006c                        . = ALIGN (0x4)

.bss            0x2000006c      0x1f0 load address 0x080020c4
                0x2000006c                        _sbss = .
                0x2000006c                        __bss_start__ = _sbss
 *(.bss)
 .bss           0x2000006c       0x1c C:/ST/STM32CubeIDE_1.4.0/STM32CubeIDE/plugins/com.st.stm32cube.ide.mcu.externaltools.gnu-tools-for-stm32.12.3.rel1.win32_1.1.0.202410251130/tools/bin/../lib/gcc/arm-none-eabi/12.3.1/thumb/v7-m/nofp/crtbegin.o
 *(.bss*)
 .bss.pinConfig
                0x20000088        0x4 ./HAL/LCD/LCD.o
                0x20000088                pinConfig
 .bss.count     0x2000008c        0x4 ./HAL/LCD/LCD.o
 .bss.GP_Fun    0x20000090       0x40 ./MCAL/EXTI/EXTI.o
                0x20000090                GP_Fun
 .bss.P_CallBack_Fun
                0x200000d0        0x4 ./MCAL/SYSTICK/SYSTICK.o
                0x200000d0                P_CallBack_Fun
 .bss.Global_pinConfig
                0x200000d4       0x3c ./MCAL/USART/USART.o
 .bss.__sbrk_heap_end
                0x20000110        0x4 ./Src/sysmem.o
 .bss.__malloc_sbrk_start
                0x20000114        0x4 C:/ST/STM32CubeIDE_1.4.0/STM32CubeIDE/plugins/com.st.stm32cube.ide.mcu.externaltools.gnu-tools-for-stm32.12.3.rel1.win32_1.1.0.202410251130/tools/bin/../lib/gcc/arm-none-eabi/12.3.1/../../../../arm-none-eabi/lib/thumb/v7-m/nofp\libc_nano.a(libc_a-mallocr.o)
                0x20000114                __malloc_sbrk_start
 .bss.__malloc_free_list
                0x20000118        0x4 C:/ST/STM32CubeIDE_1.4.0/STM32CubeIDE/plugins/com.st.stm32cube.ide.mcu.externaltools.gnu-tools-for-stm32.12.3.rel1.win32_1.1.0.202410251130/tools/bin/../lib/gcc/arm-none-eabi/12.3.1/../../../../arm-none-eabi/lib/thumb/v7-m/nofp\libc_nano.a(libc_a-mallocr.o)
                0x20000118                __malloc_free_list
 .bss.__sf      0x2000011c      0x138 C:/ST/STM32CubeIDE_1.4.0/STM32CubeIDE/plugins/com.st.stm32cube.ide.mcu.externaltools.gnu-tools-for-stm32.12.3.rel1.win32_1.1.0.202410251130/tools/bin/../lib/gcc/arm-none-eabi/12.3.1/../../../../arm-none-eabi/lib/thumb/v7-m/nofp\libc_nano.a(libc_a-findfp.o)
                0x2000011c                __sf
 .bss.errno     0x20000254        0x4 C:/ST/STM32CubeIDE_1.4.0/STM32CubeIDE/plugins/com.st.stm32cube.ide.mcu.externaltools.gnu-tools-for-stm32.12.3.rel1.win32_1.1.0.202410251130/tools/bin/../lib/gcc/arm-none-eabi/12.3.1/../../../../arm-none-eabi/lib/thumb/v7-m/nofp\libc_nano.a(libc_a-reent.o)
                0x20000254                errno
 .bss.__lock___malloc_recursive_mutex
                0x20000258        0x1 C:/ST/STM32CubeIDE_1.4.0/STM32CubeIDE/plugins/com.st.stm32cube.ide.mcu.externaltools.gnu-tools-for-stm32.12.3.rel1.win32_1.1.0.202410251130/tools/bin/../lib/gcc/arm-none-eabi/12.3.1/../../../../arm-none-eabi/lib/thumb/v7-m/nofp\libc_nano.a(libc_a-lock.o)
                0x20000258                __lock___malloc_recursive_mutex
 *(COMMON)
                0x2000025c                        . = ALIGN (0x4)
 *fill*         0x20000259        0x3 
                0x2000025c                        _ebss = .
                0x2000025c                        __bss_end__ = _ebss

._user_heap_stack
                0x2000025c      0x604 load address 0x080020c4
                0x20000260                        . = ALIGN (0x8)
 *fill*         0x2000025c        0x4 
                [!provide]                        PROVIDE (end = .)
                0x20000260                        PROVIDE (_end = .)
                0x20000460                        . = (. + _Min_Heap_Size)
 *fill*         0x20000260      0x200 
                0x20000860                        . = (. + _Min_Stack_Size)
 *fill*         0x20000460      0x400 
                0x20000860                        . = ALIGN (0x8)

/DISCARD/
 libc.a(*)
 libm.a(*)
 libgcc.a(*)

.ARM.attributes
                0x00000000       0x29
 *(.ARM.attributes)
 .ARM.attributes
                0x00000000       0x1d C:/ST/STM32CubeIDE_1.4.0/STM32CubeIDE/plugins/com.st.stm32cube.ide.mcu.externaltools.gnu-tools-for-stm32.12.3.rel1.win32_1.1.0.202410251130/tools/bin/../lib/gcc/arm-none-eabi/12.3.1/thumb/v7-m/nofp/crti.o
 .ARM.attributes
                0x0000001d       0x2d C:/ST/STM32CubeIDE_1.4.0/STM32CubeIDE/plugins/com.st.stm32cube.ide.mcu.externaltools.gnu-tools-for-stm32.12.3.rel1.win32_1.1.0.202410251130/tools/bin/../lib/gcc/arm-none-eabi/12.3.1/thumb/v7-m/nofp/crtbegin.o
 .ARM.attributes
                0x0000004a       0x2d ./HAL/LCD/LCD.o
 .ARM.attributes
                0x00000077       0x2d ./HAL/LDR/LDR.o
 .ARM.attributes
                0x000000a4       0x2d ./HAL/LM35/LM35.o
 .ARM.attributes
                0x000000d1       0x2d ./MCAL/ADC/ADC.o
 .ARM.attributes
                0x000000fe       0x2d ./MCAL/EXTI/EXTI.o
 .ARM.attributes
                0x0000012b       0x2d ./MCAL/GPIO/GPIO.o
 .ARM.attributes
                0x00000158       0x2d ./MCAL/NVIC/NVIC.o
 .ARM.attributes
                0x00000185       0x2d ./MCAL/RCC/RCC.o
 .ARM.attributes
                0x000001b2       0x2d ./MCAL/SYSTICK/SYSTICK.o
 .ARM.attributes
                0x000001df       0x2d ./MCAL/USART/USART.o
 .ARM.attributes
                0x0000020c       0x2d ./Src/main.o
 .ARM.attributes
                0x00000239       0x2d ./Src/sysmem.o
 .ARM.attributes
                0x00000266       0x21 ./Startup/startup_stm32f103c8tx.o
 .ARM.attributes
                0x00000287       0x2d C:/ST/STM32CubeIDE_1.4.0/STM32CubeIDE/plugins/com.st.stm32cube.ide.mcu.externaltools.gnu-tools-for-stm32.12.3.rel1.win32_1.1.0.202410251130/tools/bin/../lib/gcc/arm-none-eabi/12.3.1/../../../../arm-none-eabi/lib/thumb/v7-m/nofp\libc_nano.a(libc_a-mallocr.o)
 .ARM.attributes
                0x000002b4       0x2d C:/ST/STM32CubeIDE_1.4.0/STM32CubeIDE/plugins/com.st.stm32cube.ide.mcu.externaltools.gnu-tools-for-stm32.12.3.rel1.win32_1.1.0.202410251130/tools/bin/../lib/gcc/arm-none-eabi/12.3.1/../../../../arm-none-eabi/lib/thumb/v7-m/nofp\libc_nano.a(libc_a-mlock.o)
 .ARM.attributes
                0x000002e1       0x2d C:/ST/STM32CubeIDE_1.4.0/STM32CubeIDE/plugins/com.st.stm32cube.ide.mcu.externaltools.gnu-tools-for-stm32.12.3.rel1.win32_1.1.0.202410251130/tools/bin/../lib/gcc/arm-none-eabi/12.3.1/../../../../arm-none-eabi/lib/thumb/v7-m/nofp\libc_nano.a(libc_a-reallocr.o)
 .ARM.attributes
                0x0000030e       0x2d C:/ST/STM32CubeIDE_1.4.0/STM32CubeIDE/plugins/com.st.stm32cube.ide.mcu.externaltools.gnu-tools-for-stm32.12.3.rel1.win32_1.1.0.202410251130/tools/bin/../lib/gcc/arm-none-eabi/12.3.1/../../../../arm-none-eabi/lib/thumb/v7-m/nofp\libc_nano.a(libc_a-findfp.o)
 .ARM.attributes
                0x0000033b       0x2d C:/ST/STM32CubeIDE_1.4.0/STM32CubeIDE/plugins/com.st.stm32cube.ide.mcu.externaltools.gnu-tools-for-stm32.12.3.rel1.win32_1.1.0.202410251130/tools/bin/../lib/gcc/arm-none-eabi/12.3.1/../../../../arm-none-eabi/lib/thumb/v7-m/nofp\libc_nano.a(libc_a-sprintf.o)
 .ARM.attributes
                0x00000368       0x2d C:/ST/STM32CubeIDE_1.4.0/STM32CubeIDE/plugins/com.st.stm32cube.ide.mcu.externaltools.gnu-tools-for-stm32.12.3.rel1.win32_1.1.0.202410251130/tools/bin/../lib/gcc/arm-none-eabi/12.3.1/../../../../arm-none-eabi/lib/thumb/v7-m/nofp\libc_nano.a(libc_a-reent.o)
 .ARM.attributes
                0x00000395       0x2d C:/ST/STM32CubeIDE_1.4.0/STM32CubeIDE/plugins/com.st.stm32cube.ide.mcu.externaltools.gnu-tools-for-stm32.12.3.rel1.win32_1.1.0.202410251130/tools/bin/../lib/gcc/arm-none-eabi/12.3.1/../../../../arm-none-eabi/lib/thumb/v7-m/nofp\libc_nano.a(libc_a-impure.o)
 .ARM.attributes
                0x000003c2       0x2d C:/ST/STM32CubeIDE_1.4.0/STM32CubeIDE/plugins/com.st.stm32cube.ide.mcu.externaltools.gnu-tools-for-stm32.12.3.rel1.win32_1.1.0.202410251130/tools/bin/../lib/gcc/arm-none-eabi/12.3.1/../../../../arm-none-eabi/lib/thumb/v7-m/nofp\libc_nano.a(libc_a-sbrkr.o)
 .ARM.attributes
                0x000003ef       0x2d C:/ST/STM32CubeIDE_1.4.0/STM32CubeIDE/plugins/com.st.stm32cube.ide.mcu.externaltools.gnu-tools-for-stm32.12.3.rel1.win32_1.1.0.202410251130/tools/bin/../lib/gcc/arm-none-eabi/12.3.1/../../../../arm-none-eabi/lib/thumb/v7-m/nofp\libc_nano.a(libc_a-errno.o)
 .ARM.attributes
                0x0000041c       0x2d C:/ST/STM32CubeIDE_1.4.0/STM32CubeIDE/plugins/com.st.stm32cube.ide.mcu.externaltools.gnu-tools-for-stm32.12.3.rel1.win32_1.1.0.202410251130/tools/bin/../lib/gcc/arm-none-eabi/12.3.1/../../../../arm-none-eabi/lib/thumb/v7-m/nofp\libc_nano.a(libc_a-init.o)
 .ARM.attributes
                0x00000449       0x2d C:/ST/STM32CubeIDE_1.4.0/STM32CubeIDE/plugins/com.st.stm32cube.ide.mcu.externaltools.gnu-tools-for-stm32.12.3.rel1.win32_1.1.0.202410251130/tools/bin/../lib/gcc/arm-none-eabi/12.3.1/../../../../arm-none-eabi/lib/thumb/v7-m/nofp\libc_nano.a(libc_a-lock.o)
 .ARM.attributes
                0x00000476       0x2d C:/ST/STM32CubeIDE_1.4.0/STM32CubeIDE/plugins/com.st.stm32cube.ide.mcu.externaltools.gnu-tools-for-stm32.12.3.rel1.win32_1.1.0.202410251130/tools/bin/../lib/gcc/arm-none-eabi/12.3.1/../../../../arm-none-eabi/lib/thumb/v7-m/nofp\libc_nano.a(libc_a-memcpy-stub.o)
 .ARM.attributes
                0x000004a3       0x2d C:/ST/STM32CubeIDE_1.4.0/STM32CubeIDE/plugins/com.st.stm32cube.ide.mcu.externaltools.gnu-tools-for-stm32.12.3.rel1.win32_1.1.0.202410251130/tools/bin/../lib/gcc/arm-none-eabi/12.3.1/../../../../arm-none-eabi/lib/thumb/v7-m/nofp\libc_nano.a(libc_a-freer.o)
 .ARM.attributes
                0x000004d0       0x2d C:/ST/STM32CubeIDE_1.4.0/STM32CubeIDE/plugins/com.st.stm32cube.ide.mcu.externaltools.gnu-tools-for-stm32.12.3.rel1.win32_1.1.0.202410251130/tools/bin/../lib/gcc/arm-none-eabi/12.3.1/../../../../arm-none-eabi/lib/thumb/v7-m/nofp\libc_nano.a(libc_a-msizer.o)
 .ARM.attributes
                0x000004fd       0x2d C:/ST/STM32CubeIDE_1.4.0/STM32CubeIDE/plugins/com.st.stm32cube.ide.mcu.externaltools.gnu-tools-for-stm32.12.3.rel1.win32_1.1.0.202410251130/tools/bin/../lib/gcc/arm-none-eabi/12.3.1/../../../../arm-none-eabi/lib/thumb/v7-m/nofp\libc_nano.a(libc_a-nano-svfprintf.o)
 .ARM.attributes
                0x0000052a       0x2d C:/ST/STM32CubeIDE_1.4.0/STM32CubeIDE/plugins/com.st.stm32cube.ide.mcu.externaltools.gnu-tools-for-stm32.12.3.rel1.win32_1.1.0.202410251130/tools/bin/../lib/gcc/arm-none-eabi/12.3.1/../../../../arm-none-eabi/lib/thumb/v7-m/nofp\libc_nano.a(libc_a-nano-vfprintf_i.o)
 .ARM.attributes
                0x00000557       0x2d C:/ST/STM32CubeIDE_1.4.0/STM32CubeIDE/plugins/com.st.stm32cube.ide.mcu.externaltools.gnu-tools-for-stm32.12.3.rel1.win32_1.1.0.202410251130/tools/bin/../lib/gcc/arm-none-eabi/12.3.1/../../../../arm-none-eabi/lib/thumb/v7-m/nofp\libc_nano.a(libc_a-memmove.o)
 .ARM.attributes
                0x00000584       0x2d C:/ST/STM32CubeIDE_1.4.0/STM32CubeIDE/plugins/com.st.stm32cube.ide.mcu.externaltools.gnu-tools-for-stm32.12.3.rel1.win32_1.1.0.202410251130/tools/bin/../lib/gcc/arm-none-eabi/12.3.1/../../../../arm-none-eabi/lib/thumb/v7-m/nofp\libc_nano.a(libc_a-memchr-stub.o)
 .ARM.attributes
                0x000005b1       0x1d C:/ST/STM32CubeIDE_1.4.0/STM32CubeIDE/plugins/com.st.stm32cube.ide.mcu.externaltools.gnu-tools-for-stm32.12.3.rel1.win32_1.1.0.202410251130/tools/bin/../lib/gcc/arm-none-eabi/12.3.1/thumb/v7-m/nofp/crtn.o
OUTPUT(HiringTask.elf elf32-littlearm)
LOAD linker stubs
LOAD C:/ST/STM32CubeIDE_1.4.0/STM32CubeIDE/plugins/com.st.stm32cube.ide.mcu.externaltools.gnu-tools-for-stm32.12.3.rel1.win32_1.1.0.202410251130/tools/bin/../lib/gcc/arm-none-eabi/12.3.1/../../../../arm-none-eabi/lib/thumb/v7-m/nofp\libc.a
LOAD C:/ST/STM32CubeIDE_1.4.0/STM32CubeIDE/plugins/com.st.stm32cube.ide.mcu.externaltools.gnu-tools-for-stm32.12.3.rel1.win32_1.1.0.202410251130/tools/bin/../lib/gcc/arm-none-eabi/12.3.1/../../../../arm-none-eabi/lib/thumb/v7-m/nofp\libm.a
LOAD C:/ST/STM32CubeIDE_1.4.0/STM32CubeIDE/plugins/com.st.stm32cube.ide.mcu.externaltools.gnu-tools-for-stm32.12.3.rel1.win32_1.1.0.202410251130/tools/bin/../lib/gcc/arm-none-eabi/12.3.1/thumb/v7-m/nofp\libgcc.a

.debug_info     0x00000000     0x2a2a
 .debug_info    0x00000000      0x3f7 ./HAL/LCD/LCD.o
 .debug_info    0x000003f7      0x273 ./HAL/LDR/LDR.o
 .debug_info    0x0000066a      0x28d ./HAL/LM35/LM35.o
 .debug_info    0x000008f7      0x3a7 ./MCAL/ADC/ADC.o
 .debug_info    0x00000c9e      0x45f ./MCAL/EXTI/EXTI.o
 .debug_info    0x000010fd      0x47a ./MCAL/GPIO/GPIO.o
 .debug_info    0x00001577      0x1fc ./MCAL/NVIC/NVIC.o
 .debug_info    0x00001773      0x43a ./MCAL/RCC/RCC.o
 .debug_info    0x00001bad      0x278 ./MCAL/SYSTICK/SYSTICK.o
 .debug_info    0x00001e25      0x587 ./MCAL/USART/USART.o
 .debug_info    0x000023ac      0x4e6 ./Src/main.o
 .debug_info    0x00002892      0x168 ./Src/sysmem.o
 .debug_info    0x000029fa       0x30 ./Startup/startup_stm32f103c8tx.o

.debug_abbrev   0x00000000     0x1012
 .debug_abbrev  0x00000000      0x1d1 ./HAL/LCD/LCD.o
 .debug_abbrev  0x000001d1      0x13a ./HAL/LDR/LDR.o
 .debug_abbrev  0x0000030b      0x14d ./HAL/LM35/LM35.o
 .debug_abbrev  0x00000458      0x125 ./MCAL/ADC/ADC.o
 .debug_abbrev  0x0000057d      0x13c ./MCAL/EXTI/EXTI.o
 .debug_abbrev  0x000006b9      0x144 ./MCAL/GPIO/GPIO.o
 .debug_abbrev  0x000007fd       0xcd ./MCAL/NVIC/NVIC.o
 .debug_abbrev  0x000008ca      0x151 ./MCAL/RCC/RCC.o
 .debug_abbrev  0x00000a1b      0x186 ./MCAL/SYSTICK/SYSTICK.o
 .debug_abbrev  0x00000ba1      0x234 ./MCAL/USART/USART.o
 .debug_abbrev  0x00000dd5      0x15d ./Src/main.o
 .debug_abbrev  0x00000f32       0xbc ./Src/sysmem.o
 .debug_abbrev  0x00000fee       0x24 ./Startup/startup_stm32f103c8tx.o

.debug_aranges  0x00000000      0x3b0
 .debug_aranges
                0x00000000       0x70 ./HAL/LCD/LCD.o
 .debug_aranges
                0x00000070       0x28 ./HAL/LDR/LDR.o
 .debug_aranges
                0x00000098       0x28 ./HAL/LM35/LM35.o
 .debug_aranges
                0x000000c0       0x28 ./MCAL/ADC/ADC.o
 .debug_aranges
                0x000000e8       0x70 ./MCAL/EXTI/EXTI.o
 .debug_aranges
                0x00000158       0x68 ./MCAL/GPIO/GPIO.o
 .debug_aranges
                0x000001c0       0x48 ./MCAL/NVIC/NVIC.o
 .debug_aranges
                0x00000208       0x70 ./MCAL/RCC/RCC.o
 .debug_aranges
                0x00000278       0x60 ./MCAL/SYSTICK/SYSTICK.o
 .debug_aranges
                0x000002d8       0x70 ./MCAL/USART/USART.o
 .debug_aranges
                0x00000348       0x20 ./Src/main.o
 .debug_aranges
                0x00000368       0x20 ./Src/sysmem.o
 .debug_aranges
                0x00000388       0x28 ./Startup/startup_stm32f103c8tx.o

.debug_rnglists
                0x00000000      0x296
 .debug_rnglists
                0x00000000       0x54 ./HAL/LCD/LCD.o
 .debug_rnglists
                0x00000054       0x19 ./HAL/LDR/LDR.o
 .debug_rnglists
                0x0000006d       0x19 ./HAL/LM35/LM35.o
 .debug_rnglists
                0x00000086       0x1a ./MCAL/ADC/ADC.o
 .debug_rnglists
                0x000000a0       0x52 ./MCAL/EXTI/EXTI.o
 .debug_rnglists
                0x000000f2       0x4c ./MCAL/GPIO/GPIO.o
 .debug_rnglists
                0x0000013e       0x31 ./MCAL/NVIC/NVIC.o
 .debug_rnglists
                0x0000016f       0x51 ./MCAL/RCC/RCC.o
 .debug_rnglists
                0x000001c0       0x44 ./MCAL/SYSTICK/SYSTICK.o
 .debug_rnglists
                0x00000204       0x52 ./MCAL/USART/USART.o
 .debug_rnglists
                0x00000256       0x14 ./Src/main.o
 .debug_rnglists
                0x0000026a       0x13 ./Src/sysmem.o
 .debug_rnglists
                0x0000027d       0x19 ./Startup/startup_stm32f103c8tx.o

.debug_macro    0x00000000     0x2ff5
 .debug_macro   0x00000000      0x183 ./HAL/LCD/LCD.o
 .debug_macro   0x00000183      0xaae ./HAL/LCD/LCD.o
 .debug_macro   0x00000c31       0x22 ./HAL/LCD/LCD.o
 .debug_macro   0x00000c53       0x5b ./HAL/LCD/LCD.o
 .debug_macro   0x00000cae       0x24 ./HAL/LCD/LCD.o
 .debug_macro   0x00000cd2       0x94 ./HAL/LCD/LCD.o
 .debug_macro   0x00000d66       0x43 ./HAL/LCD/LCD.o
 .debug_macro   0x00000da9       0x34 ./HAL/LCD/LCD.o
 .debug_macro   0x00000ddd       0x16 ./HAL/LCD/LCD.o
 .debug_macro   0x00000df3       0x57 ./HAL/LCD/LCD.o
 .debug_macro   0x00000e4a       0x9e ./HAL/LCD/LCD.o
 .debug_macro   0x00000ee8      0x369 ./HAL/LCD/LCD.o
 .debug_macro   0x00001251      0x10b ./HAL/LCD/LCD.o
 .debug_macro   0x0000135c       0x10 ./HAL/LCD/LCD.o
 .debug_macro   0x0000136c       0x16 ./HAL/LCD/LCD.o
 .debug_macro   0x00001382       0x43 ./HAL/LCD/LCD.o
 .debug_macro   0x000013c5       0x34 ./HAL/LCD/LCD.o
 .debug_macro   0x000013f9       0x10 ./HAL/LCD/LCD.o
 .debug_macro   0x00001409       0x58 ./HAL/LCD/LCD.o
 .debug_macro   0x00001461       0x8e ./HAL/LCD/LCD.o
 .debug_macro   0x000014ef       0x1c ./HAL/LCD/LCD.o
 .debug_macro   0x0000150b      0x177 ./HAL/LCD/LCD.o
 .debug_macro   0x00001682       0x16 ./HAL/LCD/LCD.o
 .debug_macro   0x00001698       0x16 ./HAL/LCD/LCD.o
 .debug_macro   0x000016ae      0x146 ./HAL/LCD/LCD.o
 .debug_macro   0x000017f4       0x22 ./HAL/LCD/LCD.o
 .debug_macro   0x00001816       0x16 ./HAL/LCD/LCD.o
 .debug_macro   0x0000182c       0x22 ./HAL/LCD/LCD.o
 .debug_macro   0x0000184e      0x234 ./HAL/LCD/LCD.o
 .debug_macro   0x00001a82       0xd6 ./HAL/LCD/LCD.o
 .debug_macro   0x00001b58       0x9a ./HAL/LCD/LCD.o
 .debug_macro   0x00001bf2       0x22 ./HAL/LCD/LCD.o
 .debug_macro   0x00001c14       0xdc ./HAL/LCD/LCD.o
 .debug_macro   0x00001cf0      0x17f ./HAL/LDR/LDR.o
 .debug_macro   0x00001e6f       0x10 ./HAL/LDR/LDR.o
 .debug_macro   0x00001e7f       0x10 ./HAL/LDR/LDR.o
 .debug_macro   0x00001e8f      0x17f ./HAL/LM35/LM35.o
 .debug_macro   0x0000200e       0x10 ./HAL/LM35/LM35.o
 .debug_macro   0x0000201e      0x182 ./MCAL/ADC/ADC.o
 .debug_macro   0x000021a0      0x170 ./MCAL/EXTI/EXTI.o
 .debug_macro   0x00002310      0x14e ./MCAL/GPIO/GPIO.o
 .debug_macro   0x0000245e      0x154 ./MCAL/NVIC/NVIC.o
 .debug_macro   0x000025b2      0x14e ./MCAL/RCC/RCC.o
 .debug_macro   0x00002700      0x161 ./MCAL/SYSTICK/SYSTICK.o
 .debug_macro   0x00002861      0x1d8 ./MCAL/USART/USART.o
 .debug_macro   0x00002a39      0x281 ./Src/main.o
 .debug_macro   0x00002cba       0xff ./Src/sysmem.o
 .debug_macro   0x00002db9      0x23c ./Src/sysmem.o

.debug_line     0x00000000     0x6052
 .debug_line    0x00000000      0x929 ./HAL/LCD/LCD.o
 .debug_line    0x00000929      0x66a ./HAL/LDR/LDR.o
 .debug_line    0x00000f93      0x67c ./HAL/LM35/LM35.o
 .debug_line    0x0000160f      0x726 ./MCAL/ADC/ADC.o
 .debug_line    0x00001d35      0x947 ./MCAL/EXTI/EXTI.o
 .debug_line    0x0000267c      0x88a ./MCAL/GPIO/GPIO.o
 .debug_line    0x00002f06      0x6e2 ./MCAL/NVIC/NVIC.o
 .debug_line    0x000035e8      0x85b ./MCAL/RCC/RCC.o
 .debug_line    0x00003e43      0x7bc ./MCAL/SYSTICK/SYSTICK.o
 .debug_line    0x000045ff      0x9cd ./MCAL/USART/USART.o
 .debug_line    0x00004fcc      0xa9c ./Src/main.o
 .debug_line    0x00005a68      0x56f ./Src/sysmem.o
 .debug_line    0x00005fd7       0x7b ./Startup/startup_stm32f103c8tx.o

.debug_str      0x00000000     0xb638
 .debug_str     0x00000000     0x7e91 ./HAL/LCD/LCD.o
                               0x7fbf (size before relaxing)
 .debug_str     0x00007e91      0x150 ./HAL/LDR/LDR.o
                               0x7c5d (size before relaxing)
 .debug_str     0x00007fe1       0x62 ./HAL/LM35/LM35.o
                               0x7c6f (size before relaxing)
 .debug_str     0x00008043       0xae ./MCAL/ADC/ADC.o
                               0x7d14 (size before relaxing)
 .debug_str     0x000080f1     0x1454 ./MCAL/EXTI/EXTI.o
                               0x8ea3 (size before relaxing)
 .debug_str     0x00009545      0x12a ./MCAL/GPIO/GPIO.o
                               0x7b74 (size before relaxing)
 .debug_str     0x0000966f       0xc6 ./MCAL/NVIC/NVIC.o
                               0x7ab6 (size before relaxing)
 .debug_str     0x00009735      0x247 ./MCAL/RCC/RCC.o
                               0x7ad5 (size before relaxing)
 .debug_str     0x0000997c       0xec ./MCAL/SYSTICK/SYSTICK.o
                               0x79b6 (size before relaxing)
 .debug_str     0x00009a68      0x797 ./MCAL/USART/USART.o
                               0x9627 (size before relaxing)
 .debug_str     0x0000a1ff      0x4b4 ./Src/main.o
                               0x9e2d (size before relaxing)
 .debug_str     0x0000a6b3      0xf46 ./Src/sysmem.o
                               0x606e (size before relaxing)
 .debug_str     0x0000b5f9       0x3f ./Startup/startup_stm32f103c8tx.o
                                 0x76 (size before relaxing)

.comment        0x00000000       0x43
 .comment       0x00000000       0x43 ./HAL/LCD/LCD.o
                                 0x44 (size before relaxing)
 .comment       0x00000043       0x44 ./HAL/LDR/LDR.o
 .comment       0x00000043       0x44 ./HAL/LM35/LM35.o
 .comment       0x00000043       0x44 ./MCAL/ADC/ADC.o
 .comment       0x00000043       0x44 ./MCAL/EXTI/EXTI.o
 .comment       0x00000043       0x44 ./MCAL/GPIO/GPIO.o
 .comment       0x00000043       0x44 ./MCAL/NVIC/NVIC.o
 .comment       0x00000043       0x44 ./MCAL/RCC/RCC.o
 .comment       0x00000043       0x44 ./MCAL/SYSTICK/SYSTICK.o
 .comment       0x00000043       0x44 ./MCAL/USART/USART.o
 .comment       0x00000043       0x44 ./Src/main.o
 .comment       0x00000043       0x44 ./Src/sysmem.o

.debug_frame    0x00000000     0x110c
 .debug_frame   0x00000000      0x184 ./HAL/LCD/LCD.o
 .debug_frame   0x00000184       0x58 ./HAL/LDR/LDR.o
 .debug_frame   0x000001dc       0x58 ./HAL/LM35/LM35.o
 .debug_frame   0x00000234       0x5c ./MCAL/ADC/ADC.o
 .debug_frame   0x00000290      0x15c ./MCAL/EXTI/EXTI.o
 .debug_frame   0x000003ec      0x19c ./MCAL/GPIO/GPIO.o
 .debug_frame   0x00000588      0x100 ./MCAL/NVIC/NVIC.o
 .debug_frame   0x00000688      0x1a8 ./MCAL/RCC/RCC.o
 .debug_frame   0x00000830      0x158 ./MCAL/SYSTICK/SYSTICK.o
 .debug_frame   0x00000988      0x194 ./MCAL/USART/USART.o
 .debug_frame   0x00000b1c       0x30 ./Src/main.o
 .debug_frame   0x00000b4c       0x34 ./Src/sysmem.o
 .debug_frame   0x00000b80       0x50 C:/ST/STM32CubeIDE_1.4.0/STM32CubeIDE/plugins/com.st.stm32cube.ide.mcu.externaltools.gnu-tools-for-stm32.12.3.rel1.win32_1.1.0.202410251130/tools/bin/../lib/gcc/arm-none-eabi/12.3.1/../../../../arm-none-eabi/lib/thumb/v7-m/nofp\libc_nano.a(libc_a-mallocr.o)
 .debug_frame   0x00000bd0       0x30 C:/ST/STM32CubeIDE_1.4.0/STM32CubeIDE/plugins/com.st.stm32cube.ide.mcu.externaltools.gnu-tools-for-stm32.12.3.rel1.win32_1.1.0.202410251130/tools/bin/../lib/gcc/arm-none-eabi/12.3.1/../../../../arm-none-eabi/lib/thumb/v7-m/nofp\libc_nano.a(libc_a-mlock.o)
 .debug_frame   0x00000c00       0x3c C:/ST/STM32CubeIDE_1.4.0/STM32CubeIDE/plugins/com.st.stm32cube.ide.mcu.externaltools.gnu-tools-for-stm32.12.3.rel1.win32_1.1.0.202410251130/tools/bin/../lib/gcc/arm-none-eabi/12.3.1/../../../../arm-none-eabi/lib/thumb/v7-m/nofp\libc_nano.a(libc_a-reallocr.o)
 .debug_frame   0x00000c3c      0x144 C:/ST/STM32CubeIDE_1.4.0/STM32CubeIDE/plugins/com.st.stm32cube.ide.mcu.externaltools.gnu-tools-for-stm32.12.3.rel1.win32_1.1.0.202410251130/tools/bin/../lib/gcc/arm-none-eabi/12.3.1/../../../../arm-none-eabi/lib/thumb/v7-m/nofp\libc_nano.a(libc_a-findfp.o)
 .debug_frame   0x00000d80       0x6c C:/ST/STM32CubeIDE_1.4.0/STM32CubeIDE/plugins/com.st.stm32cube.ide.mcu.externaltools.gnu-tools-for-stm32.12.3.rel1.win32_1.1.0.202410251130/tools/bin/../lib/gcc/arm-none-eabi/12.3.1/../../../../arm-none-eabi/lib/thumb/v7-m/nofp\libc_nano.a(libc_a-sprintf.o)
 .debug_frame   0x00000dec       0x38 C:/ST/STM32CubeIDE_1.4.0/STM32CubeIDE/plugins/com.st.stm32cube.ide.mcu.externaltools.gnu-tools-for-stm32.12.3.rel1.win32_1.1.0.202410251130/tools/bin/../lib/gcc/arm-none-eabi/12.3.1/../../../../arm-none-eabi/lib/thumb/v7-m/nofp\libc_nano.a(libc_a-reent.o)
 .debug_frame   0x00000e24       0x2c C:/ST/STM32CubeIDE_1.4.0/STM32CubeIDE/plugins/com.st.stm32cube.ide.mcu.externaltools.gnu-tools-for-stm32.12.3.rel1.win32_1.1.0.202410251130/tools/bin/../lib/gcc/arm-none-eabi/12.3.1/../../../../arm-none-eabi/lib/thumb/v7-m/nofp\libc_nano.a(libc_a-sbrkr.o)
 .debug_frame   0x00000e50       0x20 C:/ST/STM32CubeIDE_1.4.0/STM32CubeIDE/plugins/com.st.stm32cube.ide.mcu.externaltools.gnu-tools-for-stm32.12.3.rel1.win32_1.1.0.202410251130/tools/bin/../lib/gcc/arm-none-eabi/12.3.1/../../../../arm-none-eabi/lib/thumb/v7-m/nofp\libc_nano.a(libc_a-errno.o)
 .debug_frame   0x00000e70       0x2c C:/ST/STM32CubeIDE_1.4.0/STM32CubeIDE/plugins/com.st.stm32cube.ide.mcu.externaltools.gnu-tools-for-stm32.12.3.rel1.win32_1.1.0.202410251130/tools/bin/../lib/gcc/arm-none-eabi/12.3.1/../../../../arm-none-eabi/lib/thumb/v7-m/nofp\libc_nano.a(libc_a-init.o)
 .debug_frame   0x00000e9c       0xb0 C:/ST/STM32CubeIDE_1.4.0/STM32CubeIDE/plugins/com.st.stm32cube.ide.mcu.externaltools.gnu-tools-for-stm32.12.3.rel1.win32_1.1.0.202410251130/tools/bin/../lib/gcc/arm-none-eabi/12.3.1/../../../../arm-none-eabi/lib/thumb/v7-m/nofp\libc_nano.a(libc_a-lock.o)
 .debug_frame   0x00000f4c       0x28 C:/ST/STM32CubeIDE_1.4.0/STM32CubeIDE/plugins/com.st.stm32cube.ide.mcu.externaltools.gnu-tools-for-stm32.12.3.rel1.win32_1.1.0.202410251130/tools/bin/../lib/gcc/arm-none-eabi/12.3.1/../../../../arm-none-eabi/lib/thumb/v7-m/nofp\libc_nano.a(libc_a-memcpy-stub.o)
 .debug_frame   0x00000f74       0x38 C:/ST/STM32CubeIDE_1.4.0/STM32CubeIDE/plugins/com.st.stm32cube.ide.mcu.externaltools.gnu-tools-for-stm32.12.3.rel1.win32_1.1.0.202410251130/tools/bin/../lib/gcc/arm-none-eabi/12.3.1/../../../../arm-none-eabi/lib/thumb/v7-m/nofp\libc_nano.a(libc_a-freer.o)
 .debug_frame   0x00000fac       0x20 C:/ST/STM32CubeIDE_1.4.0/STM32CubeIDE/plugins/com.st.stm32cube.ide.mcu.externaltools.gnu-tools-for-stm32.12.3.rel1.win32_1.1.0.202410251130/tools/bin/../lib/gcc/arm-none-eabi/12.3.1/../../../../arm-none-eabi/lib/thumb/v7-m/nofp\libc_nano.a(libc_a-msizer.o)
 .debug_frame   0x00000fcc       0x90 C:/ST/STM32CubeIDE_1.4.0/STM32CubeIDE/plugins/com.st.stm32cube.ide.mcu.externaltools.gnu-tools-for-stm32.12.3.rel1.win32_1.1.0.202410251130/tools/bin/../lib/gcc/arm-none-eabi/12.3.1/../../../../arm-none-eabi/lib/thumb/v7-m/nofp\libc_nano.a(libc_a-nano-svfprintf.o)
 .debug_frame   0x0000105c       0x60 C:/ST/STM32CubeIDE_1.4.0/STM32CubeIDE/plugins/com.st.stm32cube.ide.mcu.externaltools.gnu-tools-for-stm32.12.3.rel1.win32_1.1.0.202410251130/tools/bin/../lib/gcc/arm-none-eabi/12.3.1/../../../../arm-none-eabi/lib/thumb/v7-m/nofp\libc_nano.a(libc_a-nano-vfprintf_i.o)
 .debug_frame   0x000010bc       0x28 C:/ST/STM32CubeIDE_1.4.0/STM32CubeIDE/plugins/com.st.stm32cube.ide.mcu.externaltools.gnu-tools-for-stm32.12.3.rel1.win32_1.1.0.202410251130/tools/bin/../lib/gcc/arm-none-eabi/12.3.1/../../../../arm-none-eabi/lib/thumb/v7-m/nofp\libc_nano.a(libc_a-memmove.o)
 .debug_frame   0x000010e4       0x28 C:/ST/STM32CubeIDE_1.4.0/STM32CubeIDE/plugins/com.st.stm32cube.ide.mcu.externaltools.gnu-tools-for-stm32.12.3.rel1.win32_1.1.0.202410251130/tools/bin/../lib/gcc/arm-none-eabi/12.3.1/../../../../arm-none-eabi/lib/thumb/v7-m/nofp\libc_nano.a(libc_a-memchr-stub.o)

.debug_line_str
                0x00000000       0x5a
 .debug_line_str
                0x00000000       0x5a ./Startup/startup_stm32f103c8tx.o
